Archive member included to satisfy reference by file (symbol)

c:/vsarm/armcc/bin/../lib/gcc/arm-none-eabi/9.3.1/../../../../arm-none-eabi/lib/thumb/v7e-m+fp/hard\libstdc++_nano.a(atexit_arm.o)
                              Build/robo_init.o (__aeabi_atexit)
c:/vsarm/armcc/bin/../lib/gcc/arm-none-eabi/9.3.1/../../../../arm-none-eabi/lib/thumb/v7e-m+fp/hard\libc_nano.a(lib_a-cxa_atexit.o)
                              c:/vsarm/armcc/bin/../lib/gcc/arm-none-eabi/9.3.1/../../../../arm-none-eabi/lib/thumb/v7e-m+fp/hard\libstdc++_nano.a(atexit_arm.o) (__cxa_atexit)
c:/vsarm/armcc/bin/../lib/gcc/arm-none-eabi/9.3.1/../../../../arm-none-eabi/lib/thumb/v7e-m+fp/hard\libc_nano.a(lib_a-exit.o)
                              c:/vsarm/armcc/bin/../lib/gcc/arm-none-eabi/9.3.1/../../../../arm-none-eabi/lib/thumb/v7e-m+fp/hard/crt0.o (exit)
c:/vsarm/armcc/bin/../lib/gcc/arm-none-eabi/9.3.1/../../../../arm-none-eabi/lib/thumb/v7e-m+fp/hard\libc_nano.a(lib_a-impure.o)
                              c:/vsarm/armcc/bin/../lib/gcc/arm-none-eabi/9.3.1/../../../../arm-none-eabi/lib/thumb/v7e-m+fp/hard\libc_nano.a(lib_a-exit.o) (_global_impure_ptr)
c:/vsarm/armcc/bin/../lib/gcc/arm-none-eabi/9.3.1/../../../../arm-none-eabi/lib/thumb/v7e-m+fp/hard\libc_nano.a(lib_a-init.o)
                              c:/vsarm/armcc/bin/../lib/gcc/arm-none-eabi/9.3.1/../../../../arm-none-eabi/lib/thumb/v7e-m+fp/hard/crt0.o (__libc_init_array)
c:/vsarm/armcc/bin/../lib/gcc/arm-none-eabi/9.3.1/../../../../arm-none-eabi/lib/thumb/v7e-m+fp/hard\libc_nano.a(lib_a-memset.o)
                              c:/vsarm/armcc/bin/../lib/gcc/arm-none-eabi/9.3.1/../../../../arm-none-eabi/lib/thumb/v7e-m+fp/hard/crt0.o (memset)
c:/vsarm/armcc/bin/../lib/gcc/arm-none-eabi/9.3.1/../../../../arm-none-eabi/lib/thumb/v7e-m+fp/hard\libc_nano.a(lib_a-nano-vfprintf_float.o)
                              (_printf_float)
c:/vsarm/armcc/bin/../lib/gcc/arm-none-eabi/9.3.1/../../../../arm-none-eabi/lib/thumb/v7e-m+fp/hard\libc_nano.a(lib_a-nano-vfprintf_i.o)
                              c:/vsarm/armcc/bin/../lib/gcc/arm-none-eabi/9.3.1/../../../../arm-none-eabi/lib/thumb/v7e-m+fp/hard\libc_nano.a(lib_a-nano-vfprintf_float.o) (_printf_common)
c:/vsarm/armcc/bin/../lib/gcc/arm-none-eabi/9.3.1/../../../../arm-none-eabi/lib/thumb/v7e-m+fp/hard\libc_nano.a(lib_a-on_exit_args.o)
                              c:/vsarm/armcc/bin/../lib/gcc/arm-none-eabi/9.3.1/../../../../arm-none-eabi/lib/thumb/v7e-m+fp/hard\libc_nano.a(lib_a-cxa_atexit.o) (__on_exit_args)
c:/vsarm/armcc/bin/../lib/gcc/arm-none-eabi/9.3.1/../../../../arm-none-eabi/lib/thumb/v7e-m+fp/hard\libc_nano.a(lib_a-printf.o)
                              Build/actuator.o (printf)
c:/vsarm/armcc/bin/../lib/gcc/arm-none-eabi/9.3.1/../../../../arm-none-eabi/lib/thumb/v7e-m+fp/hard\libc_nano.a(lib_a-strlen.o)
                              c:/vsarm/armcc/bin/../lib/gcc/arm-none-eabi/9.3.1/../../../../arm-none-eabi/lib/thumb/v7e-m+fp/hard\libc_nano.a(lib_a-nano-vfprintf_float.o) (strlen)
c:/vsarm/armcc/bin/../lib/gcc/arm-none-eabi/9.3.1/../../../../arm-none-eabi/lib/thumb/v7e-m+fp/hard\libc_nano.a(lib_a-dtoa.o)
                              c:/vsarm/armcc/bin/../lib/gcc/arm-none-eabi/9.3.1/../../../../arm-none-eabi/lib/thumb/v7e-m+fp/hard\libc_nano.a(lib_a-nano-vfprintf_float.o) (_dtoa_r)
c:/vsarm/armcc/bin/../lib/gcc/arm-none-eabi/9.3.1/../../../../arm-none-eabi/lib/thumb/v7e-m+fp/hard\libc_nano.a(lib_a-findfp.o)
                              c:/vsarm/armcc/bin/../lib/gcc/arm-none-eabi/9.3.1/../../../../arm-none-eabi/lib/thumb/v7e-m+fp/hard\libc_nano.a(lib_a-printf.o) (__sinit)
c:/vsarm/armcc/bin/../lib/gcc/arm-none-eabi/9.3.1/../../../../arm-none-eabi/lib/thumb/v7e-m+fp/hard\libc_nano.a(lib_a-fwalk.o)
                              c:/vsarm/armcc/bin/../lib/gcc/arm-none-eabi/9.3.1/../../../../arm-none-eabi/lib/thumb/v7e-m+fp/hard\libc_nano.a(lib_a-findfp.o) (_fwalk)
c:/vsarm/armcc/bin/../lib/gcc/arm-none-eabi/9.3.1/../../../../arm-none-eabi/lib/thumb/v7e-m+fp/hard\libc_nano.a(lib_a-localeconv.o)
                              c:/vsarm/armcc/bin/../lib/gcc/arm-none-eabi/9.3.1/../../../../arm-none-eabi/lib/thumb/v7e-m+fp/hard\libc_nano.a(lib_a-nano-vfprintf_float.o) (_localeconv_r)
c:/vsarm/armcc/bin/../lib/gcc/arm-none-eabi/9.3.1/../../../../arm-none-eabi/lib/thumb/v7e-m+fp/hard\libc_nano.a(lib_a-lock.o)
                              c:/vsarm/armcc/bin/../lib/gcc/arm-none-eabi/9.3.1/../../../../arm-none-eabi/lib/thumb/v7e-m+fp/hard\libc_nano.a(lib_a-findfp.o) (__retarget_lock_init_recursive)
c:/vsarm/armcc/bin/../lib/gcc/arm-none-eabi/9.3.1/../../../../arm-none-eabi/lib/thumb/v7e-m+fp/hard\libc_nano.a(lib_a-malloc.o)
                              c:/vsarm/armcc/bin/../lib/gcc/arm-none-eabi/9.3.1/../../../../arm-none-eabi/lib/thumb/v7e-m+fp/hard\libc_nano.a(lib_a-dtoa.o) (malloc)
c:/vsarm/armcc/bin/../lib/gcc/arm-none-eabi/9.3.1/../../../../arm-none-eabi/lib/thumb/v7e-m+fp/hard\libc_nano.a(lib_a-memchr.o)
[...]
Memory Configuration

Name             Origin             Length             Attributes
RAM              0x20000000         0x00020000         xrw
CCMRAM           0x10000000         0x00010000         rw
FLASH            0x08000000         0x00100000         xr
*default*        0x00000000         0xffffffff

Linker script and memory map

LOAD c:/vsarm/armcc/bin/../lib/gcc/arm-none-eabi/9.3.1/thumb/v7e-m+fp/hard/crti.o
LOAD c:/vsarm/armcc/bin/../lib/gcc/arm-none-eabi/9.3.1/thumb/v7e-m+fp/hard/crtbegin.o
LOAD c:/vsarm/armcc/bin/../lib/gcc/arm-none-eabi/9.3.1/../../../../arm-none-eabi/lib/thumb/v7e-m+fp/hard/crt0.o
LOAD Build/printf_config.o
LOAD Build/gpio.o
LOAD Build/tim.o
LOAD Build/usart.o
LOAD Build/stm32f4xx_it.o
LOAD Build/stm32f4xx_hal_msp.o
LOAD Build/stm32f4xx_hal_tim.o
LOAD Build/stm32f4xx_hal_tim_ex.o
LOAD Build/stm32f4xx_hal_uart.o
LOAD Build/stm32f4xx_hal_rcc.o
LOAD Build/stm32f4xx_hal_rcc_ex.o
LOAD Build/stm32f4xx_hal_flash.o
LOAD Build/stm32f4xx_hal_flash_ex.o
LOAD Build/stm32f4xx_hal_flash_ramfunc.o
LOAD Build/stm32f4xx_hal_gpio.o
LOAD Build/stm32f4xx_hal_dma_ex.o
LOAD Build/stm32f4xx_hal_dma.o
LOAD Build/stm32f4xx_hal_pwr.o
LOAD Build/stm32f4xx_hal_pwr_ex.o
LOAD Build/stm32f4xx_hal_cortex.o
LOAD Build/stm32f4xx_hal.o
LOAD Build/stm32f4xx_hal_exti.o
LOAD Build/system_stm32f4xx.o
LOAD Build/startup_stm32f407xx.o
LOAD Build/actuator.o
LOAD Build/motor.o
LOAD Build/robo_init.o
LOAD Build/encoder.o
LOAD Build/main.o
LOAD c:/vsarm/armcc/bin/../lib/gcc/arm-none-eabi/9.3.1/../../../../arm-none-eabi/lib/thumb/v7e-m+fp/hard\libnosys.a
LOAD c:/vsarm/armcc/bin/../lib/gcc/arm-none-eabi/9.3.1/../../../../arm-none-eabi/lib/thumb/v7e-m+fp/hard\libstdc++_nano.a
LOAD c:/vsarm/armcc/bin/../lib/gcc/arm-none-eabi/9.3.1/../../../../arm-none-eabi/lib/thumb/v7e-m+fp/hard\libm.a
LOAD c:/vsarm/armcc/bin/../lib/gcc/arm-none-eabi/9.3.1/../../../../arm-none-eabi/lib/thumb/v7e-m+fp/hard\libc_nano.a
START GROUP
LOAD c:/vsarm/armcc/bin/../lib/gcc/arm-none-eabi/9.3.1/thumb/v7e-m+fp/hard\libgcc.a
LOAD c:/vsarm/armcc/bin/../lib/gcc/arm-none-eabi/9.3.1/../../../../arm-none-eabi/lib/thumb/v7e-m+fp/hard\libc_nano.a
END GROUP
START GROUP
LOAD c:/vsarm/armcc/bin/../lib/gcc/arm-none-eabi/9.3.1/thumb/v7e-m+fp/hard\libgcc.a
LOAD c:/vsarm/armcc/bin/../lib/gcc/arm-none-eabi/9.3.1/../../../../arm-none-eabi/lib/thumb/v7e-m+fp/hard\libc_nano.a
LOAD c:/vsarm/armcc/bin/../lib/gcc/arm-none-eabi/9.3.1/../../../../arm-none-eabi/lib/thumb/v7e-m+fp/hard\libnosys.a
END GROUP
START GROUP
LOAD c:/vsarm/armcc/bin/../lib/gcc/arm-none-eabi/9.3.1/thumb/v7e-m+fp/hard\libgcc.a
LOAD c:/vsarm/armcc/bin/../lib/gcc/arm-none-eabi/9.3.1/../../../../arm-none-eabi/lib/thumb/v7e-m+fp/hard\libc_nano.a
LOAD c:/vsarm/armcc/bin/../lib/gcc/arm-none-eabi/9.3.1/../../../../arm-none-eabi/lib/thumb/v7e-m+fp/hard\libnosys.a
END GROUP
LOAD c:/vsarm/armcc/bin/../lib/gcc/arm-none-eabi/9.3.1/thumb/v7e-m+fp/hard/crtend.o
LOAD c:/vsarm/armcc/bin/../lib/gcc/arm-none-eabi/9.3.1/thumb/v7e-m+fp/hard/crtn.o
                0x20020000                _estack = 0x20020000
                0x00000200                _Min_Heap_Size = 0x200
                0x00000400                _Min_Stack_Size = 0x400

.isr_vector     0x08000000      0x188
                0x08000000                . = ALIGN (0x4)
 *(.isr_vector)
 .isr_vector    0x08000000      0x188 Build/startup_stm32f407xx.o
                0x08000000                g_pfnVectors
                0x08000188                . = ALIGN (0x4)

.text           0x08000190     0x609c
                0x08000190                . = ALIGN (0x4)
 *(.text)
 .text          0x08000190       0x40 c:/vsarm/armcc/bin/../lib/gcc/arm-none-eabi/9.3.1/thumb/v7e-m+fp/hard/crtbegin.o
 .text          0x080001d0       0x10 c:/vsarm/armcc/bin/../lib/gcc/arm-none-eabi/9.3.1/../../../../arm-none-eabi/lib/thumb/v7e-m+fp/hard\libc_nano.a(lib_a-strlen.o)
                0x080001d0                strlen
 .text          0x080001e0       0xa0 c:/vsarm/armcc/bin/../lib/gcc/arm-none-eabi/9.3.1/../../../../arm-none-eabi/lib/thumb/v7e-m+fp/hard\libc_nano.a(lib_a-memchr.o)
                0x080001e0                memchr
 .text          0x08000280      0x378 c:/vsarm/armcc/bin/../lib/gcc/arm-none-eabi/9.3.1/thumb/v7e-m+fp/hard\libgcc.a(_arm_addsubdf3.o)
                0x08000280                __aeabi_drsub
                0x08000288                __aeabi_dsub
                0x08000288                __subdf3
                0x0800028c                __aeabi_dadd
                0x0800028c                __adddf3
                0x08000504                __floatunsidf
                0x08000504                __aeabi_ui2d
                0x08000524                __floatsidf
                0x08000524                __aeabi_i2d
                0x08000548                __aeabi_f2d
                0x08000548                __extendsfdf2
                0x0800058c                __floatundidf
                0x0800058c                __aeabi_ul2d
                0x0800059c                __floatdidf
                0x0800059c                __aeabi_l2d
 .text          0x080005f8      0x424 c:/vsarm/armcc/bin/../lib/gcc/arm-none-eabi/9.3.1/thumb/v7e-m+fp/hard\libgcc.a(_arm_muldivdf3.o)
                0x080005f8                __aeabi_dmul
                0x080005f8                __muldf3
                0x0800084c                __divdf3
                0x0800084c                __aeabi_ddiv
 .text          0x08000a1c      0x110 c:/vsarm/armcc/bin/../lib/gcc/arm-none-eabi/9.3.1/thumb/v7e-m+fp/hard\libgcc.a(_arm_cmpdf2.o)
                0x08000a1c                __gtdf2
                0x08000a1c                __gedf2
                0x08000a24                __ltdf2
                0x08000a24                __ledf2
                0x08000a2c                __nedf2
                0x08000a2c                __eqdf2
                0x08000a2c                __cmpdf2
                0x08000aa8                __aeabi_cdrcmple
                0x08000ab8                __aeabi_cdcmpeq
                0x08000ab8                __aeabi_cdcmple
                0x08000ac8                __aeabi_dcmpeq
                0x08000adc                __aeabi_dcmplt
                0x08000af0                __aeabi_dcmple
                0x08000b04                __aeabi_dcmpge
                0x08000b18                __aeabi_dcmpgt
 .text          0x08000b2c       0x2c c:/vsarm/armcc/bin/../lib/gcc/arm-none-eabi/9.3.1/thumb/v7e-m+fp/hard\libgcc.a(_arm_unorddf2.o)
                0x08000b2c                __unorddf2
                0x08000b2c                __aeabi_dcmpun
 .text          0x08000b58       0x50 c:/vsarm/armcc/bin/../lib/gcc/arm-none-eabi/9.3.1/thumb/v7e-m+fp/hard\libgcc.a(_arm_fixdfsi.o)
                0x08000b58                __aeabi_d2iz
                0x08000b58                __fixdfsi
 .text          0x08000ba8       0x40 c:/vsarm/armcc/bin/../lib/gcc/arm-none-eabi/9.3.1/thumb/v7e-m+fp/hard\libgcc.a(_arm_fixunsdfsi.o)
                0x08000ba8                __aeabi_d2uiz
                0x08000ba8                __fixunsdfsi
 .text          0x08000be8       0x30 c:/vsarm/armcc/bin/../lib/gcc/arm-none-eabi/9.3.1/thumb/v7e-m+fp/hard\libgcc.a(_aeabi_uldivmod.o)
                0x08000be8                __aeabi_uldivmod
 .text          0x08000c18      0x2c4 c:/vsarm/armcc/bin/../lib/gcc/arm-none-eabi/9.3.1/thumb/v7e-m+fp/hard\libgcc.a(_udivmoddi4.o)
                0x08000c18                __udivmoddi4
 .text          0x08000edc        0x4 c:/vsarm/armcc/bin/../lib/gcc/arm-none-eabi/9.3.1/thumb/v7e-m+fp/hard\libgcc.a(_dvmd_tls.o)
                0x08000edc                __aeabi_idiv0
                0x08000edc                __aeabi_ldiv0
 *(.text*)
 .text.ITM_SendString
                0x08000ee0       0x4c Build/printf_config.o
                0x08000ee0                ITM_SendString
 .text._write   0x08000f2c        0xc Build/printf_config.o
                0x08000f2c                _write
 .text.MX_GPIO_Init
                0x08000f38      0x150 Build/gpio.o
                0x08000f38                MX_GPIO_Init
 .text.MX_TIM1_Init
                0x08001088       0x68 Build/tim.o
                0x08001088                MX_TIM1_Init
 .text.MX_TIM2_Init
                0x080010f0       0x64 Build/tim.o
                0x080010f0                MX_TIM2_Init
 .text.MX_TIM3_Init
                0x08001154       0x68 Build/tim.o
                0x08001154                MX_TIM3_Init
 .text.MX_TIM4_Init
                0x080011bc       0x68 Build/tim.o
                0x080011bc                MX_TIM4_Init
 .text.HAL_TIM_Encoder_MspInit
                0x08001224      0x230 Build/tim.o
                0x08001224                HAL_TIM_Encoder_MspInit
 .text.HAL_TIM_PWM_MspInit
                0x08001454       0x40 Build/tim.o
                0x08001454                HAL_TIM_PWM_MspInit
 .text.HAL_TIM_MspPostInit
                0x08001494       0x60 Build/tim.o
                0x08001494                HAL_TIM_MspPostInit
 .text.MX_TIM8_Init
                0x080014f4       0xf0 Build/tim.o
                0x080014f4                MX_TIM8_Init
 .text.MX_UART4_Init
                0x080015e4       0x34 Build/usart.o
                0x080015e4                MX_UART4_Init
 .text.MX_USART2_UART_Init
                0x08001618       0x34 Build/usart.o
                0x08001618                MX_USART2_UART_Init
 .text.HAL_UART_MspInit
                0x0800164c       0xdc Build/usart.o
                0x0800164c                HAL_UART_MspInit
 .text.NMI_Handler
                0x08001728        0x2 Build/stm32f4xx_it.o
                0x08001728                NMI_Handler
 .text.HardFault_Handler
                0x0800172a        0x2 Build/stm32f4xx_it.o
                0x0800172a                HardFault_Handler
 .text.MemManage_Handler
                0x0800172c        0x2 Build/stm32f4xx_it.o
                0x0800172c                MemManage_Handler
 .text.BusFault_Handler
                0x0800172e        0x2 Build/stm32f4xx_it.o
                0x0800172e                BusFault_Handler
 .text.UsageFault_Handler
                0x08001730        0x2 Build/stm32f4xx_it.o
                0x08001730                UsageFault_Handler
 .text.SVC_Handler
                0x08001732        0x2 Build/stm32f4xx_it.o
                0x08001732                SVC_Handler
 .text.DebugMon_Handler
                0x08001734        0x2 Build/stm32f4xx_it.o
                0x08001734                DebugMon_Handler
 .text.PendSV_Handler
                0x08001736        0x2 Build/stm32f4xx_it.o
                0x08001736                PendSV_Handler
 .text.SysTick_Handler
                0x08001738        0x8 Build/stm32f4xx_it.o
                0x08001738                SysTick_Handler
 .text.TIM1_BRK_TIM9_IRQHandler
                0x08001740       0x10 Build/stm32f4xx_it.o
                0x08001740                TIM1_BRK_TIM9_IRQHandler
 .text.TIM1_UP_TIM10_IRQHandler
                0x08001750       0x10 Build/stm32f4xx_it.o
                0x08001750                TIM1_UP_TIM10_IRQHandler
 .text.TIM1_TRG_COM_TIM11_IRQHandler
                0x08001760       0x10 Build/stm32f4xx_it.o
                0x08001760                TIM1_TRG_COM_TIM11_IRQHandler
 .text.TIM1_CC_IRQHandler
                0x08001770       0x10 Build/stm32f4xx_it.o
                0x08001770                TIM1_CC_IRQHandler
 .text.TIM2_IRQHandler
                0x08001780       0x10 Build/stm32f4xx_it.o
                0x08001780                TIM2_IRQHandler
 .text.TIM3_IRQHandler
                0x08001790       0x10 Build/stm32f4xx_it.o
                0x08001790                TIM3_IRQHandler
 .text.TIM4_IRQHandler
                0x080017a0       0x10 Build/stm32f4xx_it.o
                0x080017a0                TIM4_IRQHandler
 .text.USART2_IRQHandler
                0x080017b0       0x10 Build/stm32f4xx_it.o
                0x080017b0                USART2_IRQHandler
 .text.TIM8_UP_TIM13_IRQHandler
                0x080017c0       0x10 Build/stm32f4xx_it.o
                0x080017c0                TIM8_UP_TIM13_IRQHandler
 .text.HAL_MspInit
                0x080017d0       0x40 Build/stm32f4xx_hal_msp.o
                0x080017d0                HAL_MspInit
 .text.TIM_OC1_SetConfig
                0x08001810       0x68 Build/stm32f4xx_hal_tim.o
 .text.TIM_OC3_SetConfig
                0x08001878       0x70 Build/stm32f4xx_hal_tim.o
 .text.TIM_OC4_SetConfig
                0x080018e8       0x50 Build/stm32f4xx_hal_tim.o
 .text.HAL_TIM_Base_Start
                0x08001938       0x24 Build/stm32f4xx_hal_tim.o
                0x08001938                HAL_TIM_Base_Start
 .text.HAL_TIM_PeriodElapsedCallback
                0x0800195c        0x2 Build/stm32f4xx_hal_tim.o
                0x0800195c                HAL_TIM_PeriodElapsedCallback
 .text.HAL_TIM_OC_DelayElapsedCallback
                0x0800195e        0x2 Build/stm32f4xx_hal_tim.o
                0x0800195e                HAL_TIM_OC_DelayElapsedCallback
 .text.HAL_TIM_IC_CaptureCallback
                0x08001960        0x2 Build/stm32f4xx_hal_tim.o
                0x08001960                HAL_TIM_IC_CaptureCallback
 .text.HAL_TIM_PWM_PulseFinishedCallback
                0x08001962        0x2 Build/stm32f4xx_hal_tim.o
                0x08001962                HAL_TIM_PWM_PulseFinishedCallback
 .text.HAL_TIM_TriggerCallback
                0x08001964        0x2 Build/stm32f4xx_hal_tim.o
                0x08001964                HAL_TIM_TriggerCallback
 .text.HAL_TIM_IRQHandler
                0x08001966      0x17a Build/stm32f4xx_hal_tim.o
                0x08001966                HAL_TIM_IRQHandler
 .text.TIM_Base_SetConfig
                0x08001ae0       0xc8 Build/stm32f4xx_hal_tim.o
                0x08001ae0                TIM_Base_SetConfig
 .text.HAL_TIM_PWM_Init
                0x08001ba8       0x34 Build/stm32f4xx_hal_tim.o
                0x08001ba8                HAL_TIM_PWM_Init
 .text.HAL_TIM_Encoder_Init
                0x08001bdc       0x9c Build/stm32f4xx_hal_tim.o
                0x08001bdc                HAL_TIM_Encoder_Init
 .text.TIM_OC2_SetConfig
                0x08001c78       0x70 Build/stm32f4xx_hal_tim.o
                0x08001c78                TIM_OC2_SetConfig
 .text.HAL_TIM_PWM_ConfigChannel
                0x08001ce8       0xdc Build/stm32f4xx_hal_tim.o
                0x08001ce8                HAL_TIM_PWM_ConfigChannel
 .text.TIM_CCxChannelCmd
                0x08001dc4       0x24 Build/stm32f4xx_hal_tim.o
                0x08001dc4                TIM_CCxChannelCmd
 .text.HAL_TIM_PWM_Start
                0x08001de8       0x40 Build/stm32f4xx_hal_tim.o
                0x08001de8                HAL_TIM_PWM_Start
 .text.HAL_TIM_Encoder_Start
                0x08001e28       0x44 Build/stm32f4xx_hal_tim.o
                0x08001e28                HAL_TIM_Encoder_Start
 .text.HAL_TIMEx_MasterConfigSynchronization
                0x08001e6c       0x46 Build/stm32f4xx_hal_tim_ex.o
                0x08001e6c                HAL_TIMEx_MasterConfigSynchronization
 .text.HAL_TIMEx_ConfigBreakDeadTime
                0x08001eb2       0x52 Build/stm32f4xx_hal_tim_ex.o
                0x08001eb2                HAL_TIMEx_ConfigBreakDeadTime
 .text.HAL_TIMEx_CommutCallback
                0x08001f04        0x2 Build/stm32f4xx_hal_tim_ex.o
                0x08001f04                HAL_TIMEx_CommutCallback
 .text.HAL_TIMEx_BreakCallback
                0x08001f06        0x2 Build/stm32f4xx_hal_tim_ex.o
                0x08001f06                HAL_TIMEx_BreakCallback
 .text.UART_EndRxTransfer
                0x08001f08       0x1c Build/stm32f4xx_hal_uart.o
 .text.UART_Transmit_IT
                0x08001f24       0x66 Build/stm32f4xx_hal_uart.o
 *fill*         0x08001f8a        0x2 
 .text.UART_SetConfig
                0x08001f8c      0x334 Build/stm32f4xx_hal_uart.o
 .text.UART_WaitOnFlagUntilTimeout
                0x080022c0       0x68 Build/stm32f4xx_hal_uart.o
 .text.HAL_UART_Init
                0x08002328       0x5e Build/stm32f4xx_hal_uart.o
                0x08002328                HAL_UART_Init
 .text.HAL_UART_Receive
                0x08002386       0xe6 Build/stm32f4xx_hal_uart.o
                0x08002386                HAL_UART_Receive
 .text.HAL_UART_TxCpltCallback
                0x0800246c        0x2 Build/stm32f4xx_hal_uart.o
                0x0800246c                HAL_UART_TxCpltCallback
 .text.UART_EndTransmit_IT
                0x0800246e       0x1a Build/stm32f4xx_hal_uart.o
 .text.HAL_UART_RxCpltCallback
                0x08002488        0x2 Build/stm32f4xx_hal_uart.o
                0x08002488                HAL_UART_RxCpltCallback
 .text.UART_Receive_IT
                0x0800248a       0x9e Build/stm32f4xx_hal_uart.o
 .text.HAL_UART_ErrorCallback
                0x08002528        0x2 Build/stm32f4xx_hal_uart.o
                0x08002528                HAL_UART_ErrorCallback
 *fill*         0x0800252a        0x2 
 .text.HAL_UART_IRQHandler
                0x0800252c      0x120 Build/stm32f4xx_hal_uart.o
                0x0800252c                HAL_UART_IRQHandler
 .text.UART_DMAAbortOnError
                0x0800264c       0x10 Build/stm32f4xx_hal_uart.o
 .text.HAL_RCC_OscConfig
                0x0800265c      0x398 Build/stm32f4xx_hal_rcc.o
                0x0800265c                HAL_RCC_OscConfig
 .text.HAL_RCC_GetSysClockFreq
                0x080029f4       0xcc Build/stm32f4xx_hal_rcc.o
                0x080029f4                HAL_RCC_GetSysClockFreq
 .text.HAL_RCC_ClockConfig
                0x08002ac0      0x15c Build/stm32f4xx_hal_rcc.o
                0x08002ac0                HAL_RCC_ClockConfig
 .text.HAL_RCC_GetHCLKFreq
                0x08002c1c        0xc Build/stm32f4xx_hal_rcc.o
                0x08002c1c                HAL_RCC_GetHCLKFreq
 .text.HAL_RCC_GetPCLK1Freq
                0x08002c28       0x20 Build/stm32f4xx_hal_rcc.o
                0x08002c28                HAL_RCC_GetPCLK1Freq
 .text.HAL_RCC_GetPCLK2Freq
                0x08002c48       0x20 Build/stm32f4xx_hal_rcc.o
                0x08002c48                HAL_RCC_GetPCLK2Freq
 .text.HAL_GPIO_Init
                0x08002c68      0x1cc Build/stm32f4xx_hal_gpio.o
                0x08002c68                HAL_GPIO_Init
 .text.HAL_GPIO_WritePin
                0x08002e34        0xc Build/stm32f4xx_hal_gpio.o
                0x08002e34                HAL_GPIO_WritePin
 .text.HAL_DMA_Abort_IT
                0x08002e40       0x26 Build/stm32f4xx_hal_dma.o
                0x08002e40                HAL_DMA_Abort_IT
 *fill*         0x08002e66        0x2 
 .text.HAL_NVIC_SetPriorityGrouping
                0x08002e68       0x24 Build/stm32f4xx_hal_cortex.o
                0x08002e68                HAL_NVIC_SetPriorityGrouping
 .text.HAL_NVIC_SetPriority
                0x08002e8c       0x68 Build/stm32f4xx_hal_cortex.o
                0x08002e8c                HAL_NVIC_SetPriority
 .text.HAL_NVIC_EnableIRQ
                0x08002ef4       0x1c Build/stm32f4xx_hal_cortex.o
                0x08002ef4                HAL_NVIC_EnableIRQ
 .text.HAL_SYSTICK_Config
                0x08002f10       0x2c Build/stm32f4xx_hal_cortex.o
                0x08002f10                HAL_SYSTICK_Config
 .text.HAL_InitTick
                0x08002f3c       0x4c Build/stm32f4xx_hal.o
                0x08002f3c                HAL_InitTick
 .text.HAL_Init
                0x08002f88       0x34 Build/stm32f4xx_hal.o
                0x08002f88                HAL_Init
 .text.HAL_IncTick
                0x08002fbc       0x18 Build/stm32f4xx_hal.o
                0x08002fbc                HAL_IncTick
 .text.HAL_GetTick
                0x08002fd4        0xc Build/stm32f4xx_hal.o
                0x08002fd4                HAL_GetTick
 .text.SystemInit
                0x08002fe0       0x4c Build/system_stm32f4xx.o
                0x08002fe0                SystemInit
 .text.Reset_Handler
                0x0800302c       0x50 Build/startup_stm32f407xx.o
                0x0800302c                Reset_Handler
 .text.Default_Handler
                0x0800307c        0x2 Build/startup_stm32f407xx.o
                0x0800307c                RTC_Alarm_IRQHandler
                0x0800307c                HASH_RNG_IRQHandler
                0x0800307c                EXTI2_IRQHandler
                0x0800307c                TIM8_CC_IRQHandler
                0x0800307c                DMA2_Stream5_IRQHandler
                0x0800307c                DMA1_Stream5_IRQHandler
                0x0800307c                PVD_IRQHandler
                0x0800307c                SDIO_IRQHandler
                0x0800307c                TAMP_STAMP_IRQHandler
                0x0800307c                CAN2_RX1_IRQHandler
                0x0800307c                EXTI3_IRQHandler
                0x0800307c                TIM8_TRG_COM_TIM14_IRQHandler
                0x0800307c                I2C3_ER_IRQHandler
                0x0800307c                EXTI0_IRQHandler
                0x0800307c                I2C2_EV_IRQHandler
                0x0800307c                DMA1_Stream2_IRQHandler
                0x0800307c                CAN1_RX0_IRQHandler
                0x0800307c                FPU_IRQHandler
                0x0800307c                OTG_HS_WKUP_IRQHandler
                0x0800307c                CAN2_SCE_IRQHandler
                0x0800307c                DMA2_Stream2_IRQHandler
                0x0800307c                SPI1_IRQHandler
                0x0800307c                TIM6_DAC_IRQHandler
                0x0800307c                DCMI_IRQHandler
                0x0800307c                CAN2_RX0_IRQHandler
                0x0800307c                DMA2_Stream3_IRQHandler
                0x0800307c                USART6_IRQHandler
                0x0800307c                USART3_IRQHandler
                0x0800307c                CAN1_RX1_IRQHandler
                0x0800307c                UART5_IRQHandler
                0x0800307c                DMA2_Stream0_IRQHandler
                0x0800307c                I2C1_EV_IRQHandler
                0x0800307c                DMA1_Stream6_IRQHandler
                0x0800307c                DMA1_Stream1_IRQHandler
                0x0800307c                UART4_IRQHandler
                0x0800307c                RCC_IRQHandler
                0x0800307c                TIM8_BRK_TIM12_IRQHandler
                0x0800307c                Default_Handler
                0x0800307c                EXTI15_10_IRQHandler
                0x0800307c                ADC_IRQHandler
                0x0800307c                DMA1_Stream7_IRQHandler
                0x0800307c                TIM7_IRQHandler
                0x0800307c                CAN2_TX_IRQHandler
                0x0800307c                TIM5_IRQHandler
                0x0800307c                DMA2_Stream7_IRQHandler
                0x0800307c                I2C3_EV_IRQHandler
                0x0800307c                EXTI9_5_IRQHandler
                0x0800307c                RTC_WKUP_IRQHandler
                0x0800307c                ETH_WKUP_IRQHandler
                0x0800307c                SPI2_IRQHandler
                0x0800307c                OTG_HS_EP1_IN_IRQHandler
                0x0800307c                DMA1_Stream0_IRQHandler
                0x0800307c                CAN1_TX_IRQHandler
                0x0800307c                EXTI4_IRQHandler
                0x0800307c                FSMC_IRQHandler
                0x0800307c                ETH_IRQHandler
                0x0800307c                OTG_HS_EP1_OUT_IRQHandler
                0x0800307c                WWDG_IRQHandler
                0x0800307c                OTG_FS_WKUP_IRQHandler
                0x0800307c                OTG_HS_IRQHandler
                0x0800307c                EXTI1_IRQHandler
                0x0800307c                I2C2_ER_IRQHandler
                0x0800307c                DMA2_Stream1_IRQHandler
                0x0800307c                CAN1_SCE_IRQHandler
                0x0800307c                FLASH_IRQHandler
                0x0800307c                DMA2_Stream4_IRQHandler
                0x0800307c                USART1_IRQHandler
                0x0800307c                OTG_FS_IRQHandler
                0x0800307c                SPI3_IRQHandler
                0x0800307c                DMA1_Stream4_IRQHandler
                0x0800307c                I2C1_ER_IRQHandler
                0x0800307c                DMA2_Stream6_IRQHandler
                0x0800307c                DMA1_Stream3_IRQHandler
 *fill*         0x0800307e        0x2 
 .text._Z41__static_initialization_and_destruction_0ii
                0x08003080       0x20 Build/actuator.o
 .text._Z24calculate_wheel_velocityv
                0x080030a0       0xb4 Build/actuator.o
                0x080030a0                calculate_wheel_velocity()
 .text._Z4playv
                0x08003154      0x174 Build/actuator.o
                0x08003154                play()
 .text._GLOBAL__sub_I_velocity
                0x080032c8        0xe Build/actuator.o
 *fill*         0x080032d6        0x2 
 .text._ZL11time_periodt
                0x080032d8       0x14 Build/motor.o
 .text._ZL21set_DutyCycle_PrimaryP17TIM_HandleTypeDefmt
                0x080032ec       0x50 Build/motor.o
 .text._ZL13set_DutyCycleP12motor_configt
                0x0800333c        0xe Build/motor.o
 *fill*         0x0800334a        0x6 
 .text._ZL14set_motorOmegaP12motor_configf
                0x08003350       0x48 Build/motor.o
 .text._ZL18set_motorDirectionP12motor_config9Direction
                0x08003398       0x4c Build/motor.o
 .text._ZN5motor9set_omegaEf
                0x080033e4       0x84 Build/motor.o
                0x080033e4                motor::set_omega(float)
 .text.__tcf_0  0x08003468       0x18 Build/robo_init.o
 .text._ZL10motor_initv
                0x08003480       0xdc Build/robo_init.o
 .text._Z41__static_initialization_and_destruction_0ii
                0x0800355c       0x3c Build/robo_init.o
 .text._Z9robo_initv
                0x08003598        0xc Build/robo_init.o
                0x08003598                robo_init()
 .text._GLOBAL__sub_I_motor
                0x080035a4        0xe Build/robo_init.o
 *fill*         0x080035b2        0x2 
 .text.__tcf_0  0x080035b4       0x18 Build/encoder.o
 .text._Z41__static_initialization_and_destruction_0ii
                0x080035cc       0x40 Build/encoder.o
 .text._Z12encoder_initv
                0x0800360c       0x48 Build/encoder.o
                0x0800360c                encoder_init()
 .text._GLOBAL__sub_I__Z12encoder_initv
                0x08003654        0xe Build/encoder.o
 *fill*         0x08003662        0x2 
 .text._Z18SystemClock_Configv
                0x08003664       0x98 Build/main.o
                0x08003664                SystemClock_Config()
 .text.main     0x080036fc       0x34 Build/main.o
                0x080036fc                main
 .text.Error_Handler
                0x08003730        0x2 Build/main.o
                0x08003730                Error_Handler
 .text.__aeabi_atexit
                0x08003732        0xa c:/vsarm/armcc/bin/../lib/gcc/arm-none-eabi/9.3.1/../../../../arm-none-eabi/lib/thumb/v7e-m+fp/hard\libstdc++_nano.a(atexit_arm.o)
                0x08003732                __aeabi_atexit
 .text.__cxa_atexit
                0x0800373c       0x1c c:/vsarm/armcc/bin/../lib/gcc/arm-none-eabi/9.3.1/../../../../arm-none-eabi/lib/thumb/v7e-m+fp/hard\libc_nano.a(lib_a-cxa_atexit.o)
                0x0800373c                __cxa_atexit
 .text.__libc_init_array
                0x08003758       0x48 c:/vsarm/armcc/bin/../lib/gcc/arm-none-eabi/9.3.1/../../../../arm-none-eabi/lib/thumb/v7e-m+fp/hard\libc_nano.a(lib_a-init.o)
                0x08003758                __libc_init_array
 .text.memset   0x080037a0       0x10 c:/vsarm/armcc/bin/../lib/gcc/arm-none-eabi/9.3.1/../../../../arm-none-eabi/lib/thumb/v7e-m+fp/hard\libc_nano.a(lib_a-memset.o)
                0x080037a0                memset
 .text.__cvt    0x080037b0       0xc4 c:/vsarm/armcc/bin/../lib/gcc/arm-none-eabi/9.3.1/../../../../arm-none-eabi/lib/thumb/v7e-m+fp/hard\libc_nano.a(lib_a-nano-vfprintf_float.o)
                0x080037b0                __cvt
 .text.__exponent
                0x08003874       0x7c c:/vsarm/armcc/bin/../lib/gcc/arm-none-eabi/9.3.1/../../../../arm-none-eabi/lib/thumb/v7e-m+fp/hard\libc_nano.a(lib_a-nano-vfprintf_float.o)
                0x08003874                __exponent
 .text._printf_float
                0x080038f0      0x46c c:/vsarm/armcc/bin/../lib/gcc/arm-none-eabi/9.3.1/../../../../arm-none-eabi/lib/thumb/v7e-m+fp/hard\libc_nano.a(lib_a-nano-vfprintf_float.o)
                0x080038f0                _printf_float
 .text._printf_common
                0x08003d5c       0xda c:/vsarm/armcc/bin/../lib/gcc/arm-none-eabi/9.3.1/../../../../arm-none-eabi/lib/thumb/v7e-m+fp/hard\libc_nano.a(lib_a-nano-vfprintf_i.o)
                0x08003d5c                _printf_common
 *fill*         0x08003e36        0x2 
 .text._printf_i
                0x08003e38      0x24c c:/vsarm/armcc/bin/../lib/gcc/arm-none-eabi/9.3.1/../../../../arm-none-eabi/lib/thumb/v7e-m+fp/hard\libc_nano.a(lib_a-nano-vfprintf_i.o)
                0x08003e38                _printf_i
 .text.printf   0x08004084       0x30 c:/vsarm/armcc/bin/../lib/gcc/arm-none-eabi/9.3.1/../../../../arm-none-eabi/lib/thumb/v7e-m+fp/hard\libc_nano.a(lib_a-printf.o)
                0x08004084                iprintf
                0x08004084                printf
 .text.quorem   0x080040b4      0x116 c:/vsarm/armcc/bin/../lib/gcc/arm-none-eabi/9.3.1/../../../../arm-none-eabi/lib/thumb/v7e-m+fp/hard\libc_nano.a(lib_a-dtoa.o)
 *fill*         0x080041ca        0x6 
 .text._dtoa_r  0x080041d0      0xbd8 c:/vsarm/armcc/bin/../lib/gcc/arm-none-eabi/9.3.1/../../../../arm-none-eabi/lib/thumb/v7e-m+fp/hard\libc_nano.a(lib_a-dtoa.o)
                0x080041d0                _dtoa_r
 .text.std      0x08004da8       0x48 c:/vsarm/armcc/bin/../lib/gcc/arm-none-eabi/9.3.1/../../../../arm-none-eabi/lib/thumb/v7e-m+fp/hard\libc_nano.a(lib_a-findfp.o)
 .text._cleanup_r
                0x08004df0        0xc c:/vsarm/armcc/bin/../lib/gcc/arm-none-eabi/9.3.1/../../../../arm-none-eabi/lib/thumb/v7e-m+fp/hard\libc_nano.a(lib_a-findfp.o)
                0x08004df0                _cleanup_r
 .text.__sfmoreglue
                0x08004dfc       0x2c c:/vsarm/armcc/bin/../lib/gcc/arm-none-eabi/9.3.1/../../../../arm-none-eabi/lib/thumb/v7e-m+fp/hard\libc_nano.a(lib_a-findfp.o)
                0x08004dfc                __sfmoreglue
 .text.__sfp_lock_acquire
                0x08004e28        0xc c:/vsarm/armcc/bin/../lib/gcc/arm-none-eabi/9.3.1/../../../../arm-none-eabi/lib/thumb/v7e-m+fp/hard\libc_nano.a(lib_a-findfp.o)
                0x08004e28                __sfp_lock_acquire
 .text.__sfp_lock_release
                0x08004e34        0xc c:/vsarm/armcc/bin/../lib/gcc/arm-none-eabi/9.3.1/../../../../arm-none-eabi/lib/thumb/v7e-m+fp/hard\libc_nano.a(lib_a-findfp.o)
                0x08004e34                __sfp_lock_release
 .text.__sinit_lock_acquire
                0x08004e40        0xc c:/vsarm/armcc/bin/../lib/gcc/arm-none-eabi/9.3.1/../../../../arm-none-eabi/lib/thumb/v7e-m+fp/hard\libc_nano.a(lib_a-findfp.o)
                0x08004e40                __sinit_lock_acquire
 .text.__sinit_lock_release
                0x08004e4c        0xc c:/vsarm/armcc/bin/../lib/gcc/arm-none-eabi/9.3.1/../../../../arm-none-eabi/lib/thumb/v7e-m+fp/hard\libc_nano.a(lib_a-findfp.o)
                0x08004e4c                __sinit_lock_release
 .text.__sinit  0x08004e58       0x70 c:/vsarm/armcc/bin/../lib/gcc/arm-none-eabi/9.3.1/../../../../arm-none-eabi/lib/thumb/v7e-m+fp/hard\libc_nano.a(lib_a-findfp.o)
                0x08004e58                __sinit
 .text.__sfp    0x08004ec8       0x8c c:/vsarm/armcc/bin/../lib/gcc/arm-none-eabi/9.3.1/../../../../arm-none-eabi/lib/thumb/v7e-m+fp/hard\libc_nano.a(lib_a-findfp.o)
                0x08004ec8                __sfp
 .text._fwalk_reent
                0x08004f54       0x3e c:/vsarm/armcc/bin/../lib/gcc/arm-none-eabi/9.3.1/../../../../arm-none-eabi/lib/thumb/v7e-m+fp/hard\libc_nano.a(lib_a-fwalk.o)
                0x08004f54                _fwalk_reent
 *fill*         0x08004f92        0x2 
 .text._localeconv_r
                0x08004f94        0x8 c:/vsarm/armcc/bin/../lib/gcc/arm-none-eabi/9.3.1/../../../../arm-none-eabi/lib/thumb/v7e-m+fp/hard\libc_nano.a(lib_a-localeconv.o)
                0x08004f94                _localeconv_r
 .text.__retarget_lock_init_recursive
                0x08004f9c        0x2 c:/vsarm/armcc/bin/../lib/gcc/arm-none-eabi/9.3.1/../../../../arm-none-eabi/lib/thumb/v7e-m+fp/hard\libc_nano.a(lib_a-lock.o)
                0x08004f9c                __retarget_lock_init_recursive
 .text.__retarget_lock_acquire_recursive
                0x08004f9e        0x2 c:/vsarm/armcc/bin/../lib/gcc/arm-none-eabi/9.3.1/../../../../arm-none-eabi/lib/thumb/v7e-m+fp/hard\libc_nano.a(lib_a-lock.o)
                0x08004f9e                __retarget_lock_acquire_recursive
 .text.__retarget_lock_release_recursive
                0x08004fa0        0x2 c:/vsarm/armcc/bin/../lib/gcc/arm-none-eabi/9.3.1/../../../../arm-none-eabi/lib/thumb/v7e-m+fp/hard\libc_nano.a(lib_a-lock.o)
                0x08004fa0                __retarget_lock_release_recursive
 *fill*         0x08004fa2        0x2 
 .text.malloc   0x08004fa4       0x10 c:/vsarm/armcc/bin/../lib/gcc/arm-none-eabi/9.3.1/../../../../arm-none-eabi/lib/thumb/v7e-m+fp/hard\libc_nano.a(lib_a-malloc.o)
                0x08004fa4                malloc
 .text.memcpy   0x08004fb4       0x1c c:/vsarm/armcc/bin/../lib/gcc/arm-none-eabi/9.3.1/../../../../arm-none-eabi/lib/thumb/v7e-m+fp/hard\libc_nano.a(lib_a-memcpy-stub.o)
                0x08004fb4                memcpy
 .text._Balloc  0x08004fd0       0x80 c:/vsarm/armcc/bin/../lib/gcc/arm-none-eabi/9.3.1/../../../../arm-none-eabi/lib/thumb/v7e-m+fp/hard\libc_nano.a(lib_a-mprec.o)
                0x08004fd0                _Balloc
 .text._Bfree   0x08005050       0x44 c:/vsarm/armcc/bin/../lib/gcc/arm-none-eabi/9.3.1/../../../../arm-none-eabi/lib/thumb/v7e-m+fp/hard\libc_nano.a(lib_a-mprec.o)
                0x08005050                _Bfree
 .text.__multadd
                0x08005094       0x94 c:/vsarm/armcc/bin/../lib/gcc/arm-none-eabi/9.3.1/../../../../arm-none-eabi/lib/thumb/v7e-m+fp/hard\libc_nano.a(lib_a-mprec.o)
                0x08005094                __multadd
 .text.__hi0bits
                0x08005128       0x40 c:/vsarm/armcc/bin/../lib/gcc/arm-none-eabi/9.3.1/../../../../arm-none-eabi/lib/thumb/v7e-m+fp/hard\libc_nano.a(lib_a-mprec.o)
                0x08005128                __hi0bits
 .text.__lo0bits
                0x08005168       0x60 c:/vsarm/armcc/bin/../lib/gcc/arm-none-eabi/9.3.1/../../../../arm-none-eabi/lib/thumb/v7e-m+fp/hard\libc_nano.a(lib_a-mprec.o)
                0x08005168                __lo0bits
 .text.__i2b    0x080051c8       0x2c c:/vsarm/armcc/bin/../lib/gcc/arm-none-eabi/9.3.1/../../../../arm-none-eabi/lib/thumb/v7e-m+fp/hard\libc_nano.a(lib_a-mprec.o)
                0x080051c8                __i2b
 .text.__multiply
                0x080051f4      0x14c c:/vsarm/armcc/bin/../lib/gcc/arm-none-eabi/9.3.1/../../../../arm-none-eabi/lib/thumb/v7e-m+fp/hard\libc_nano.a(lib_a-mprec.o)
                0x080051f4                __multiply
 .text.__pow5mult
                0x08005340       0xb4 c:/vsarm/armcc/bin/../lib/gcc/arm-none-eabi/9.3.1/../../../../arm-none-eabi/lib/thumb/v7e-m+fp/hard\libc_nano.a(lib_a-mprec.o)
                0x08005340                __pow5mult
 .text.__lshift
                0x080053f4       0xd8 c:/vsarm/armcc/bin/../lib/gcc/arm-none-eabi/9.3.1/../../../../arm-none-eabi/lib/thumb/v7e-m+fp/hard\libc_nano.a(lib_a-mprec.o)
                0x080053f4                __lshift
 .text.__mcmp   0x080054cc       0x38 c:/vsarm/armcc/bin/../lib/gcc/arm-none-eabi/9.3.1/../../../../arm-none-eabi/lib/thumb/v7e-m+fp/hard\libc_nano.a(lib_a-mprec.o)
                0x080054cc                __mcmp
 .text.__mdiff  0x08005504      0x110 c:/vsarm/armcc/bin/../lib/gcc/arm-none-eabi/9.3.1/../../../../arm-none-eabi/lib/thumb/v7e-m+fp/hard\libc_nano.a(lib_a-mprec.o)
                0x08005504                __mdiff
 .text.__d2b    0x08005614       0xb8 c:/vsarm/armcc/bin/../lib/gcc/arm-none-eabi/9.3.1/../../../../arm-none-eabi/lib/thumb/v7e-m+fp/hard\libc_nano.a(lib_a-mprec.o)
                0x08005614                __d2b
 .text._calloc_r
                0x080056cc       0x1e c:/vsarm/armcc/bin/../lib/gcc/arm-none-eabi/9.3.1/../../../../arm-none-eabi/lib/thumb/v7e-m+fp/hard\libc_nano.a(lib_a-nano-callocr.o)
                0x080056cc                _calloc_r
 *fill*         0x080056ea        0x2 
 .text._free_r  0x080056ec       0xa0 c:/vsarm/armcc/bin/../lib/gcc/arm-none-eabi/9.3.1/../../../../arm-none-eabi/lib/thumb/v7e-m+fp/hard\libc_nano.a(lib_a-nano-freer.o)
                0x080056ec                _free_r
 .text._malloc_r
                0x0800578c       0xb4 c:/vsarm/armcc/bin/../lib/gcc/arm-none-eabi/9.3.1/../../../../arm-none-eabi/lib/thumb/v7e-m+fp/hard\libc_nano.a(lib_a-nano-mallocr.o)
                0x0800578c                _malloc_r
 .text.__sfputc_r
                0x08005840       0x2e c:/vsarm/armcc/bin/../lib/gcc/arm-none-eabi/9.3.1/../../../../arm-none-eabi/lib/thumb/v7e-m+fp/hard\libc_nano.a(lib_a-nano-vfprintf.o)
 .text.__sfputs_r
                0x0800586e       0x24 c:/vsarm/armcc/bin/../lib/gcc/arm-none-eabi/9.3.1/../../../../arm-none-eabi/lib/thumb/v7e-m+fp/hard\libc_nano.a(lib_a-nano-vfprintf.o)
                0x0800586e                __sfputs_r
 *fill*         0x08005892        0x2 
 .text._vfprintf_r
                0x08005894      0x260 c:/vsarm/armcc/bin/../lib/gcc/arm-none-eabi/9.3.1/../../../../arm-none-eabi/lib/thumb/v7e-m+fp/hard\libc_nano.a(lib_a-nano-vfprintf.o)
                0x08005894                _vfprintf_r
                0x08005894                _vfiprintf_r
 .text._sbrk_r  0x08005af4       0x20 c:/vsarm/armcc/bin/../lib/gcc/arm-none-eabi/9.3.1/../../../../arm-none-eabi/lib/thumb/v7e-m+fp/hard\libc_nano.a(lib_a-sbrkr.o)
                0x08005af4                _sbrk_r
 .text.__sread  0x08005b14       0x22 c:/vsarm/armcc/bin/../lib/gcc/arm-none-eabi/9.3.1/../../../../arm-none-eabi/lib/thumb/v7e-m+fp/hard\libc_nano.a(lib_a-stdio.o)
                0x08005b14                __sread
 .text.__swrite
                0x08005b36       0x38 c:/vsarm/armcc/bin/../lib/gcc/arm-none-eabi/9.3.1/../../../../arm-none-eabi/lib/thumb/v7e-m+fp/hard\libc_nano.a(lib_a-stdio.o)
                0x08005b36                __swrite
 .text.__sseek  0x08005b6e       0x24 c:/vsarm/armcc/bin/../lib/gcc/arm-none-eabi/9.3.1/../../../../arm-none-eabi/lib/thumb/v7e-m+fp/hard\libc_nano.a(lib_a-stdio.o)
                0x08005b6e                __sseek
 .text.__sclose
                0x08005b92        0x8 c:/vsarm/armcc/bin/../lib/gcc/arm-none-eabi/9.3.1/../../../../arm-none-eabi/lib/thumb/v7e-m+fp/hard\libc_nano.a(lib_a-stdio.o)
                0x08005b92                __sclose
 *fill*         0x08005b9a        0x2 
 .text.__swbuf_r
                0x08005b9c       0xa4 c:/vsarm/armcc/bin/../lib/gcc/arm-none-eabi/9.3.1/../../../../arm-none-eabi/lib/thumb/v7e-m+fp/hard\libc_nano.a(lib_a-wbuf.o)
                0x08005b9c                __swbuf_r
 .text._write_r
                0x08005c40       0x24 c:/vsarm/armcc/bin/../lib/gcc/arm-none-eabi/9.3.1/../../../../arm-none-eabi/lib/thumb/v7e-m+fp/hard\libc_nano.a(lib_a-writer.o)
                0x08005c40                _write_r
 .text.__swsetup_r
                0x08005c64       0xdc c:/vsarm/armcc/bin/../lib/gcc/arm-none-eabi/9.3.1/../../../../arm-none-eabi/lib/thumb/v7e-m+fp/hard\libc_nano.a(lib_a-wsetup.o)
                0x08005c64                __swsetup_r
 .text.__assert_func
                0x08005d40       0x3c c:/vsarm/armcc/bin/../lib/gcc/arm-none-eabi/9.3.1/../../../../arm-none-eabi/lib/thumb/v7e-m+fp/hard\libc_nano.a(lib_a-assert.o)
                0x08005d40                __assert_func
 .text._close_r
                0x08005d7c       0x20 c:/vsarm/armcc/bin/../lib/gcc/arm-none-eabi/9.3.1/../../../../arm-none-eabi/lib/thumb/v7e-m+fp/hard\libc_nano.a(lib_a-closer.o)
                0x08005d7c                _close_r
 .text.__sflush_r
                0x08005d9c      0x10c c:/vsarm/armcc/bin/../lib/gcc/arm-none-eabi/9.3.1/../../../../arm-none-eabi/lib/thumb/v7e-m+fp/hard\libc_nano.a(lib_a-fflush.o)
                0x08005d9c                __sflush_r
 .text._fflush_r
                0x08005ea8       0x78 c:/vsarm/armcc/bin/../lib/gcc/arm-none-eabi/9.3.1/../../../../arm-none-eabi/lib/thumb/v7e-m+fp/hard\libc_nano.a(lib_a-fflush.o)
                0x08005ea8                _fflush_r
 .text.fprintf  0x08005f20       0x24 c:/vsarm/armcc/bin/../lib/gcc/arm-none-eabi/9.3.1/../../../../arm-none-eabi/lib/thumb/v7e-m+fp/hard\libc_nano.a(lib_a-fprintf.o)
                0x08005f20                fiprintf
                0x08005f20                fprintf
 .text._lseek_r
                0x08005f44       0x24 c:/vsarm/armcc/bin/../lib/gcc/arm-none-eabi/9.3.1/../../../../arm-none-eabi/lib/thumb/v7e-m+fp/hard\libc_nano.a(lib_a-lseekr.o)
                0x08005f44                _lseek_r
 .text.__swhatbuf_r
                0x08005f68       0x48 c:/vsarm/armcc/bin/../lib/gcc/arm-none-eabi/9.3.1/../../../../arm-none-eabi/lib/thumb/v7e-m+fp/hard\libc_nano.a(lib_a-makebuf.o)
                0x08005f68                __swhatbuf_r
 .text.__smakebuf_r
                0x08005fb0       0x80 c:/vsarm/armcc/bin/../lib/gcc/arm-none-eabi/9.3.1/../../../../arm-none-eabi/lib/thumb/v7e-m+fp/hard\libc_nano.a(lib_a-makebuf.o)
                0x08005fb0                __smakebuf_r
 .text.__ascii_mbtowc
                0x08006030       0x24 c:/vsarm/armcc/bin/../lib/gcc/arm-none-eabi/9.3.1/../../../../arm-none-eabi/lib/thumb/v7e-m+fp/hard\libc_nano.a(lib_a-mbtowc_r.o)
                0x08006030                __ascii_mbtowc
 .text.__malloc_lock
                0x08006054        0xc c:/vsarm/armcc/bin/../lib/gcc/arm-none-eabi/9.3.1/../../../../arm-none-eabi/lib/thumb/v7e-m+fp/hard\libc_nano.a(lib_a-mlock.o)
                0x08006054                __malloc_lock
 .text.__malloc_unlock
                0x08006060        0xc c:/vsarm/armcc/bin/../lib/gcc/arm-none-eabi/9.3.1/../../../../arm-none-eabi/lib/thumb/v7e-m+fp/hard\libc_nano.a(lib_a-mlock.o)
                0x08006060                __malloc_unlock
 .text._read_r  0x0800606c       0x24 c:/vsarm/armcc/bin/../lib/gcc/arm-none-eabi/9.3.1/../../../../arm-none-eabi/lib/thumb/v7e-m+fp/hard\libc_nano.a(lib_a-readr.o)
                0x0800606c                _read_r
 .text.__ascii_wctomb
                0x08006090       0x1a c:/vsarm/armcc/bin/../lib/gcc/arm-none-eabi/9.3.1/../../../../arm-none-eabi/lib/thumb/v7e-m+fp/hard\libc_nano.a(lib_a-wctomb_r.o)
                0x08006090                __ascii_wctomb
 .text.abort    0x080060aa        0xe c:/vsarm/armcc/bin/../lib/gcc/arm-none-eabi/9.3.1/../../../../arm-none-eabi/lib/thumb/v7e-m+fp/hard\libc_nano.a(lib_a-abort.o)
                0x080060aa                abort
 .text._fstat_r
                0x080060b8       0x24 c:/vsarm/armcc/bin/../lib/gcc/arm-none-eabi/9.3.1/../../../../arm-none-eabi/lib/thumb/v7e-m+fp/hard\libc_nano.a(lib_a-fstatr.o)
                0x080060b8                _fstat_r
 .text._isatty_r
                0x080060dc       0x20 c:/vsarm/armcc/bin/../lib/gcc/arm-none-eabi/9.3.1/../../../../arm-none-eabi/lib/thumb/v7e-m+fp/hard\libc_nano.a(lib_a-isattyr.o)
                0x080060dc                _isatty_r
 .text._raise_r
                0x080060fc       0x50 c:/vsarm/armcc/bin/../lib/gcc/arm-none-eabi/9.3.1/../../../../arm-none-eabi/lib/thumb/v7e-m+fp/hard\libc_nano.a(lib_a-signal.o)
                0x080060fc                _raise_r
 .text.raise    0x0800614c       0x10 c:/vsarm/armcc/bin/../lib/gcc/arm-none-eabi/9.3.1/../../../../arm-none-eabi/lib/thumb/v7e-m+fp/hard\libc_nano.a(lib_a-signal.o)
                0x0800614c                raise
 .text._kill_r  0x0800615c       0x24 c:/vsarm/armcc/bin/../lib/gcc/arm-none-eabi/9.3.1/../../../../arm-none-eabi/lib/thumb/v7e-m+fp/hard\libc_nano.a(lib_a-signalr.o)
                0x0800615c                _kill_r
 .text._getpid_r
                0x08006180        0x4 c:/vsarm/armcc/bin/../lib/gcc/arm-none-eabi/9.3.1/../../../../arm-none-eabi/lib/thumb/v7e-m+fp/hard\libc_nano.a(lib_a-signalr.o)
                0x08006180                _getpid_r
 .text._close   0x08006184       0x10 c:/vsarm/armcc/bin/../lib/gcc/arm-none-eabi/9.3.1/../../../../arm-none-eabi/lib/thumb/v7e-m+fp/hard\libnosys.a(close.o)
                0x08006184                _close
 .text._fstat   0x08006194       0x10 c:/vsarm/armcc/bin/../lib/gcc/arm-none-eabi/9.3.1/../../../../arm-none-eabi/lib/thumb/v7e-m+fp/hard\libnosys.a(fstat.o)
                0x08006194                _fstat
 .text._getpid  0x080061a4       0x10 c:/vsarm/armcc/bin/../lib/gcc/arm-none-eabi/9.3.1/../../../../arm-none-eabi/lib/thumb/v7e-m+fp/hard\libnosys.a(getpid.o)
                0x080061a4                _getpid
 .text._isatty  0x080061b4       0x10 c:/vsarm/armcc/bin/../lib/gcc/arm-none-eabi/9.3.1/../../../../arm-none-eabi/lib/thumb/v7e-m+fp/hard\libnosys.a(isatty.o)
                0x080061b4                _isatty
 .text._kill    0x080061c4       0x10 c:/vsarm/armcc/bin/../lib/gcc/arm-none-eabi/9.3.1/../../../../arm-none-eabi/lib/thumb/v7e-m+fp/hard\libnosys.a(kill.o)
                0x080061c4                _kill
 .text._lseek   0x080061d4       0x10 c:/vsarm/armcc/bin/../lib/gcc/arm-none-eabi/9.3.1/../../../../arm-none-eabi/lib/thumb/v7e-m+fp/hard\libnosys.a(lseek.o)
                0x080061d4                _lseek
 .text._read    0x080061e4       0x10 c:/vsarm/armcc/bin/../lib/gcc/arm-none-eabi/9.3.1/../../../../arm-none-eabi/lib/thumb/v7e-m+fp/hard\libnosys.a(read.o)
                0x080061e4                _read
 .text._sbrk    0x080061f4       0x1c c:/vsarm/armcc/bin/../lib/gcc/arm-none-eabi/9.3.1/../../../../arm-none-eabi/lib/thumb/v7e-m+fp/hard\libnosys.a(sbrk.o)
                0x080061f4                _sbrk
 .text._exit    0x08006210        0x4 c:/vsarm/armcc/bin/../lib/gcc/arm-none-eabi/9.3.1/../../../../arm-none-eabi/lib/thumb/v7e-m+fp/hard\libnosys.a(_exit.o)
                0x08006210                _exit
 *(.glue_7)
 .glue_7        0x08006214        0x0 linker stubs
 *(.glue_7t)
 .glue_7t       0x08006214        0x0 linker stubs
 *(.eh_frame)
 .eh_frame      0x08006214        0x0 c:/vsarm/armcc/bin/../lib/gcc/arm-none-eabi/9.3.1/thumb/v7e-m+fp/hard/crtbegin.o
 *(.init)
 .init          0x08006214        0x4 c:/vsarm/armcc/bin/../lib/gcc/arm-none-eabi/9.3.1/thumb/v7e-m+fp/hard/crti.o
                0x08006214                _init
 .init          0x08006218        0x8 c:/vsarm/armcc/bin/../lib/gcc/arm-none-eabi/9.3.1/thumb/v7e-m+fp/hard/crtn.o
 *(.fini)
 .fini          0x08006220        0x4 c:/vsarm/armcc/bin/../lib/gcc/arm-none-eabi/9.3.1/thumb/v7e-m+fp/hard/crti.o
                0x08006220                _fini
 .fini          0x08006224        0x8 c:/vsarm/armcc/bin/../lib/gcc/arm-none-eabi/9.3.1/thumb/v7e-m+fp/hard/crtn.o
                0x0800622c                . = ALIGN (0x4)
                0x0800622c                _etext = .

.vfp11_veneer   0x0800622c        0x0
 .vfp11_veneer  0x0800622c        0x0 linker stubs

.v4_bx          0x0800622c        0x0
 .v4_bx         0x0800622c        0x0 linker stubs

.iplt           0x0800622c        0x0
 .iplt          0x0800622c        0x0 c:/vsarm/armcc/bin/../lib/gcc/arm-none-eabi/9.3.1/thumb/v7e-m+fp/hard/crtbegin.o

.rodata         0x08006230      0x484
                0x08006230                . = ALIGN (0x4)
 *(.rodata)
 .rodata        0x08006230       0x30 Build/actuator.o
 *(.rodata*)
 .rodata.AHBPrescTable
                0x08006260       0x10 Build/system_stm32f4xx.o
                0x08006260                AHBPrescTable
 .rodata.APBPrescTable
                0x08006270        0x8 Build/system_stm32f4xx.o
                0x08006270                APBPrescTable
 .rodata._Z24calculate_wheel_velocityv.str1.4
                0x08006278        0x4 Build/actuator.o
 .rodata._Z4playv.str1.4
                0x0800627c       0x13 Build/actuator.o
 *fill*         0x0800628f        0x1 
 .rodata._global_impure_ptr
                0x08006290        0x4 c:/vsarm/armcc/bin/../lib/gcc/arm-none-eabi/9.3.1/../../../../arm-none-eabi/lib/thumb/v7e-m+fp/hard\libc_nano.a(lib_a-impure.o)
                0x08006290                _global_impure_ptr
 .rodata._printf_float.str1.1
                0x08006294       0x12 c:/vsarm/armcc/bin/../lib/gcc/arm-none-eabi/9.3.1/../../../../arm-none-eabi/lib/thumb/v7e-m+fp/hard\libc_nano.a(lib_a-nano-vfprintf_float.o)
 .rodata._printf_i.str1.1
                0x080062a6       0x22 c:/vsarm/armcc/bin/../lib/gcc/arm-none-eabi/9.3.1/../../../../arm-none-eabi/lib/thumb/v7e-m+fp/hard\libc_nano.a(lib_a-nano-vfprintf_i.o)
 .rodata._dtoa_r.str1.1
                0x080062c8       0xb1 c:/vsarm/armcc/bin/../lib/gcc/arm-none-eabi/9.3.1/../../../../arm-none-eabi/lib/thumb/v7e-m+fp/hard\libc_nano.a(lib_a-dtoa.o)
                                 0xb3 (size before relaxing)
 *fill*         0x08006379        0x3 
 .rodata.__sf_fake_stderr
                0x0800637c       0x20 c:/vsarm/armcc/bin/../lib/gcc/arm-none-eabi/9.3.1/../../../../arm-none-eabi/lib/thumb/v7e-m+fp/hard\libc_nano.a(lib_a-findfp.o)
                0x0800637c                __sf_fake_stderr
 .rodata.__sf_fake_stdin
                0x0800639c       0x20 c:/vsarm/armcc/bin/../lib/gcc/arm-none-eabi/9.3.1/../../../../arm-none-eabi/lib/thumb/v7e-m+fp/hard\libc_nano.a(lib_a-findfp.o)
                0x0800639c                __sf_fake_stdin
 .rodata.__sf_fake_stdout
                0x080063bc       0x20 c:/vsarm/armcc/bin/../lib/gcc/arm-none-eabi/9.3.1/../../../../arm-none-eabi/lib/thumb/v7e-m+fp/hard\libc_nano.a(lib_a-findfp.o)
                0x080063bc                __sf_fake_stdout
 .rodata._Balloc.str1.1
                0x080063dc       0x7d c:/vsarm/armcc/bin/../lib/gcc/arm-none-eabi/9.3.1/../../../../arm-none-eabi/lib/thumb/v7e-m+fp/hard\libc_nano.a(lib_a-mprec.o)
                                 0x94 (size before relaxing)
 .rodata.__multadd.str1.1
                0x08006459       0x11 c:/vsarm/armcc/bin/../lib/gcc/arm-none-eabi/9.3.1/../../../../arm-none-eabi/lib/thumb/v7e-m+fp/hard\libc_nano.a(lib_a-mprec.o)
 *fill*         0x08006459        0x7 
 .rodata.__mprec_bigtens
                0x08006460       0x28 c:/vsarm/armcc/bin/../lib/gcc/arm-none-eabi/9.3.1/../../../../arm-none-eabi/lib/thumb/v7e-m+fp/hard\libc_nano.a(lib_a-mprec.o)
                0x08006460                __mprec_bigtens
 .rodata.__mprec_tens
                0x08006488       0xc8 c:/vsarm/armcc/bin/../lib/gcc/arm-none-eabi/9.3.1/../../../../arm-none-eabi/lib/thumb/v7e-m+fp/hard\libc_nano.a(lib_a-mprec.o)
                0x08006488                __mprec_tens
 .rodata.p05.7513
                0x08006550        0xc c:/vsarm/armcc/bin/../lib/gcc/arm-none-eabi/9.3.1/../../../../arm-none-eabi/lib/thumb/v7e-m+fp/hard\libc_nano.a(lib_a-mprec.o)
 .rodata._vfprintf_r.str1.1
                0x0800655c       0x11 c:/vsarm/armcc/bin/../lib/gcc/arm-none-eabi/9.3.1/../../../../arm-none-eabi/lib/thumb/v7e-m+fp/hard\libc_nano.a(lib_a-nano-vfprintf.o)
 .rodata.__assert_func.str1.1
                0x0800656d       0x3c c:/vsarm/armcc/bin/../lib/gcc/arm-none-eabi/9.3.1/../../../../arm-none-eabi/lib/thumb/v7e-m+fp/hard\libc_nano.a(lib_a-assert.o)
                                 0x3d (size before relaxing)
 .rodata._setlocale_r.str1.1
                0x080065a9        0x8 c:/vsarm/armcc/bin/../lib/gcc/arm-none-eabi/9.3.1/../../../../arm-none-eabi/lib/thumb/v7e-m+fp/hard\libc_nano.a(lib_a-locale.o)
                                  0x9 (size before relaxing)
 .rodata.str1.1
                0x080065b1        0x2 c:/vsarm/armcc/bin/../lib/gcc/arm-none-eabi/9.3.1/../../../../arm-none-eabi/lib/thumb/v7e-m+fp/hard\libc_nano.a(lib_a-locale.o)
 .rodata._ctype_
                0x080065b3      0x101 c:/vsarm/armcc/bin/../lib/gcc/arm-none-eabi/9.3.1/../../../../arm-none-eabi/lib/thumb/v7e-m+fp/hard\libc_nano.a(lib_a-ctype_.o)
                0x080065b3                _ctype_
                0x080066b4                . = ALIGN (0x4)

.ARM.extab
 *(.ARM.extab* .gnu.linkonce.armextab.*)

.ARM            0x080066b4        0x8
                0x080066b4                __exidx_start = .
 *(.ARM.exidx*)
 .ARM.exidx     0x080066b4        0x8 c:/vsarm/armcc/bin/../lib/gcc/arm-none-eabi/9.3.1/thumb/v7e-m+fp/hard\libgcc.a(_udivmoddi4.o)
                0x080066bc                __exidx_end = .

.rel.dyn        0x080066bc        0x0
 .rel.iplt      0x080066bc        0x0 c:/vsarm/armcc/bin/../lib/gcc/arm-none-eabi/9.3.1/thumb/v7e-m+fp/hard/crtbegin.o

.preinit_array  0x080066bc        0x0
                0x080066bc                PROVIDE (__preinit_array_start = .)
 *(.preinit_array*)
                0x080066bc                PROVIDE (__preinit_array_end = .)

.init_array     0x080066bc       0x10
                0x080066bc                PROVIDE (__init_array_start = .)
 *(SORT_BY_NAME(.init_array.*))
 *(.init_array*)
 .init_array    0x080066bc        0x4 c:/vsarm/armcc/bin/../lib/gcc/arm-none-eabi/9.3.1/thumb/v7e-m+fp/hard/crtbegin.o
 .init_array    0x080066c0        0x4 Build/actuator.o
 .init_array    0x080066c4        0x4 Build/robo_init.o
 .init_array    0x080066c8        0x4 Build/encoder.o
                0x080066cc                PROVIDE (__init_array_end = .)

.fini_array     0x080066cc        0x4
                [!provide]                PROVIDE (__fini_array_start = .)
 *(SORT_BY_NAME(.fini_array.*))
 *(.fini_array*)
 .fini_array    0x080066cc        0x4 c:/vsarm/armcc/bin/../lib/gcc/arm-none-eabi/9.3.1/thumb/v7e-m+fp/hard/crtbegin.o
                [!provide]                PROVIDE (__fini_array_end = .)
                0x080066d0                _sidata = LOADADDR (.data)

.data           0x20000000      0x1e4 load address 0x080066d0
                0x20000000                . = ALIGN (0x4)
                0x20000000                _sdata = .
 *(.data)
 .data          0x20000000        0x4 c:/vsarm/armcc/bin/../lib/gcc/arm-none-eabi/9.3.1/thumb/v7e-m+fp/hard/crtbegin.o
                0x20000000                __dso_handle
 *(.data*)
 .data.uwTickFreq
                0x20000004        0x1 Build/stm32f4xx_hal.o
                0x20000004                uwTickFreq
 *fill*         0x20000005        0x3 
 .data.uwTickPrio
                0x20000008        0x4 Build/stm32f4xx_hal.o
                0x20000008                uwTickPrio
 .data.SystemCoreClock
                0x2000000c        0x4 Build/system_stm32f4xx.o
                0x2000000c                SystemCoreClock
 .data.velocity
                0x20000010        0x4 Build/actuator.o
                0x20000010                velocity
 .data._impure_ptr
                0x20000014        0x4 c:/vsarm/armcc/bin/../lib/gcc/arm-none-eabi/9.3.1/../../../../arm-none-eabi/lib/thumb/v7e-m+fp/hard\libc_nano.a(lib_a-impure.o)
                0x20000014                _impure_ptr
 .data.impure_data
                0x20000018       0x60 c:/vsarm/armcc/bin/../lib/gcc/arm-none-eabi/9.3.1/../../../../arm-none-eabi/lib/thumb/v7e-m+fp/hard\libc_nano.a(lib_a-impure.o)
 .data.__global_locale
                0x20000078      0x16c c:/vsarm/armcc/bin/../lib/gcc/arm-none-eabi/9.3.1/../../../../arm-none-eabi/lib/thumb/v7e-m+fp/hard\libc_nano.a(lib_a-locale.o)
                0x20000078                __global_locale
                0x200001e4                . = ALIGN (0x4)
                0x200001e4                _edata = .
                0x080068b4                _siccmram = LOADADDR (.ccmram)

.igot.plt       0x200001e4        0x0 load address 0x080068b4
 .igot.plt      0x200001e4        0x0 c:/vsarm/armcc/bin/../lib/gcc/arm-none-eabi/9.3.1/thumb/v7e-m+fp/hard/crtbegin.o

.ccmram         0x10000000        0x0 load address 0x080068b4
                0x10000000                . = ALIGN (0x4)
                0x10000000                _sccmram = .
 *(.ccmram)
 *(.ccmram*)
                0x10000000                . = ALIGN (0x4)
                0x10000000                _eccmram = .
                0x10000000                . = ALIGN (0x4)

.bss            0x200001e4      0x2cc
                0x200001e4                _sbss = .
                0x200001e4                __bss_start__ = _sbss
 *(.bss)
 .bss           0x200001e4       0x1c c:/vsarm/armcc/bin/../lib/gcc/arm-none-eabi/9.3.1/thumb/v7e-m+fp/hard/crtbegin.o
 *(.bss*)
 .bss._ZL14velocity_robot
                0x20000200        0xc Build/actuator.o
 .bss.time      0x2000020c        0x4 Build/actuator.o
                0x2000020c                time
 .bss._ZL20motor_configurations
                0x20000210       0x80 Build/robo_init.o
 .bss.motor     0x20000290       0x10 Build/robo_init.o
                0x20000290                motor
 .bss._ZL14encoder_config
                0x200002a0       0x30 Build/encoder.o
 .bss.__malloc_free_list
                0x200002d0        0x4 c:/vsarm/armcc/bin/../lib/gcc/arm-none-eabi/9.3.1/../../../../arm-none-eabi/lib/thumb/v7e-m+fp/hard\libc_nano.a(lib_a-nano-mallocr.o)
                0x200002d0                __malloc_free_list
 .bss.__malloc_sbrk_start
                0x200002d4        0x4 c:/vsarm/armcc/bin/../lib/gcc/arm-none-eabi/9.3.1/../../../../arm-none-eabi/lib/thumb/v7e-m+fp/hard\libc_nano.a(lib_a-nano-mallocr.o)
                0x200002d4                __malloc_sbrk_start
 .bss.heap_end.5507
                0x200002d8        0x4 c:/vsarm/armcc/bin/../lib/gcc/arm-none-eabi/9.3.1/../../../../arm-none-eabi/lib/thumb/v7e-m+fp/hard\libnosys.a(sbrk.o)
 *(COMMON)
 COMMON         0x200002dc      0x140 Build/tim.o
                0x200002dc                htim8
                0x2000031c                htim4
                0x2000035c                htim3
                0x2000039c                htim1
                0x200003dc                htim2
 COMMON         0x2000041c       0x80 Build/usart.o
                0x2000041c                huart4
                0x2000045c                huart2
 COMMON         0x2000049c        0x4 Build/stm32f4xx_hal.o
                0x2000049c                uwTick
 COMMON         0x200004a0        0x9 c:/vsarm/armcc/bin/../lib/gcc/arm-none-eabi/9.3.1/../../../../arm-none-eabi/lib/thumb/v7e-m+fp/hard\libc_nano.a(lib_a-lock.o)
                0x200004a0                __lock___atexit_recursive_mutex
                0x200004a1                __lock___arc4random_mutex
                0x200004a2                __lock___env_recursive_mutex
                0x200004a3                __lock___sinit_recursive_mutex
                0x200004a4                __lock___malloc_recursive_mutex
                0x200004a5                __lock___at_quick_exit_mutex
                0x200004a6                __lock___dd_hash_mutex
                0x200004a7                __lock___tz_mutex
                0x200004a8                __lock___sfp_recursive_mutex
 *fill*         0x200004a9        0x3 
 COMMON         0x200004ac        0x4 c:/vsarm/armcc/bin/../lib/gcc/arm-none-eabi/9.3.1/../../../../arm-none-eabi/lib/thumb/v7e-m+fp/hard\libc_nano.a(lib_a-reent.o)
                0x200004ac                errno
                0x200004b0                . = ALIGN (0x4)
                0x200004b0                _ebss = .
                0x200004b0                __bss_end__ = _ebss

._user_heap_stack
                0x200004b0      0x600
                0x200004b0                . = ALIGN (0x8)
                0x200004b0                PROVIDE (end = .)
                [!provide]                PROVIDE (_end = .)
                0x200006b0                . = (. + _Min_Heap_Size)
 *fill*         0x200004b0      0x200 
                0x20000ab0                . = (. + _Min_Stack_Size)
 *fill*         0x200006b0      0x400 
                0x20000ab0                . = ALIGN (0x8)

/DISCARD/
 libc.a(*)
 libm.a(*)
 libgcc.a(*)

.ARM.attributes
                0x00000000       0x30
 *(.ARM.attributes)
 .ARM.attributes
                0x00000000       0x1e c:/vsarm/armcc/bin/../lib/gcc/arm-none-eabi/9.3.1/thumb/v7e-m+fp/hard/crti.o
 .ARM.attributes
                0x0000001e       0x34 c:/vsarm/armcc/bin/../lib/gcc/arm-none-eabi/9.3.1/thumb/v7e-m+fp/hard/crtbegin.o
 .ARM.attributes
                0x00000052       0x34 Build/printf_config.o
 .ARM.attributes
                0x00000086       0x34 Build/gpio.o
 .ARM.attributes
                0x000000ba       0x34 Build/tim.o
 .ARM.attributes
                0x000000ee       0x34 Build/usart.o
 .ARM.attributes
                0x00000122       0x34 Build/stm32f4xx_it.o
 .ARM.attributes
                0x00000156       0x34 Build/stm32f4xx_hal_msp.o
 .ARM.attributes
                0x0000018a       0x34 Build/stm32f4xx_hal_tim.o
 .ARM.attributes
                0x000001be       0x34 Build/stm32f4xx_hal_tim_ex.o
 .ARM.attributes
                0x000001f2       0x34 Build/stm32f4xx_hal_uart.o
 .ARM.attributes
                0x00000226       0x34 Build/stm32f4xx_hal_rcc.o
 .ARM.attributes
                0x0000025a       0x34 Build/stm32f4xx_hal_gpio.o
 .ARM.attributes
                0x0000028e       0x34 Build/stm32f4xx_hal_dma.o
 .ARM.attributes
                0x000002c2       0x34 Build/stm32f4xx_hal_cortex.o
 .ARM.attributes
                0x000002f6       0x34 Build/stm32f4xx_hal.o
 .ARM.attributes
                0x0000032a       0x34 Build/system_stm32f4xx.o
 .ARM.attributes
                0x0000035e       0x21 Build/startup_stm32f407xx.o
 .ARM.attributes
                0x0000037f       0x34 Build/actuator.o
 .ARM.attributes
                0x000003b3       0x34 Build/motor.o
 .ARM.attributes
                0x000003e7       0x34 Build/robo_init.o
 .ARM.attributes
                0x0000041b       0x34 Build/encoder.o
 .ARM.attributes
                0x0000044f       0x34 Build/main.o
 .ARM.attributes
                0x00000483       0x34 c:/vsarm/armcc/bin/../lib/gcc/arm-none-eabi/9.3.1/../../../../arm-none-eabi/lib/thumb/v7e-m+fp/hard\libstdc++_nano.a(atexit_arm.o)
 .ARM.attributes
                0x000004b7       0x34 c:/vsarm/armcc/bin/../lib/gcc/arm-none-eabi/9.3.1/../../../../arm-none-eabi/lib/thumb/v7e-m+fp/hard\libc_nano.a(lib_a-cxa_atexit.o)
 .ARM.attributes
                0x000004eb       0x32 c:/vsarm/armcc/bin/../lib/gcc/arm-none-eabi/9.3.1/../../../../arm-none-eabi/lib/thumb/v7e-m+fp/hard\libc_nano.a(lib_a-impure.o)
 .ARM.attributes
                0x0000051d       0x34 c:/vsarm/armcc/bin/../lib/gcc/arm-none-eabi/9.3.1/../../../../arm-none-eabi/lib/thumb/v7e-m+fp/hard\libc_nano.a(lib_a-init.o)
 .ARM.attributes
                0x00000551       0x34 c:/vsarm/armcc/bin/../lib/gcc/arm-none-eabi/9.3.1/../../../../arm-none-eabi/lib/thumb/v7e-m+fp/hard\libc_nano.a(lib_a-memset.o)
 .ARM.attributes
                0x00000585       0x34 c:/vsarm/armcc/bin/../lib/gcc/arm-none-eabi/9.3.1/../../../../arm-none-eabi/lib/thumb/v7e-m+fp/hard\libc_nano.a(lib_a-nano-vfprintf_float.o)
 .ARM.attributes
                0x000005b9       0x34 c:/vsarm/armcc/bin/../lib/gcc/arm-none-eabi/9.3.1/../../../../arm-none-eabi/lib/thumb/v7e-m+fp/hard\libc_nano.a(lib_a-nano-vfprintf_i.o)
 .ARM.attributes
                0x000005ed       0x34 c:/vsarm/armcc/bin/../lib/gcc/arm-none-eabi/9.3.1/../../../../arm-none-eabi/lib/thumb/v7e-m+fp/hard\libc_nano.a(lib_a-printf.o)
 .ARM.attributes
                0x00000621       0x17 c:/vsarm/armcc/bin/../lib/gcc/arm-none-eabi/9.3.1/../../../../arm-none-eabi/lib/thumb/v7e-m+fp/hard\libc_nano.a(lib_a-strlen.o)
 .ARM.attributes
                0x00000638       0x34 c:/vsarm/armcc/bin/../lib/gcc/arm-none-eabi/9.3.1/../../../../arm-none-eabi/lib/thumb/v7e-m+fp/hard\libc_nano.a(lib_a-dtoa.o)
 .ARM.attributes
                0x0000066c       0x34 c:/vsarm/armcc/bin/../lib/gcc/arm-none-eabi/9.3.1/../../../../arm-none-eabi/lib/thumb/v7e-m+fp/hard\libc_nano.a(lib_a-findfp.o)
 .ARM.attributes
                0x000006a0       0x34 c:/vsarm/armcc/bin/../lib/gcc/arm-none-eabi/9.3.1/../../../../arm-none-eabi/lib/thumb/v7e-m+fp/hard\libc_nano.a(lib_a-fwalk.o)
 .ARM.attributes
                0x000006d4       0x34 c:/vsarm/armcc/bin/../lib/gcc/arm-none-eabi/9.3.1/../../../../arm-none-eabi/lib/thumb/v7e-m+fp/hard\libc_nano.a(lib_a-localeconv.o)
 .ARM.attributes
                0x00000708       0x34 c:/vsarm/armcc/bin/../lib/gcc/arm-none-eabi/9.3.1/../../../../arm-none-eabi/lib/thumb/v7e-m+fp/hard\libc_nano.a(lib_a-lock.o)
 .ARM.attributes
                0x0000073c       0x34 c:/vsarm/armcc/bin/../lib/gcc/arm-none-eabi/9.3.1/../../../../arm-none-eabi/lib/thumb/v7e-m+fp/hard\libc_nano.a(lib_a-malloc.o)
 .ARM.attributes
                0x00000770       0x1c c:/vsarm/armcc/bin/../lib/gcc/arm-none-eabi/9.3.1/../../../../arm-none-eabi/lib/thumb/v7e-m+fp/hard\libc_nano.a(lib_a-memchr.o)
 .ARM.attributes
                0x0000078c       0x34 c:/vsarm/armcc/bin/../lib/gcc/arm-none-eabi/9.3.1/../../../../arm-none-eabi/lib/thumb/v7e-m+fp/hard\libc_nano.a(lib_a-memcpy-stub.o)
 .ARM.attributes
                0x000007c0       0x34 c:/vsarm/armcc/bin/../lib/gcc/arm-none-eabi/9.3.1/../../../../arm-none-eabi/lib/thumb/v7e-m+fp/hard\libc_nano.a(lib_a-mprec.o)
 .ARM.attributes
                0x000007f4       0x34 c:/vsarm/armcc/bin/../lib/gcc/arm-none-eabi/9.3.1/../../../../arm-none-eabi/lib/thumb/v7e-m+fp/hard\libc_nano.a(lib_a-nano-callocr.o)
 .ARM.attributes
                0x00000828       0x34 c:/vsarm/armcc/bin/../lib/gcc/arm-none-eabi/9.3.1/../../../../arm-none-eabi/lib/thumb/v7e-m+fp/hard\libc_nano.a(lib_a-nano-freer.o)
 .ARM.attributes
                0x0000085c       0x34 c:/vsarm/armcc/bin/../lib/gcc/arm-none-eabi/9.3.1/../../../../arm-none-eabi/lib/thumb/v7e-m+fp/hard\libc_nano.a(lib_a-nano-mallocr.o)
 .ARM.attributes
                0x00000890       0x34 c:/vsarm/armcc/bin/../lib/gcc/arm-none-eabi/9.3.1/../../../../arm-none-eabi/lib/thumb/v7e-m+fp/hard\libc_nano.a(lib_a-nano-vfprintf.o)
 .ARM.attributes
                0x000008c4       0x34 c:/vsarm/armcc/bin/../lib/gcc/arm-none-eabi/9.3.1/../../../../arm-none-eabi/lib/thumb/v7e-m+fp/hard\libc_nano.a(lib_a-sbrkr.o)
 .ARM.attributes
                0x000008f8       0x34 c:/vsarm/armcc/bin/../lib/gcc/arm-none-eabi/9.3.1/../../../../arm-none-eabi/lib/thumb/v7e-m+fp/hard\libc_nano.a(lib_a-stdio.o)
 .ARM.attributes
                0x0000092c       0x34 c:/vsarm/armcc/bin/../lib/gcc/arm-none-eabi/9.3.1/../../../../arm-none-eabi/lib/thumb/v7e-m+fp/hard\libc_nano.a(lib_a-wbuf.o)
 .ARM.attributes
                0x00000960       0x34 c:/vsarm/armcc/bin/../lib/gcc/arm-none-eabi/9.3.1/../../../../arm-none-eabi/lib/thumb/v7e-m+fp/hard\libc_nano.a(lib_a-writer.o)
 .ARM.attributes
                0x00000994       0x34 c:/vsarm/armcc/bin/../lib/gcc/arm-none-eabi/9.3.1/../../../../arm-none-eabi/lib/thumb/v7e-m+fp/hard\libc_nano.a(lib_a-wsetup.o)
 .ARM.attributes
                0x000009c8       0x34 c:/vsarm/armcc/bin/../lib/gcc/arm-none-eabi/9.3.1/../../../../arm-none-eabi/lib/thumb/v7e-m+fp/hard\libc_nano.a(lib_a-assert.o)
 .ARM.attributes
                0x000009fc       0x34 c:/vsarm/armcc/bin/../lib/gcc/arm-none-eabi/9.3.1/../../../../arm-none-eabi/lib/thumb/v7e-m+fp/hard\libc_nano.a(lib_a-closer.o)
 .ARM.attributes
                0x00000a30       0x34 c:/vsarm/armcc/bin/../lib/gcc/arm-none-eabi/9.3.1/../../../../arm-none-eabi/lib/thumb/v7e-m+fp/hard\libc_nano.a(lib_a-fflush.o)
 .ARM.attributes
                0x00000a64       0x34 c:/vsarm/armcc/bin/../lib/gcc/arm-none-eabi/9.3.1/../../../../arm-none-eabi/lib/thumb/v7e-m+fp/hard\libc_nano.a(lib_a-fprintf.o)
 .ARM.attributes
                0x00000a98       0x34 c:/vsarm/armcc/bin/../lib/gcc/arm-none-eabi/9.3.1/../../../../arm-none-eabi/lib/thumb/v7e-m+fp/hard\libc_nano.a(lib_a-locale.o)
 .ARM.attributes
                0x00000acc       0x34 c:/vsarm/armcc/bin/../lib/gcc/arm-none-eabi/9.3.1/../../../../arm-none-eabi/lib/thumb/v7e-m+fp/hard\libc_nano.a(lib_a-lseekr.o)
 .ARM.attributes
                0x00000b00       0x34 c:/vsarm/armcc/bin/../lib/gcc/arm-none-eabi/9.3.1/../../../../arm-none-eabi/lib/thumb/v7e-m+fp/hard\libc_nano.a(lib_a-makebuf.o)
 .ARM.attributes
                0x00000b34       0x34 c:/vsarm/armcc/bin/../lib/gcc/arm-none-eabi/9.3.1/../../../../arm-none-eabi/lib/thumb/v7e-m+fp/hard\libc_nano.a(lib_a-mbtowc_r.o)
 .ARM.attributes
                0x00000b68       0x34 c:/vsarm/armcc/bin/../lib/gcc/arm-none-eabi/9.3.1/../../../../arm-none-eabi/lib/thumb/v7e-m+fp/hard\libc_nano.a(lib_a-mlock.o)
 .ARM.attributes
                0x00000b9c       0x34 c:/vsarm/armcc/bin/../lib/gcc/arm-none-eabi/9.3.1/../../../../arm-none-eabi/lib/thumb/v7e-m+fp/hard\libc_nano.a(lib_a-readr.o)
 .ARM.attributes
                0x00000bd0       0x34 c:/vsarm/armcc/bin/../lib/gcc/arm-none-eabi/9.3.1/../../../../arm-none-eabi/lib/thumb/v7e-m+fp/hard\libc_nano.a(lib_a-reent.o)
 .ARM.attributes
                0x00000c04       0x34 c:/vsarm/armcc/bin/../lib/gcc/arm-none-eabi/9.3.1/../../../../arm-none-eabi/lib/thumb/v7e-m+fp/hard\libc_nano.a(lib_a-wctomb_r.o)
 .ARM.attributes
                0x00000c38       0x34 c:/vsarm/armcc/bin/../lib/gcc/arm-none-eabi/9.3.1/../../../../arm-none-eabi/lib/thumb/v7e-m+fp/hard\libc_nano.a(lib_a-abort.o)
 .ARM.attributes
                0x00000c6c       0x32 c:/vsarm/armcc/bin/../lib/gcc/arm-none-eabi/9.3.1/../../../../arm-none-eabi/lib/thumb/v7e-m+fp/hard\libc_nano.a(lib_a-ctype_.o)
 .ARM.attributes
                0x00000c9e       0x34 c:/vsarm/armcc/bin/../lib/gcc/arm-none-eabi/9.3.1/../../../../arm-none-eabi/lib/thumb/v7e-m+fp/hard\libc_nano.a(lib_a-fstatr.o)
 .ARM.attributes
                0x00000cd2       0x34 c:/vsarm/armcc/bin/../lib/gcc/arm-none-eabi/9.3.1/../../../../arm-none-eabi/lib/thumb/v7e-m+fp/hard\libc_nano.a(lib_a-isattyr.o)
 .ARM.attributes
                0x00000d06       0x34 c:/vsarm/armcc/bin/../lib/gcc/arm-none-eabi/9.3.1/../../../../arm-none-eabi/lib/thumb/v7e-m+fp/hard\libc_nano.a(lib_a-signal.o)
 .ARM.attributes
                0x00000d3a       0x34 c:/vsarm/armcc/bin/../lib/gcc/arm-none-eabi/9.3.1/../../../../arm-none-eabi/lib/thumb/v7e-m+fp/hard\libc_nano.a(lib_a-signalr.o)
 .ARM.attributes
                0x00000d6e       0x1e c:/vsarm/armcc/bin/../lib/gcc/arm-none-eabi/9.3.1/thumb/v7e-m+fp/hard\libgcc.a(_arm_addsubdf3.o)
 .ARM.attributes
                0x00000d8c       0x1e c:/vsarm/armcc/bin/../lib/gcc/arm-none-eabi/9.3.1/thumb/v7e-m+fp/hard\libgcc.a(_arm_muldivdf3.o)
 .ARM.attributes
                0x00000daa       0x1e c:/vsarm/armcc/bin/../lib/gcc/arm-none-eabi/9.3.1/thumb/v7e-m+fp/hard\libgcc.a(_arm_cmpdf2.o)
 .ARM.attributes
                0x00000dc8       0x1e c:/vsarm/armcc/bin/../lib/gcc/arm-none-eabi/9.3.1/thumb/v7e-m+fp/hard\libgcc.a(_arm_unorddf2.o)
 .ARM.attributes
                0x00000de6       0x1e c:/vsarm/armcc/bin/../lib/gcc/arm-none-eabi/9.3.1/thumb/v7e-m+fp/hard\libgcc.a(_arm_fixdfsi.o)
 .ARM.attributes
                0x00000e04       0x1e c:/vsarm/armcc/bin/../lib/gcc/arm-none-eabi/9.3.1/thumb/v7e-m+fp/hard\libgcc.a(_arm_fixunsdfsi.o)
 .ARM.attributes
                0x00000e22       0x1e c:/vsarm/armcc/bin/../lib/gcc/arm-none-eabi/9.3.1/thumb/v7e-m+fp/hard\libgcc.a(_aeabi_uldivmod.o)
 .ARM.attributes
                0x00000e40       0x34 c:/vsarm/armcc/bin/../lib/gcc/arm-none-eabi/9.3.1/thumb/v7e-m+fp/hard\libgcc.a(_udivmoddi4.o)
 .ARM.attributes
                0x00000e74       0x1e c:/vsarm/armcc/bin/../lib/gcc/arm-none-eabi/9.3.1/thumb/v7e-m+fp/hard\libgcc.a(_dvmd_tls.o)
 .ARM.attributes
                0x00000e92       0x34 c:/vsarm/armcc/bin/../lib/gcc/arm-none-eabi/9.3.1/../../../../arm-none-eabi/lib/thumb/v7e-m+fp/hard\libnosys.a(close.o)
 .ARM.attributes
                0x00000ec6       0x34 c:/vsarm/armcc/bin/../lib/gcc/arm-none-eabi/9.3.1/../../../../arm-none-eabi/lib/thumb/v7e-m+fp/hard\libnosys.a(fstat.o)
 .ARM.attributes
                0x00000efa       0x34 c:/vsarm/armcc/bin/../lib/gcc/arm-none-eabi/9.3.1/../../../../arm-none-eabi/lib/thumb/v7e-m+fp/hard\libnosys.a(getpid.o)
 .ARM.attributes
                0x00000f2e       0x34 c:/vsarm/armcc/bin/../lib/gcc/arm-none-eabi/9.3.1/../../../../arm-none-eabi/lib/thumb/v7e-m+fp/hard\libnosys.a(isatty.o)
 .ARM.attributes
                0x00000f62       0x34 c:/vsarm/armcc/bin/../lib/gcc/arm-none-eabi/9.3.1/../../../../arm-none-eabi/lib/thumb/v7e-m+fp/hard\libnosys.a(kill.o)
 .ARM.attributes
                0x00000f96       0x34 c:/vsarm/armcc/bin/../lib/gcc/arm-none-eabi/9.3.1/../../../../arm-none-eabi/lib/thumb/v7e-m+fp/hard\libnosys.a(lseek.o)
 .ARM.attributes
                0x00000fca       0x34 c:/vsarm/armcc/bin/../lib/gcc/arm-none-eabi/9.3.1/../../../../arm-none-eabi/lib/thumb/v7e-m+fp/hard\libnosys.a(read.o)
 .ARM.attributes
                0x00000ffe       0x34 c:/vsarm/armcc/bin/../lib/gcc/arm-none-eabi/9.3.1/../../../../arm-none-eabi/lib/thumb/v7e-m+fp/hard\libnosys.a(sbrk.o)
 .ARM.attributes
                0x00001032       0x34 c:/vsarm/armcc/bin/../lib/gcc/arm-none-eabi/9.3.1/../../../../arm-none-eabi/lib/thumb/v7e-m+fp/hard\libnosys.a(_exit.o)
 .ARM.attributes
                0x00001066       0x1e c:/vsarm/armcc/bin/../lib/gcc/arm-none-eabi/9.3.1/thumb/v7e-m+fp/hard/crtn.o
OUTPUT(Build/basic_omnidrive.elf elf32-littlearm)
LOAD linker stubs
LOAD c:/vsarm/armcc/bin/../lib/gcc/arm-none-eabi/9.3.1/../../../../arm-none-eabi/lib/thumb/v7e-m+fp/hard\libc.a
LOAD c:/vsarm/armcc/bin/../lib/gcc/arm-none-eabi/9.3.1/../../../../arm-none-eabi/lib/thumb/v7e-m+fp/hard\libm.a
LOAD c:/vsarm/armcc/bin/../lib/gcc/arm-none-eabi/9.3.1/thumb/v7e-m+fp/hard\libgcc.a

.debug_info     0x00000000    0x22048
 .debug_info    0x00000000      0x4fb Build/printf_config.o
 .debug_info    0x000004fb     0x1024 Build/gpio.o
 .debug_info    0x0000151f     0x22c5 Build/tim.o
 .debug_info    0x000037e4     0x1800 Build/usart.o
 .debug_info    0x00004fe4     0x155f Build/stm32f4xx_it.o
 .debug_info    0x00006543      0xd30 Build/stm32f4xx_hal_msp.o
 .debug_info    0x00007273     0x3955 Build/stm32f4xx_hal_tim.o
 .debug_info    0x0000abc8     0x181f Build/stm32f4xx_hal_tim_ex.o
 .debug_info    0x0000c3e7     0x1b32 Build/stm32f4xx_hal_uart.o
 .debug_info    0x0000df19      0xbd9 Build/stm32f4xx_hal_rcc.o
 .debug_info    0x0000eaf2      0x8b8 Build/stm32f4xx_hal_gpio.o
 .debug_info    0x0000f3aa      0xc2e Build/stm32f4xx_hal_dma.o
 .debug_info    0x0000ffd8     0x11e1 Build/stm32f4xx_hal_cortex.o
 .debug_info    0x000111b9      0xb2e Build/stm32f4xx_hal.o
 .debug_info    0x00011ce7      0x5df Build/system_stm32f4xx.o
 .debug_info    0x000122c6       0x22 Build/startup_stm32f407xx.o
 .debug_info    0x000122e8     0x3a20 Build/actuator.o
 .debug_info    0x00015d08     0x3737 Build/motor.o
 .debug_info    0x0001943f     0x3a62 Build/robo_init.o
 .debug_info    0x0001cea1     0x18a8 Build/encoder.o
 .debug_info    0x0001e749     0x38ff Build/main.o

.debug_abbrev   0x00000000     0x3d42
 .debug_abbrev  0x00000000      0x1c9 Build/printf_config.o
 .debug_abbrev  0x000001c9      0x239 Build/gpio.o
 .debug_abbrev  0x00000402      0x2ea Build/tim.o
 .debug_abbrev  0x000006ec      0x284 Build/usart.o
 .debug_abbrev  0x00000970      0x261 Build/stm32f4xx_it.o
 .debug_abbrev  0x00000bd1      0x210 Build/stm32f4xx_hal_msp.o
 .debug_abbrev  0x00000de1      0x2af Build/stm32f4xx_hal_tim.o
 .debug_abbrev  0x00001090      0x2ab Build/stm32f4xx_hal_tim_ex.o
 .debug_abbrev  0x0000133b      0x2fe Build/stm32f4xx_hal_uart.o
 .debug_abbrev  0x00001639      0x2cd Build/stm32f4xx_hal_rcc.o
 .debug_abbrev  0x00001906      0x258 Build/stm32f4xx_hal_gpio.o
 .debug_abbrev  0x00001b5e      0x312 Build/stm32f4xx_hal_dma.o
 .debug_abbrev  0x00001e70      0x3a8 Build/stm32f4xx_hal_cortex.o
 .debug_abbrev  0x00002218      0x220 Build/stm32f4xx_hal.o
 .debug_abbrev  0x00002438      0x12e Build/system_stm32f4xx.o
 .debug_abbrev  0x00002566       0x12 Build/startup_stm32f407xx.o
 .debug_abbrev  0x00002578      0x4d8 Build/actuator.o
 .debug_abbrev  0x00002a50      0x4fe Build/motor.o
 .debug_abbrev  0x00002f4e      0x5a4 Build/robo_init.o
 .debug_abbrev  0x000034f2      0x44b Build/encoder.o
 .debug_abbrev  0x0000393d      0x405 Build/main.o

.debug_loc      0x00000000     0xb092
 .debug_loc     0x00000000      0x14e Build/printf_config.o
 .debug_loc     0x0000014e       0x39 Build/gpio.o
 .debug_loc     0x00000187      0x433 Build/tim.o
 .debug_loc     0x000005ba      0x162 Build/usart.o
 .debug_loc     0x0000071c      0x140 Build/stm32f4xx_it.o
 .debug_loc     0x0000085c       0x38 Build/stm32f4xx_hal_msp.o
 .debug_loc     0x00000894     0x457e Build/stm32f4xx_hal_tim.o
 .debug_loc     0x00004e12     0x15ca Build/stm32f4xx_hal_tim_ex.o
 .debug_loc     0x000063dc     0x1d3d Build/stm32f4xx_hal_uart.o
 .debug_loc     0x00008119      0x698 Build/stm32f4xx_hal_rcc.o
 .debug_loc     0x000087b1      0x5e1 Build/stm32f4xx_hal_gpio.o
 .debug_loc     0x00008d92      0xd6d Build/stm32f4xx_hal_dma.o
 .debug_loc     0x00009aff      0x7d4 Build/stm32f4xx_hal_cortex.o
 .debug_loc     0x0000a2d3      0x1cc Build/stm32f4xx_hal.o
 .debug_loc     0x0000a49f      0x16c Build/system_stm32f4xx.o
 .debug_loc     0x0000a60b      0x19f Build/actuator.o
 .debug_loc     0x0000a7aa      0x3b7 Build/motor.o
 .debug_loc     0x0000ab61      0x185 Build/robo_init.o
 .debug_loc     0x0000ace6      0x353 Build/encoder.o
 .debug_loc     0x0000b039       0x59 Build/main.o

.debug_aranges  0x00000000      0xd18
 .debug_aranges
                0x00000000       0x28 Build/printf_config.o
 .debug_aranges
                0x00000028       0x20 Build/gpio.o
 .debug_aranges
                0x00000048       0x68 Build/tim.o
 .debug_aranges
                0x000000b0       0x38 Build/usart.o
 .debug_aranges
                0x000000e8       0xa8 Build/stm32f4xx_it.o
 .debug_aranges
                0x00000190       0x20 Build/stm32f4xx_hal_msp.o
 .debug_aranges
                0x000001b0      0x3a8 Build/stm32f4xx_hal_tim.o
 .debug_aranges
                0x00000558      0x150 Build/stm32f4xx_hal_tim_ex.o
 .debug_aranges
                0x000006a8      0x1d0 Build/stm32f4xx_hal_uart.o
 .debug_aranges
                0x00000878       0x88 Build/stm32f4xx_hal_rcc.o
 .debug_aranges
                0x00000900       0x58 Build/stm32f4xx_hal_gpio.o
 .debug_aranges
                0x00000958       0x90 Build/stm32f4xx_hal_dma.o
 .debug_aranges
                0x000009e8       0xa8 Build/stm32f4xx_hal_cortex.o
 .debug_aranges
                0x00000a90       0xf0 Build/stm32f4xx_hal.o
 .debug_aranges
                0x00000b80       0x28 Build/system_stm32f4xx.o
 .debug_aranges
                0x00000ba8       0x28 Build/startup_stm32f407xx.o
 .debug_aranges
                0x00000bd0       0x38 Build/actuator.o
 .debug_aranges
                0x00000c08       0x48 Build/motor.o
 .debug_aranges
                0x00000c50       0x40 Build/robo_init.o
 .debug_aranges
                0x00000c90       0x58 Build/encoder.o
 .debug_aranges
                0x00000ce8       0x30 Build/main.o

.debug_ranges   0x00000000      0xc78
 .debug_ranges  0x00000000       0x30 Build/printf_config.o
 .debug_ranges  0x00000030       0x10 Build/gpio.o
 .debug_ranges  0x00000040       0x58 Build/tim.o
 .debug_ranges  0x00000098       0x28 Build/usart.o
 .debug_ranges  0x000000c0       0x98 Build/stm32f4xx_it.o
 .debug_ranges  0x00000158       0x10 Build/stm32f4xx_hal_msp.o
 .debug_ranges  0x00000168      0x398 Build/stm32f4xx_hal_tim.o
 .debug_ranges  0x00000500      0x140 Build/stm32f4xx_hal_tim_ex.o
 .debug_ranges  0x00000640      0x1c0 Build/stm32f4xx_hal_uart.o
 .debug_ranges  0x00000800       0x90 Build/stm32f4xx_hal_rcc.o
 .debug_ranges  0x00000890       0x48 Build/stm32f4xx_hal_gpio.o
 .debug_ranges  0x000008d8       0x80 Build/stm32f4xx_hal_dma.o
 .debug_ranges  0x00000958       0xf8 Build/stm32f4xx_hal_cortex.o
 .debug_ranges  0x00000a50       0xe0 Build/stm32f4xx_hal.o
 .debug_ranges  0x00000b30       0x18 Build/system_stm32f4xx.o
 .debug_ranges  0x00000b48       0x20 Build/startup_stm32f407xx.o
 .debug_ranges  0x00000b68       0x40 Build/actuator.o
 .debug_ranges  0x00000ba8       0x38 Build/motor.o
 .debug_ranges  0x00000be0       0x30 Build/robo_init.o
 .debug_ranges  0x00000c10       0x48 Build/encoder.o
 .debug_ranges  0x00000c58       0x20 Build/main.o

.debug_line     0x00000000     0xc4d4
 .debug_line    0x00000000      0x1d5 Build/printf_config.o
 .debug_line    0x000001d5      0x2a2 Build/gpio.o
 .debug_line    0x00000477      0x997 Build/tim.o
 .debug_line    0x00000e0e      0x3f7 Build/usart.o
 .debug_line    0x00001205      0x3ef Build/stm32f4xx_it.o
 .debug_line    0x000015f4      0x1e9 Build/stm32f4xx_hal_msp.o
 .debug_line    0x000017dd     0x3670 Build/stm32f4xx_hal_tim.o
 .debug_line    0x00004e4d     0x11a5 Build/stm32f4xx_hal_tim_ex.o
 .debug_line    0x00005ff2     0x1bdf Build/stm32f4xx_hal_uart.o
 .debug_line    0x00007bd1      0xa9a Build/stm32f4xx_hal_rcc.o
 .debug_line    0x0000866b      0x6c8 Build/stm32f4xx_hal_gpio.o
 .debug_line    0x00008d33      0xdea Build/stm32f4xx_hal_dma.o
 .debug_line    0x00009b1d      0x747 Build/stm32f4xx_hal_cortex.o
 .debug_line    0x0000a264      0x50c Build/stm32f4xx_hal.o
 .debug_line    0x0000a770      0x242 Build/system_stm32f4xx.o
 .debug_line    0x0000a9b2       0x74 Build/startup_stm32f407xx.o
 .debug_line    0x0000aa26      0x631 Build/actuator.o
 .debug_line    0x0000b057      0x515 Build/motor.o
 .debug_line    0x0000b56c      0x5e6 Build/robo_init.o
 .debug_line    0x0000bb52      0x489 Build/encoder.o
 .debug_line    0x0000bfdb      0x4f9 Build/main.o

.debug_str      0x00000000     0x4e4d
 .debug_str     0x00000000      0x250 Build/printf_config.o
                                0x2b5 (size before relaxing)
 .debug_str     0x00000250      0x4fb Build/gpio.o
                                0x784 (size before relaxing)
 .debug_str     0x0000074b      0xc0c Build/tim.o
                               0x143d (size before relaxing)
 .debug_str     0x00001357      0x1e6 Build/usart.o
                               0x111c (size before relaxing)
 .debug_str     0x0000153d      0x199 Build/stm32f4xx_it.o
                                0xd48 (size before relaxing)
 .debug_str     0x000016d6       0x46 Build/stm32f4xx_hal_msp.o
                                0x6f0 (size before relaxing)
 .debug_str     0x0000171c      0xcca Build/stm32f4xx_hal_tim.o
                               0x14e2 (size before relaxing)
 .debug_str     0x000023e6      0x423 Build/stm32f4xx_hal_tim_ex.o
                                0xcfa (size before relaxing)
 .debug_str     0x00002809      0x551 Build/stm32f4xx_hal_uart.o
                                0xc2d (size before relaxing)
 .debug_str     0x00002d5a      0x28c Build/stm32f4xx_hal_rcc.o
                                0x6d8 (size before relaxing)
 .debug_str     0x00002fe6      0x117 Build/stm32f4xx_hal_gpio.o
                                0x505 (size before relaxing)
 .debug_str     0x000030fd      0x2ca Build/stm32f4xx_hal_dma.o
                                0x78b (size before relaxing)
 .debug_str     0x000033c7      0x4a5 Build/stm32f4xx_hal_cortex.o
                                0xc3f (size before relaxing)
 .debug_str     0x0000386c      0x292 Build/stm32f4xx_hal.o
                                0xb74 (size before relaxing)
 .debug_str     0x00003afe       0x47 Build/system_stm32f4xx.o
                                0x36e (size before relaxing)
 .debug_str     0x00003b45       0x24 Build/startup_stm32f407xx.o
                                 0x45 (size before relaxing)
 .debug_str     0x00003b69      0xed4 Build/actuator.o
                               0x1b94 (size before relaxing)
 .debug_str     0x00004a3d       0xa9 Build/motor.o
                               0x17ea (size before relaxing)
 .debug_str     0x00004ae6       0xbb Build/robo_init.o
                               0x1b67 (size before relaxing)
 .debug_str     0x00004ba1      0x20f Build/encoder.o
                                0xeb7 (size before relaxing)
 .debug_str     0x00004db0       0x9d Build/main.o
                               0x1af7 (size before relaxing)

.comment        0x00000000       0x4c
 .comment       0x00000000       0x4c Build/printf_config.o
                                 0x4d (size before relaxing)
 .comment       0x0000004c       0x4d Build/gpio.o
 .comment       0x0000004c       0x4d Build/tim.o
 .comment       0x0000004c       0x4d Build/usart.o
 .comment       0x0000004c       0x4d Build/stm32f4xx_it.o
 .comment       0x0000004c       0x4d Build/stm32f4xx_hal_msp.o
 .comment       0x0000004c       0x4d Build/stm32f4xx_hal_tim.o
 .comment       0x0000004c       0x4d Build/stm32f4xx_hal_tim_ex.o
 .comment       0x0000004c       0x4d Build/stm32f4xx_hal_uart.o
 .comment       0x0000004c       0x4d Build/stm32f4xx_hal_rcc.o
 .comment       0x0000004c       0x4d Build/stm32f4xx_hal_gpio.o
 .comment       0x0000004c       0x4d Build/stm32f4xx_hal_dma.o
 .comment       0x0000004c       0x4d Build/stm32f4xx_hal_cortex.o
 .comment       0x0000004c       0x4d Build/stm32f4xx_hal.o
 .comment       0x0000004c       0x4d Build/system_stm32f4xx.o
 .comment       0x0000004c       0x4d Build/actuator.o
 .comment       0x0000004c       0x4d Build/motor.o
 .comment       0x0000004c       0x4d Build/robo_init.o
 .comment       0x0000004c       0x4d Build/encoder.o
 .comment       0x0000004c       0x4d Build/main.o

.debug_frame    0x00000000     0x3408
 .debug_frame   0x00000000       0x44 Build/printf_config.o
 .debug_frame   0x00000044       0x3c Build/gpio.o
 .debug_frame   0x00000080      0x144 Build/tim.o
 .debug_frame   0x000001c4       0x78 Build/usart.o
 .debug_frame   0x0000023c      0x180 Build/stm32f4xx_it.o
 .debug_frame   0x000003bc       0x2c Build/stm32f4xx_hal_msp.o
 .debug_frame   0x000003e8      0xa7c Build/stm32f4xx_hal_tim.o
 .debug_frame   0x00000e64      0x3b8 Build/stm32f4xx_hal_tim_ex.o
 .debug_frame   0x0000121c      0x4f4 Build/stm32f4xx_hal_uart.o
 .debug_frame   0x00001710      0x174 Build/stm32f4xx_hal_rcc.o
 .debug_frame   0x00001884       0xd8 Build/stm32f4xx_hal_gpio.o
 .debug_frame   0x0000195c      0x188 Build/stm32f4xx_hal_dma.o
 .debug_frame   0x00001ae4      0x15c Build/stm32f4xx_hal_cortex.o
 .debug_frame   0x00001c40      0x1ec Build/stm32f4xx_hal.o
 .debug_frame   0x00001e2c       0x30 Build/system_stm32f4xx.o
 .debug_frame   0x00001e5c       0x90 Build/actuator.o
 .debug_frame   0x00001eec       0xb8 Build/motor.o
 .debug_frame   0x00001fa4       0x88 Build/robo_init.o
 .debug_frame   0x0000202c       0xcc Build/encoder.o
 .debug_frame   0x000020f8       0x58 Build/main.o
 .debug_frame   0x00002150       0x20 c:/vsarm/armcc/bin/../lib/gcc/arm-none-eabi/9.3.1/../../../../arm-none-eabi/lib/thumb/v7e-m+fp/hard\libstdc++_nano.a(atexit_arm.o)
 .debug_frame   0x00002170       0x28 c:/vsarm/armcc/bin/../lib/gcc/arm-none-eabi/9.3.1/../../../../arm-none-eabi/lib/thumb/v7e-m+fp/hard\libc_nano.a(lib_a-cxa_atexit.o)
 .debug_frame   0x00002198       0x2c c:/vsarm/armcc/bin/../lib/gcc/arm-none-eabi/9.3.1/../../../../arm-none-eabi/lib/thumb/v7e-m+fp/hard\libc_nano.a(lib_a-init.o)
 .debug_frame   0x000021c4       0x20 c:/vsarm/armcc/bin/../lib/gcc/arm-none-eabi/9.3.1/../../../../arm-none-eabi/lib/thumb/v7e-m+fp/hard\libc_nano.a(lib_a-memset.o)
 .debug_frame   0x000021e4       0xa0 c:/vsarm/armcc/bin/../lib/gcc/arm-none-eabi/9.3.1/../../../../arm-none-eabi/lib/thumb/v7e-m+fp/hard\libc_nano.a(lib_a-nano-vfprintf_float.o)
 .debug_frame   0x00002284       0x60 c:/vsarm/armcc/bin/../lib/gcc/arm-none-eabi/9.3.1/../../../../arm-none-eabi/lib/thumb/v7e-m+fp/hard\libc_nano.a(lib_a-nano-vfprintf_i.o)
 .debug_frame   0x000022e4       0x74 c:/vsarm/armcc/bin/../lib/gcc/arm-none-eabi/9.3.1/../../../../arm-none-eabi/lib/thumb/v7e-m+fp/hard\libc_nano.a(lib_a-printf.o)
 .debug_frame   0x00002358       0x7c c:/vsarm/armcc/bin/../lib/gcc/arm-none-eabi/9.3.1/../../../../arm-none-eabi/lib/thumb/v7e-m+fp/hard\libc_nano.a(lib_a-dtoa.o)
 .debug_frame   0x000023d4      0x14c c:/vsarm/armcc/bin/../lib/gcc/arm-none-eabi/9.3.1/../../../../arm-none-eabi/lib/thumb/v7e-m+fp/hard\libc_nano.a(lib_a-findfp.o)
 .debug_frame   0x00002520       0x54 c:/vsarm/armcc/bin/../lib/gcc/arm-none-eabi/9.3.1/../../../../arm-none-eabi/lib/thumb/v7e-m+fp/hard\libc_nano.a(lib_a-fwalk.o)
 .debug_frame   0x00002574       0x40 c:/vsarm/armcc/bin/../lib/gcc/arm-none-eabi/9.3.1/../../../../arm-none-eabi/lib/thumb/v7e-m+fp/hard\libc_nano.a(lib_a-localeconv.o)
 .debug_frame   0x000025b4       0xb0 c:/vsarm/armcc/bin/../lib/gcc/arm-none-eabi/9.3.1/../../../../arm-none-eabi/lib/thumb/v7e-m+fp/hard\libc_nano.a(lib_a-lock.o)
 .debug_frame   0x00002664       0x30 c:/vsarm/armcc/bin/../lib/gcc/arm-none-eabi/9.3.1/../../../../arm-none-eabi/lib/thumb/v7e-m+fp/hard\libc_nano.a(lib_a-malloc.o)
 .debug_frame   0x00002694       0x28 c:/vsarm/armcc/bin/../lib/gcc/arm-none-eabi/9.3.1/../../../../arm-none-eabi/lib/thumb/v7e-m+fp/hard\libc_nano.a(lib_a-memcpy-stub.o)
 .debug_frame   0x000026bc      0x25c c:/vsarm/armcc/bin/../lib/gcc/arm-none-eabi/9.3.1/../../../../arm-none-eabi/lib/thumb/v7e-m+fp/hard\libc_nano.a(lib_a-mprec.o)
 .debug_frame   0x00002918       0x2c c:/vsarm/armcc/bin/../lib/gcc/arm-none-eabi/9.3.1/../../../../arm-none-eabi/lib/thumb/v7e-m+fp/hard\libc_nano.a(lib_a-nano-callocr.o)
 .debug_frame   0x00002944       0x38 c:/vsarm/armcc/bin/../lib/gcc/arm-none-eabi/9.3.1/../../../../arm-none-eabi/lib/thumb/v7e-m+fp/hard\libc_nano.a(lib_a-nano-freer.o)
 .debug_frame   0x0000297c       0x30 c:/vsarm/armcc/bin/../lib/gcc/arm-none-eabi/9.3.1/../../../../arm-none-eabi/lib/thumb/v7e-m+fp/hard\libc_nano.a(lib_a-nano-mallocr.o)
 .debug_frame   0x000029ac       0xac c:/vsarm/armcc/bin/../lib/gcc/arm-none-eabi/9.3.1/../../../../arm-none-eabi/lib/thumb/v7e-m+fp/hard\libc_nano.a(lib_a-nano-vfprintf.o)
 .debug_frame   0x00002a58       0x2c c:/vsarm/armcc/bin/../lib/gcc/arm-none-eabi/9.3.1/../../../../arm-none-eabi/lib/thumb/v7e-m+fp/hard\libc_nano.a(lib_a-sbrkr.o)
 .debug_frame   0x00002a84       0x88 c:/vsarm/armcc/bin/../lib/gcc/arm-none-eabi/9.3.1/../../../../arm-none-eabi/lib/thumb/v7e-m+fp/hard\libc_nano.a(lib_a-stdio.o)
 .debug_frame   0x00002b0c       0x40 c:/vsarm/armcc/bin/../lib/gcc/arm-none-eabi/9.3.1/../../../../arm-none-eabi/lib/thumb/v7e-m+fp/hard\libc_nano.a(lib_a-wbuf.o)
 .debug_frame   0x00002b4c       0x2c c:/vsarm/armcc/bin/../lib/gcc/arm-none-eabi/9.3.1/../../../../arm-none-eabi/lib/thumb/v7e-m+fp/hard\libc_nano.a(lib_a-writer.o)
 .debug_frame   0x00002b78       0x2c c:/vsarm/armcc/bin/../lib/gcc/arm-none-eabi/9.3.1/../../../../arm-none-eabi/lib/thumb/v7e-m+fp/hard\libc_nano.a(lib_a-wsetup.o)
 .debug_frame   0x00002ba4       0x40 c:/vsarm/armcc/bin/../lib/gcc/arm-none-eabi/9.3.1/../../../../arm-none-eabi/lib/thumb/v7e-m+fp/hard\libc_nano.a(lib_a-assert.o)
 .debug_frame   0x00002be4       0x2c c:/vsarm/armcc/bin/../lib/gcc/arm-none-eabi/9.3.1/../../../../arm-none-eabi/lib/thumb/v7e-m+fp/hard\libc_nano.a(lib_a-closer.o)
 .debug_frame   0x00002c10       0x5c c:/vsarm/armcc/bin/../lib/gcc/arm-none-eabi/9.3.1/../../../../arm-none-eabi/lib/thumb/v7e-m+fp/hard\libc_nano.a(lib_a-fflush.o)
 .debug_frame   0x00002c6c       0x64 c:/vsarm/armcc/bin/../lib/gcc/arm-none-eabi/9.3.1/../../../../arm-none-eabi/lib/thumb/v7e-m+fp/hard\libc_nano.a(lib_a-fprintf.o)
 .debug_frame   0x00002cd0       0x48 c:/vsarm/armcc/bin/../lib/gcc/arm-none-eabi/9.3.1/../../../../arm-none-eabi/lib/thumb/v7e-m+fp/hard\libc_nano.a(lib_a-locale.o)
 .debug_frame   0x00002d18       0x2c c:/vsarm/armcc/bin/../lib/gcc/arm-none-eabi/9.3.1/../../../../arm-none-eabi/lib/thumb/v7e-m+fp/hard\libc_nano.a(lib_a-lseekr.o)
 .debug_frame   0x00002d44       0x58 c:/vsarm/armcc/bin/../lib/gcc/arm-none-eabi/9.3.1/../../../../arm-none-eabi/lib/thumb/v7e-m+fp/hard\libc_nano.a(lib_a-makebuf.o)
 .debug_frame   0x00002d9c       0x48 c:/vsarm/armcc/bin/../lib/gcc/arm-none-eabi/9.3.1/../../../../arm-none-eabi/lib/thumb/v7e-m+fp/hard\libc_nano.a(lib_a-mbtowc_r.o)
 .debug_frame   0x00002de4       0x30 c:/vsarm/armcc/bin/../lib/gcc/arm-none-eabi/9.3.1/../../../../arm-none-eabi/lib/thumb/v7e-m+fp/hard\libc_nano.a(lib_a-mlock.o)
 .debug_frame   0x00002e14       0x2c c:/vsarm/armcc/bin/../lib/gcc/arm-none-eabi/9.3.1/../../../../arm-none-eabi/lib/thumb/v7e-m+fp/hard\libc_nano.a(lib_a-readr.o)
 .debug_frame   0x00002e40       0x5c c:/vsarm/armcc/bin/../lib/gcc/arm-none-eabi/9.3.1/../../../../arm-none-eabi/lib/thumb/v7e-m+fp/hard\libc_nano.a(lib_a-reent.o)
 .debug_frame   0x00002e9c       0x3c c:/vsarm/armcc/bin/../lib/gcc/arm-none-eabi/9.3.1/../../../../arm-none-eabi/lib/thumb/v7e-m+fp/hard\libc_nano.a(lib_a-wctomb_r.o)
 .debug_frame   0x00002ed8       0x28 c:/vsarm/armcc/bin/../lib/gcc/arm-none-eabi/9.3.1/../../../../arm-none-eabi/lib/thumb/v7e-m+fp/hard\libc_nano.a(lib_a-abort.o)
 .debug_frame   0x00002f00       0x2c c:/vsarm/armcc/bin/../lib/gcc/arm-none-eabi/9.3.1/../../../../arm-none-eabi/lib/thumb/v7e-m+fp/hard\libc_nano.a(lib_a-fstatr.o)
 .debug_frame   0x00002f2c       0x2c c:/vsarm/armcc/bin/../lib/gcc/arm-none-eabi/9.3.1/../../../../arm-none-eabi/lib/thumb/v7e-m+fp/hard\libc_nano.a(lib_a-isattyr.o)
 .debug_frame   0x00002f58       0xcc c:/vsarm/armcc/bin/../lib/gcc/arm-none-eabi/9.3.1/../../../../arm-none-eabi/lib/thumb/v7e-m+fp/hard\libc_nano.a(lib_a-signal.o)
 .debug_frame   0x00003024       0x3c c:/vsarm/armcc/bin/../lib/gcc/arm-none-eabi/9.3.1/../../../../arm-none-eabi/lib/thumb/v7e-m+fp/hard\libc_nano.a(lib_a-signalr.o)
 .debug_frame   0x00003060       0xac c:/vsarm/armcc/bin/../lib/gcc/arm-none-eabi/9.3.1/thumb/v7e-m+fp/hard\libgcc.a(_arm_addsubdf3.o)
 .debug_frame   0x0000310c       0x50 c:/vsarm/armcc/bin/../lib/gcc/arm-none-eabi/9.3.1/thumb/v7e-m+fp/hard\libgcc.a(_arm_muldivdf3.o)
 .debug_frame   0x0000315c       0xc4 c:/vsarm/armcc/bin/../lib/gcc/arm-none-eabi/9.3.1/thumb/v7e-m+fp/hard\libgcc.a(_arm_cmpdf2.o)
 .debug_frame   0x00003220       0x20 c:/vsarm/armcc/bin/../lib/gcc/arm-none-eabi/9.3.1/thumb/v7e-m+fp/hard\libgcc.a(_arm_unorddf2.o)
 .debug_frame   0x00003240       0x24 c:/vsarm/armcc/bin/../lib/gcc/arm-none-eabi/9.3.1/thumb/v7e-m+fp/hard\libgcc.a(_arm_fixdfsi.o)
 .debug_frame   0x00003264       0x24 c:/vsarm/armcc/bin/../lib/gcc/arm-none-eabi/9.3.1/thumb/v7e-m+fp/hard\libgcc.a(_arm_fixunsdfsi.o)