Archive member included to satisfy reference by file (symbol)

c:/program files (x86)/gnu tools arm embedded/7 2017-q4-major/bin/../lib/gcc/arm-none-eabi/7.2.1/../../../../arm-none-eabi/lib/thumb/v7e-m/fpv4-sp/hard\libstdc++_nano.a(atexit_arm.o)
                              Build/robo_init.o (__aeabi_atexit)
c:/program files (x86)/gnu tools arm embedded/7 2017-q4-major/bin/../lib/gcc/arm-none-eabi/7.2.1/../../../../arm-none-eabi/lib/thumb/v7e-m/fpv4-sp/hard\libc_nano.a(lib_a-cxa_atexit.o)
                              c:/program files (x86)/gnu tools arm embedded/7 2017-q4-major/bin/../lib/gcc/arm-none-eabi/7.2.1/../../../../arm-none-eabi/lib/thumb/v7e-m/fpv4-sp/hard\libstdc++_nano.a(atexit_arm.o) (__cxa_atexit)
c:/program files (x86)/gnu tools arm embedded/7 2017-q4-major/bin/../lib/gcc/arm-none-eabi/7.2.1/../../../../arm-none-eabi/lib/thumb/v7e-m/fpv4-sp/hard\libc_nano.a(lib_a-exit.o)
                              c:/program files (x86)/gnu tools arm embedded/7 2017-q4-major/bin/../lib/gcc/arm-none-eabi/7.2.1/../../../../arm-none-eabi/lib/thumb/v7e-m/fpv4-sp/hard/crt0.o (exit)
c:/program files (x86)/gnu tools arm embedded/7 2017-q4-major/bin/../lib/gcc/arm-none-eabi/7.2.1/../../../../arm-none-eabi/lib/thumb/v7e-m/fpv4-sp/hard\libc_nano.a(lib_a-impure.o)
                              c:/program files (x86)/gnu tools arm embedded/7 2017-q4-major/bin/../lib/gcc/arm-none-eabi/7.2.1/../../../../arm-none-eabi/lib/thumb/v7e-m/fpv4-sp/hard\libc_nano.a(lib_a-exit.o) (_global_impure_ptr)
c:/program files (x86)/gnu tools arm embedded/7 2017-q4-major/bin/../lib/gcc/arm-none-eabi/7.2.1/../../../../arm-none-eabi/lib/thumb/v7e-m/fpv4-sp/hard\libc_nano.a(lib_a-init.o)
                              c:/program files (x86)/gnu tools arm embedded/7 2017-q4-major/bin/../lib/gcc/arm-none-eabi/7.2.1/../../../../arm-none-eabi/lib/thumb/v7e-m/fpv4-sp/hard/crt0.o (__libc_init_array)
c:/program files (x86)/gnu tools arm embedded/7 2017-q4-major/bin/../lib/gcc/arm-none-eabi/7.2.1/../../../../arm-none-eabi/lib/thumb/v7e-m/fpv4-sp/hard\libc_nano.a(lib_a-memset.o)
                              c:/program files (x86)/gnu tools arm embedded/7 2017-q4-major/bin/../lib/gcc/arm-none-eabi/7.2.1/../../../../arm-none-eabi/lib/thumb/v7e-m/fpv4-sp/hard/crt0.o (memset)
c:/program files (x86)/gnu tools arm embedded/7 2017-q4-major/bin/../lib/gcc/arm-none-eabi/7.2.1/../../../../arm-none-eabi/lib/thumb/v7e-m/fpv4-sp/hard\libc_nano.a(lib_a-nano-vfprintf_float.o)
                              (_printf_float)
c:/program files (x86)/gnu tools arm embedded/7 2017-q4-major/bin/../lib/gcc/arm-none-eabi/7.2.1/../../../../arm-none-eabi/lib/thumb/v7e-m/fpv4-sp/hard\libc_nano.a(lib_a-nano-vfprintf_i.o)
                              c:/program files (x86)/gnu tools arm embedded/7 2017-q4-major/bin/../lib/gcc/arm-none-eabi/7.2.1/../../../../arm-none-eabi/lib/thumb/v7e-m/fpv4-sp/hard\libc_nano.a(lib_a-nano-vfprintf_float.o) (_printf_common)
c:/program files (x86)/gnu tools arm embedded/7 2017-q4-major/bin/../lib/gcc/arm-none-eabi/7.2.1/../../../../arm-none-eabi/lib/thumb/v7e-m/fpv4-sp/hard\libc_nano.a(lib_a-on_exit_args.o)
                              c:/program files (x86)/gnu tools arm embedded/7 2017-q4-major/bin/../lib/gcc/arm-none-eabi/7.2.1/../../../../arm-none-eabi/lib/thumb/v7e-m/fpv4-sp/hard\libc_nano.a(lib_a-cxa_atexit.o) (__on_exit_args)
c:/program files (x86)/gnu tools arm embedded/7 2017-q4-major/bin/../lib/gcc/arm-none-eabi/7.2.1/../../../../arm-none-eabi/lib/thumb/v7e-m/fpv4-sp/hard\libc_nano.a(lib_a-printf.o)
                              Build/actuator.o (printf)
c:/program files (x86)/gnu tools arm embedded/7 2017-q4-major/bin/../lib/gcc/arm-none-eabi/7.2.1/../../../../arm-none-eabi/lib/thumb/v7e-m/fpv4-sp/hard\libc_nano.a(lib_a-puts.o)
                              Build/joystick.o (puts)
c:/program files (x86)/gnu tools arm embedded/7 2017-q4-major/bin/../lib/gcc/arm-none-eabi/7.2.1/../../../../arm-none-eabi/lib/thumb/v7e-m/fpv4-sp/hard\libc_nano.a(lib_a-strlen.o)
                              c:/program files (x86)/gnu tools arm embedded/7 2017-q4-major/bin/../lib/gcc/arm-none-eabi/7.2.1/../../../../arm-none-eabi/lib/thumb/v7e-m/fpv4-sp/hard\libc_nano.a(lib_a-nano-vfprintf_float.o) (strlen)
c:/program files (x86)/gnu tools arm embedded/7 2017-q4-major/bin/../lib/gcc/arm-none-eabi/7.2.1/../../../../arm-none-eabi/lib/thumb/v7e-m/fpv4-sp/hard\libc_nano.a(lib_a-wbuf.o)
                              c:/program files (x86)/gnu tools arm embedded/7 2017-q4-major/bin/../lib/gcc/arm-none-eabi/7.2.1/../../../../arm-none-eabi/lib/thumb/v7e-m/fpv4-sp/hard\libc_nano.a(lib_a-puts.o) (__swbuf_r)
c:/program files (x86)/gnu tools arm embedded/7 2017-q4-major/bin/../lib/gcc/arm-none-eabi/7.2.1/../../../../arm-none-eabi/lib/thumb/v7e-m/fpv4-sp/hard\libc_nano.a(lib_a-wsetup.o)
[...]
Memory Configuration

Name             Origin             Length             Attributes
RAM              0x20000000         0x00020000         xrw
CCMRAM           0x10000000         0x00010000         rw
FLASH            0x08000000         0x00100000         xr
*default*        0x00000000         0xffffffff

Linker script and memory map

LOAD c:/program files (x86)/gnu tools arm embedded/7 2017-q4-major/bin/../lib/gcc/arm-none-eabi/7.2.1/thumb/v7e-m/fpv4-sp/hard/crti.o
LOAD c:/program files (x86)/gnu tools arm embedded/7 2017-q4-major/bin/../lib/gcc/arm-none-eabi/7.2.1/thumb/v7e-m/fpv4-sp/hard/crtbegin.o
LOAD c:/program files (x86)/gnu tools arm embedded/7 2017-q4-major/bin/../lib/gcc/arm-none-eabi/7.2.1/../../../../arm-none-eabi/lib/thumb/v7e-m/fpv4-sp/hard/crt0.o
LOAD Build/printf_config.o
LOAD Build/gpio.o
LOAD Build/tim.o
LOAD Build/usart.o
LOAD Build/stm32f4xx_it.o
LOAD Build/stm32f4xx_hal_msp.o
LOAD Build/stm32f4xx_hal_tim.o
LOAD Build/stm32f4xx_hal_tim_ex.o
LOAD Build/stm32f4xx_hal_uart.o
LOAD Build/stm32f4xx_hal_rcc.o
LOAD Build/stm32f4xx_hal_rcc_ex.o
LOAD Build/stm32f4xx_hal_flash.o
LOAD Build/stm32f4xx_hal_flash_ex.o
LOAD Build/stm32f4xx_hal_flash_ramfunc.o
LOAD Build/stm32f4xx_hal_gpio.o
LOAD Build/stm32f4xx_hal_dma_ex.o
LOAD Build/stm32f4xx_hal_dma.o
LOAD Build/stm32f4xx_hal_pwr.o
LOAD Build/stm32f4xx_hal_pwr_ex.o
LOAD Build/stm32f4xx_hal_cortex.o
LOAD Build/stm32f4xx_hal.o
LOAD Build/stm32f4xx_hal_exti.o
LOAD Build/system_stm32f4xx.o
LOAD Build/dma.o
LOAD Build/startup_stm32f407xx.o
LOAD Build/actuator.o
LOAD Build/motor.o
LOAD Build/robo_init.o
LOAD Build/encoder.o
LOAD Build/main.o
LOAD Build/joystick.o
LOAD Build/crc_hash.o
LOAD c:/program files (x86)/gnu tools arm embedded/7 2017-q4-major/bin/../lib/gcc/arm-none-eabi/7.2.1/../../../../arm-none-eabi/lib/thumb/v7e-m/fpv4-sp/hard\libnosys.a
LOAD c:/program files (x86)/gnu tools arm embedded/7 2017-q4-major/bin/../lib/gcc/arm-none-eabi/7.2.1/../../../../arm-none-eabi/lib/thumb/v7e-m/fpv4-sp/hard\libstdc++_nano.a
LOAD c:/program files (x86)/gnu tools arm embedded/7 2017-q4-major/bin/../lib/gcc/arm-none-eabi/7.2.1/../../../../arm-none-eabi/lib/thumb/v7e-m/fpv4-sp/hard\libm.a
LOAD c:/program files (x86)/gnu tools arm embedded/7 2017-q4-major/bin/../lib/gcc/arm-none-eabi/7.2.1/../../../../arm-none-eabi/lib/thumb/v7e-m/fpv4-sp/hard\libc_nano.a
START GROUP
LOAD c:/program files (x86)/gnu tools arm embedded/7 2017-q4-major/bin/../lib/gcc/arm-none-eabi/7.2.1/thumb/v7e-m/fpv4-sp/hard\libgcc.a
LOAD c:/program files (x86)/gnu tools arm embedded/7 2017-q4-major/bin/../lib/gcc/arm-none-eabi/7.2.1/../../../../arm-none-eabi/lib/thumb/v7e-m/fpv4-sp/hard\libc_nano.a
END GROUP
START GROUP
LOAD c:/program files (x86)/gnu tools arm embedded/7 2017-q4-major/bin/../lib/gcc/arm-none-eabi/7.2.1/thumb/v7e-m/fpv4-sp/hard\libgcc.a
LOAD c:/program files (x86)/gnu tools arm embedded/7 2017-q4-major/bin/../lib/gcc/arm-none-eabi/7.2.1/../../../../arm-none-eabi/lib/thumb/v7e-m/fpv4-sp/hard\libc_nano.a
LOAD c:/program files (x86)/gnu tools arm embedded/7 2017-q4-major/bin/../lib/gcc/arm-none-eabi/7.2.1/../../../../arm-none-eabi/lib/thumb/v7e-m/fpv4-sp/hard\libnosys.a
END GROUP
START GROUP
LOAD c:/program files (x86)/gnu tools arm embedded/7 2017-q4-major/bin/../lib/gcc/arm-none-eabi/7.2.1/thumb/v7e-m/fpv4-sp/hard\libgcc.a
LOAD c:/program files (x86)/gnu tools arm embedded/7 2017-q4-major/bin/../lib/gcc/arm-none-eabi/7.2.1/../../../../arm-none-eabi/lib/thumb/v7e-m/fpv4-sp/hard\libc_nano.a
LOAD c:/program files (x86)/gnu tools arm embedded/7 2017-q4-major/bin/../lib/gcc/arm-none-eabi/7.2.1/../../../../arm-none-eabi/lib/thumb/v7e-m/fpv4-sp/hard\libnosys.a
END GROUP
LOAD c:/program files (x86)/gnu tools arm embedded/7 2017-q4-major/bin/../lib/gcc/arm-none-eabi/7.2.1/thumb/v7e-m/fpv4-sp/hard/crtend.o
LOAD c:/program files (x86)/gnu tools arm embedded/7 2017-q4-major/bin/../lib/gcc/arm-none-eabi/7.2.1/thumb/v7e-m/fpv4-sp/hard/crtn.o
                0x20020000                _estack = 0x20020000
                0x00000200                _Min_Heap_Size = 0x200
                0x00000400                _Min_Stack_Size = 0x400

.isr_vector     0x08000000      0x188
                0x08000000                . = ALIGN (0x4)
 *(.isr_vector)
 .isr_vector    0x08000000      0x188 Build/startup_stm32f407xx.o
                0x08000000                g_pfnVectors
                0x08000188                . = ALIGN (0x4)

.text           0x08000188     0x5888
                0x08000188                . = ALIGN (0x4)
 *(.text)
 .text          0x08000188       0x40 c:/program files (x86)/gnu tools arm embedded/7 2017-q4-major/bin/../lib/gcc/arm-none-eabi/7.2.1/thumb/v7e-m/fpv4-sp/hard/crtbegin.o
 .text          0x080001c8       0x10 c:/program files (x86)/gnu tools arm embedded/7 2017-q4-major/bin/../lib/gcc/arm-none-eabi/7.2.1/../../../../arm-none-eabi/lib/thumb/v7e-m/fpv4-sp/hard\libc_nano.a(lib_a-strlen.o)
                0x080001c8                strlen
 .text          0x080001d8      0x378 c:/program files (x86)/gnu tools arm embedded/7 2017-q4-major/bin/../lib/gcc/arm-none-eabi/7.2.1/thumb/v7e-m/fpv4-sp/hard\libgcc.a(_arm_addsubdf3.o)
                0x080001d8                __aeabi_drsub
                0x080001e0                __aeabi_dsub
                0x080001e0                __subdf3
                0x080001e4                __aeabi_dadd
                0x080001e4                __adddf3
                0x0800045c                __floatunsidf
                0x0800045c                __aeabi_ui2d
                0x0800047c                __floatsidf
                0x0800047c                __aeabi_i2d
                0x080004a0                __aeabi_f2d
                0x080004a0                __extendsfdf2
                0x080004e4                __floatundidf
                0x080004e4                __aeabi_ul2d
                0x080004f4                __floatdidf
                0x080004f4                __aeabi_l2d
 .text          0x08000550      0x424 c:/program files (x86)/gnu tools arm embedded/7 2017-q4-major/bin/../lib/gcc/arm-none-eabi/7.2.1/thumb/v7e-m/fpv4-sp/hard\libgcc.a(_arm_muldivdf3.o)
                0x08000550                __aeabi_dmul
                0x08000550                __muldf3
                0x080007a4                __divdf3
                0x080007a4                __aeabi_ddiv
 .text          0x08000974      0x110 c:/program files (x86)/gnu tools arm embedded/7 2017-q4-major/bin/../lib/gcc/arm-none-eabi/7.2.1/thumb/v7e-m/fpv4-sp/hard\libgcc.a(_arm_cmpdf2.o)
                0x08000974                __gtdf2
                0x08000974                __gedf2
                0x0800097c                __ltdf2
                0x0800097c                __ledf2
                0x08000984                __nedf2
                0x08000984                __eqdf2
                0x08000984                __cmpdf2
                0x08000a00                __aeabi_cdrcmple
                0x08000a10                __aeabi_cdcmpeq
                0x08000a10                __aeabi_cdcmple
                0x08000a20                __aeabi_dcmpeq
                0x08000a34                __aeabi_dcmplt
                0x08000a48                __aeabi_dcmple
                0x08000a5c                __aeabi_dcmpge
                0x08000a70                __aeabi_dcmpgt
 .text          0x08000a84       0x2c c:/program files (x86)/gnu tools arm embedded/7 2017-q4-major/bin/../lib/gcc/arm-none-eabi/7.2.1/thumb/v7e-m/fpv4-sp/hard\libgcc.a(_arm_unorddf2.o)
                0x08000a84                __unorddf2
                0x08000a84                __aeabi_dcmpun
 .text          0x08000ab0       0x50 c:/program files (x86)/gnu tools arm embedded/7 2017-q4-major/bin/../lib/gcc/arm-none-eabi/7.2.1/thumb/v7e-m/fpv4-sp/hard\libgcc.a(_arm_fixdfsi.o)
                0x08000ab0                __aeabi_d2iz
                0x08000ab0                __fixdfsi
 .text          0x08000b00       0x30 c:/program files (x86)/gnu tools arm embedded/7 2017-q4-major/bin/../lib/gcc/arm-none-eabi/7.2.1/thumb/v7e-m/fpv4-sp/hard\libgcc.a(_aeabi_uldivmod.o)
                0x08000b00                __aeabi_uldivmod
 .text          0x08000b30      0x2cc c:/program files (x86)/gnu tools arm embedded/7 2017-q4-major/bin/../lib/gcc/arm-none-eabi/7.2.1/thumb/v7e-m/fpv4-sp/hard\libgcc.a(_udivmoddi4.o)
                0x08000b30                __udivmoddi4
 .text          0x08000dfc        0x4 c:/program files (x86)/gnu tools arm embedded/7 2017-q4-major/bin/../lib/gcc/arm-none-eabi/7.2.1/thumb/v7e-m/fpv4-sp/hard\libgcc.a(_dvmd_tls.o)
                0x08000dfc                __aeabi_idiv0
                0x08000dfc                __aeabi_ldiv0
 *(.text*)
 .text.ITM_SendString
                0x08000e00       0x4e Build/printf_config.o
                0x08000e00                ITM_SendString
 .text._write   0x08000e4e        0xc Build/printf_config.o
                0x08000e4e                _write
 *fill*         0x08000e5a        0x2 
 .text.MX_GPIO_Init
                0x08000e5c      0x154 Build/gpio.o
                0x08000e5c                MX_GPIO_Init
 .text.MX_TIM1_Init
                0x08000fb0       0x64 Build/tim.o
                0x08000fb0                MX_TIM1_Init
 .text.MX_TIM2_Init
                0x08001014       0x60 Build/tim.o
                0x08001014                MX_TIM2_Init
 .text.MX_TIM3_Init
                0x08001074       0x64 Build/tim.o
                0x08001074                MX_TIM3_Init
 .text.MX_TIM4_Init
                0x080010d8       0x64 Build/tim.o
                0x080010d8                MX_TIM4_Init
 .text.HAL_TIM_Encoder_MspInit
                0x0800113c      0x228 Build/tim.o
                0x0800113c                HAL_TIM_Encoder_MspInit
 .text.HAL_TIM_PWM_MspInit
                0x08001364       0x40 Build/tim.o
                0x08001364                HAL_TIM_PWM_MspInit
 .text.HAL_TIM_MspPostInit
                0x080013a4       0x5c Build/tim.o
                0x080013a4                HAL_TIM_MspPostInit
 .text.MX_TIM8_Init
                0x08001400       0xf0 Build/tim.o
                0x08001400                MX_TIM8_Init
 .text.MX_UART4_Init
                0x080014f0       0x34 Build/usart.o
                0x080014f0                MX_UART4_Init
 .text.MX_USART2_UART_Init
                0x08001524       0x34 Build/usart.o
                0x08001524                MX_USART2_UART_Init
 .text.HAL_UART_MspInit
                0x08001558      0x14c Build/usart.o
                0x08001558                HAL_UART_MspInit
 .text.NMI_Handler
                0x080016a4        0x2 Build/stm32f4xx_it.o
                0x080016a4                NMI_Handler
 .text.HardFault_Handler
                0x080016a6        0x2 Build/stm32f4xx_it.o
                0x080016a6                HardFault_Handler
 .text.MemManage_Handler
                0x080016a8        0x2 Build/stm32f4xx_it.o
                0x080016a8                MemManage_Handler
 .text.BusFault_Handler
                0x080016aa        0x2 Build/stm32f4xx_it.o
                0x080016aa                BusFault_Handler
 .text.UsageFault_Handler
                0x080016ac        0x2 Build/stm32f4xx_it.o
                0x080016ac                UsageFault_Handler
 .text.SVC_Handler
                0x080016ae        0x2 Build/stm32f4xx_it.o
                0x080016ae                SVC_Handler
 .text.DebugMon_Handler
                0x080016b0        0x2 Build/stm32f4xx_it.o
                0x080016b0                DebugMon_Handler
 .text.PendSV_Handler
                0x080016b2        0x2 Build/stm32f4xx_it.o
                0x080016b2                PendSV_Handler
 .text.SysTick_Handler
                0x080016b4        0x8 Build/stm32f4xx_it.o
                0x080016b4                SysTick_Handler
 .text.DMA1_Stream2_IRQHandler
                0x080016bc       0x10 Build/stm32f4xx_it.o
                0x080016bc                DMA1_Stream2_IRQHandler
 .text.DMA1_Stream5_IRQHandler
                0x080016cc       0x10 Build/stm32f4xx_it.o
                0x080016cc                DMA1_Stream5_IRQHandler
 .text.TIM1_BRK_TIM9_IRQHandler
                0x080016dc       0x10 Build/stm32f4xx_it.o
                0x080016dc                TIM1_BRK_TIM9_IRQHandler
 .text.TIM1_UP_TIM10_IRQHandler
                0x080016ec       0x10 Build/stm32f4xx_it.o
                0x080016ec                TIM1_UP_TIM10_IRQHandler
 .text.TIM1_TRG_COM_TIM11_IRQHandler
                0x080016fc       0x10 Build/stm32f4xx_it.o
                0x080016fc                TIM1_TRG_COM_TIM11_IRQHandler
 .text.TIM1_CC_IRQHandler
                0x0800170c       0x10 Build/stm32f4xx_it.o
                0x0800170c                TIM1_CC_IRQHandler
 .text.TIM2_IRQHandler
                0x0800171c       0x10 Build/stm32f4xx_it.o
                0x0800171c                TIM2_IRQHandler
 .text.TIM3_IRQHandler
                0x0800172c       0x10 Build/stm32f4xx_it.o
                0x0800172c                TIM3_IRQHandler
 .text.TIM4_IRQHandler
                0x0800173c       0x10 Build/stm32f4xx_it.o
                0x0800173c                TIM4_IRQHandler
 .text.TIM8_UP_TIM13_IRQHandler
                0x0800174c       0x10 Build/stm32f4xx_it.o
                0x0800174c                TIM8_UP_TIM13_IRQHandler
 .text.HAL_MspInit
                0x0800175c       0x40 Build/stm32f4xx_hal_msp.o
                0x0800175c                HAL_MspInit
 .text.TIM_OC1_SetConfig
                0x0800179c       0x68 Build/stm32f4xx_hal_tim.o
 .text.TIM_OC3_SetConfig
                0x08001804       0x70 Build/stm32f4xx_hal_tim.o
 .text.TIM_OC4_SetConfig
                0x08001874       0x50 Build/stm32f4xx_hal_tim.o
 .text.HAL_TIM_Base_Start
                0x080018c4       0x24 Build/stm32f4xx_hal_tim.o
                0x080018c4                HAL_TIM_Base_Start
 .text.HAL_TIM_PeriodElapsedCallback
                0x080018e8        0x2 Build/stm32f4xx_hal_tim.o
                0x080018e8                HAL_TIM_PeriodElapsedCallback
 .text.HAL_TIM_OC_DelayElapsedCallback
                0x080018ea        0x2 Build/stm32f4xx_hal_tim.o
                0x080018ea                HAL_TIM_OC_DelayElapsedCallback
 .text.HAL_TIM_IC_CaptureCallback
                0x080018ec        0x2 Build/stm32f4xx_hal_tim.o
                0x080018ec                HAL_TIM_IC_CaptureCallback
 .text.HAL_TIM_PWM_PulseFinishedCallback
                0x080018ee        0x2 Build/stm32f4xx_hal_tim.o
                0x080018ee                HAL_TIM_PWM_PulseFinishedCallback
 .text.HAL_TIM_TriggerCallback
                0x080018f0        0x2 Build/stm32f4xx_hal_tim.o
                0x080018f0                HAL_TIM_TriggerCallback
 .text.HAL_TIM_IRQHandler
                0x080018f2      0x17a Build/stm32f4xx_hal_tim.o
                0x080018f2                HAL_TIM_IRQHandler
 .text.TIM_Base_SetConfig
                0x08001a6c       0xc8 Build/stm32f4xx_hal_tim.o
                0x08001a6c                TIM_Base_SetConfig
 .text.HAL_TIM_PWM_Init
                0x08001b34       0x32 Build/stm32f4xx_hal_tim.o
                0x08001b34                HAL_TIM_PWM_Init
 .text.HAL_TIM_Encoder_Init
                0x08001b66       0x9c Build/stm32f4xx_hal_tim.o
                0x08001b66                HAL_TIM_Encoder_Init
 *fill*         0x08001c02        0x2 
 .text.TIM_OC2_SetConfig
                0x08001c04       0x70 Build/stm32f4xx_hal_tim.o
                0x08001c04                TIM_OC2_SetConfig
 .text.HAL_TIM_PWM_ConfigChannel
                0x08001c74       0xdc Build/stm32f4xx_hal_tim.o
                0x08001c74                HAL_TIM_PWM_ConfigChannel
 .text.TIM_CCxChannelCmd
                0x08001d50       0x22 Build/stm32f4xx_hal_tim.o
                0x08001d50                TIM_CCxChannelCmd
 *fill*         0x08001d72        0x2 
 .text.HAL_TIM_PWM_Start
                0x08001d74       0x40 Build/stm32f4xx_hal_tim.o
                0x08001d74                HAL_TIM_PWM_Start
 .text.HAL_TIM_Encoder_Start
                0x08001db4       0x44 Build/stm32f4xx_hal_tim.o
                0x08001db4                HAL_TIM_Encoder_Start
 .text.HAL_TIMEx_MasterConfigSynchronization
                0x08001df8       0x46 Build/stm32f4xx_hal_tim_ex.o
                0x08001df8                HAL_TIMEx_MasterConfigSynchronization
 .text.HAL_TIMEx_ConfigBreakDeadTime
                0x08001e3e       0x52 Build/stm32f4xx_hal_tim_ex.o
                0x08001e3e                HAL_TIMEx_ConfigBreakDeadTime
 .text.HAL_TIMEx_CommutCallback
                0x08001e90        0x2 Build/stm32f4xx_hal_tim_ex.o
                0x08001e90                HAL_TIMEx_CommutCallback
 .text.HAL_TIMEx_BreakCallback
                0x08001e92        0x2 Build/stm32f4xx_hal_tim_ex.o
                0x08001e92                HAL_TIMEx_BreakCallback
 .text.UART_EndTxTransfer
                0x08001e94       0x12 Build/stm32f4xx_hal_uart.o
 .text.UART_EndRxTransfer
                0x08001ea6       0x1c Build/stm32f4xx_hal_uart.o
 *fill*         0x08001ec2        0x2 
 .text.UART_SetConfig
                0x08001ec4      0x334 Build/stm32f4xx_hal_uart.o
 .text.HAL_UART_Init
                0x080021f8       0x5e Build/stm32f4xx_hal_uart.o
                0x080021f8                HAL_UART_Init
 *fill*         0x08002256        0x2 
 .text.HAL_UART_Receive_DMA
                0x08002258       0xa8 Build/stm32f4xx_hal_uart.o
                0x08002258                HAL_UART_Receive_DMA
 .text.UART_DMAReceiveCplt
                0x08002300       0x3e Build/stm32f4xx_hal_uart.o
 .text.HAL_UART_RxHalfCpltCallback
                0x0800233e        0x2 Build/stm32f4xx_hal_uart.o
                0x0800233e                HAL_UART_RxHalfCpltCallback
 .text.UART_DMARxHalfCplt
                0x08002340        0xa Build/stm32f4xx_hal_uart.o
 .text.HAL_UART_ErrorCallback
                0x0800234a        0x2 Build/stm32f4xx_hal_uart.o
                0x0800234a                HAL_UART_ErrorCallback
 .text.UART_DMAError
                0x0800234c       0x58 Build/stm32f4xx_hal_uart.o
 .text.HAL_RCC_OscConfig
                0x080023a4      0x398 Build/stm32f4xx_hal_rcc.o
                0x080023a4                HAL_RCC_OscConfig
 .text.HAL_RCC_GetSysClockFreq
                0x0800273c       0xd8 Build/stm32f4xx_hal_rcc.o
                0x0800273c                HAL_RCC_GetSysClockFreq
 .text.HAL_RCC_ClockConfig
                0x08002814      0x158 Build/stm32f4xx_hal_rcc.o
                0x08002814                HAL_RCC_ClockConfig
 .text.HAL_RCC_GetHCLKFreq
                0x0800296c        0xc Build/stm32f4xx_hal_rcc.o
                0x0800296c                HAL_RCC_GetHCLKFreq
 .text.HAL_RCC_GetPCLK1Freq
                0x08002978       0x20 Build/stm32f4xx_hal_rcc.o
                0x08002978                HAL_RCC_GetPCLK1Freq
 .text.HAL_RCC_GetPCLK2Freq
                0x08002998       0x20 Build/stm32f4xx_hal_rcc.o
                0x08002998                HAL_RCC_GetPCLK2Freq
 .text.HAL_GPIO_Init
                0x080029b8      0x1c8 Build/stm32f4xx_hal_gpio.o
                0x080029b8                HAL_GPIO_Init
 .text.HAL_GPIO_WritePin
                0x08002b80        0xc Build/stm32f4xx_hal_gpio.o
                0x08002b80                HAL_GPIO_WritePin
 .text.DMA_SetConfig
                0x08002b8c       0x2c Build/stm32f4xx_hal_dma.o
 .text.DMA_CalcBaseAndBitshift
                0x08002bb8       0x3c Build/stm32f4xx_hal_dma.o
 .text.DMA_CheckFifoParam
                0x08002bf4       0x8e Build/stm32f4xx_hal_dma.o
 *fill*         0x08002c82        0x2 
 .text.HAL_DMA_Init
                0x08002c84       0xcc Build/stm32f4xx_hal_dma.o
                0x08002c84                HAL_DMA_Init
 .text.HAL_DMA_Start_IT
                0x08002d50       0x74 Build/stm32f4xx_hal_dma.o
                0x08002d50                HAL_DMA_Start_IT
 .text.HAL_DMA_IRQHandler
                0x08002dc4      0x1dc Build/stm32f4xx_hal_dma.o
                0x08002dc4                HAL_DMA_IRQHandler
 .text.HAL_NVIC_SetPriorityGrouping
                0x08002fa0       0x24 Build/stm32f4xx_hal_cortex.o
                0x08002fa0                HAL_NVIC_SetPriorityGrouping
 .text.HAL_NVIC_SetPriority
                0x08002fc4       0x68 Build/stm32f4xx_hal_cortex.o
                0x08002fc4                HAL_NVIC_SetPriority
 .text.HAL_NVIC_EnableIRQ
                0x0800302c       0x1c Build/stm32f4xx_hal_cortex.o
                0x0800302c                HAL_NVIC_EnableIRQ
 .text.HAL_SYSTICK_Config
                0x08003048       0x2c Build/stm32f4xx_hal_cortex.o
                0x08003048                HAL_SYSTICK_Config
 .text.HAL_InitTick
                0x08003074       0x4c Build/stm32f4xx_hal.o
                0x08003074                HAL_InitTick
 .text.HAL_Init
                0x080030c0       0x34 Build/stm32f4xx_hal.o
                0x080030c0                HAL_Init
 .text.HAL_IncTick
                0x080030f4       0x18 Build/stm32f4xx_hal.o
                0x080030f4                HAL_IncTick
 .text.HAL_GetTick
                0x0800310c        0xc Build/stm32f4xx_hal.o
                0x0800310c                HAL_GetTick
 .text.SystemInit
                0x08003118       0x4c Build/system_stm32f4xx.o
                0x08003118                SystemInit
 .text.MX_DMA_Init
                0x08003164       0x44 Build/dma.o
                0x08003164                MX_DMA_Init
 .text.Reset_Handler
                0x080031a8       0x50 Build/startup_stm32f407xx.o
                0x080031a8                Reset_Handler
 .text.Default_Handler
                0x080031f8        0x2 Build/startup_stm32f407xx.o
                0x080031f8                RTC_Alarm_IRQHandler
                0x080031f8                HASH_RNG_IRQHandler
                0x080031f8                EXTI2_IRQHandler
                0x080031f8                TIM8_CC_IRQHandler
                0x080031f8                DMA2_Stream5_IRQHandler
                0x080031f8                PVD_IRQHandler
                0x080031f8                SDIO_IRQHandler
                0x080031f8                TAMP_STAMP_IRQHandler
                0x080031f8                CAN2_RX1_IRQHandler
                0x080031f8                EXTI3_IRQHandler
                0x080031f8                TIM8_TRG_COM_TIM14_IRQHandler
                0x080031f8                I2C3_ER_IRQHandler
                0x080031f8                EXTI0_IRQHandler
                0x080031f8                I2C2_EV_IRQHandler
                0x080031f8                CAN1_RX0_IRQHandler
                0x080031f8                FPU_IRQHandler
                0x080031f8                OTG_HS_WKUP_IRQHandler
                0x080031f8                CAN2_SCE_IRQHandler
                0x080031f8                DMA2_Stream2_IRQHandler
                0x080031f8                SPI1_IRQHandler
                0x080031f8                TIM6_DAC_IRQHandler
                0x080031f8                DCMI_IRQHandler
                0x080031f8                CAN2_RX0_IRQHandler
                0x080031f8                DMA2_Stream3_IRQHandler
                0x080031f8                USART6_IRQHandler
                0x080031f8                USART3_IRQHandler
                0x080031f8                CAN1_RX1_IRQHandler
                0x080031f8                UART5_IRQHandler
                0x080031f8                DMA2_Stream0_IRQHandler
                0x080031f8                I2C1_EV_IRQHandler
                0x080031f8                DMA1_Stream6_IRQHandler
                0x080031f8                DMA1_Stream1_IRQHandler
                0x080031f8                UART4_IRQHandler
                0x080031f8                RCC_IRQHandler
                0x080031f8                TIM8_BRK_TIM12_IRQHandler
                0x080031f8                Default_Handler
                0x080031f8                EXTI15_10_IRQHandler
                0x080031f8                ADC_IRQHandler
                0x080031f8                DMA1_Stream7_IRQHandler
                0x080031f8                TIM7_IRQHandler
                0x080031f8                CAN2_TX_IRQHandler
                0x080031f8                TIM5_IRQHandler
                0x080031f8                DMA2_Stream7_IRQHandler
                0x080031f8                I2C3_EV_IRQHandler
                0x080031f8                EXTI9_5_IRQHandler
                0x080031f8                RTC_WKUP_IRQHandler
                0x080031f8                ETH_WKUP_IRQHandler
                0x080031f8                SPI2_IRQHandler
                0x080031f8                OTG_HS_EP1_IN_IRQHandler
                0x080031f8                DMA1_Stream0_IRQHandler
                0x080031f8                CAN1_TX_IRQHandler
                0x080031f8                EXTI4_IRQHandler
                0x080031f8                FSMC_IRQHandler
                0x080031f8                ETH_IRQHandler
                0x080031f8                OTG_HS_EP1_OUT_IRQHandler
                0x080031f8                WWDG_IRQHandler
                0x080031f8                OTG_FS_WKUP_IRQHandler
                0x080031f8                OTG_HS_IRQHandler
                0x080031f8                EXTI1_IRQHandler
                0x080031f8                USART2_IRQHandler
                0x080031f8                I2C2_ER_IRQHandler
                0x080031f8                DMA2_Stream1_IRQHandler
                0x080031f8                CAN1_SCE_IRQHandler
                0x080031f8                FLASH_IRQHandler
                0x080031f8                DMA2_Stream4_IRQHandler
                0x080031f8                USART1_IRQHandler
                0x080031f8                OTG_FS_IRQHandler
                0x080031f8                SPI3_IRQHandler
                0x080031f8                DMA1_Stream4_IRQHandler
                0x080031f8                I2C1_ER_IRQHandler
                0x080031f8                DMA2_Stream6_IRQHandler
                0x080031f8                DMA1_Stream3_IRQHandler
 *fill*         0x080031fa        0x2 
 .text._Z41__static_initialization_and_destruction_0ii
                0x080031fc       0x20 Build/actuator.o
 .text._Z4playv
                0x0800321c       0x10 Build/actuator.o
                0x0800321c                play()
 .text._GLOBAL__sub_I_velocity
                0x0800322c        0xe Build/actuator.o
 *fill*         0x0800323a        0x2 
 .text.__tcf_0  0x0800323c       0x18 Build/robo_init.o
 .text._ZL10motor_initv
                0x08003254       0xe4 Build/robo_init.o
 .text._Z41__static_initialization_and_destruction_0ii
                0x08003338       0x3c Build/robo_init.o
 .text._Z9robo_initv
                0x08003374        0xc Build/robo_init.o
                0x08003374                robo_init()
 .text._GLOBAL__sub_I_motor
                0x08003380        0xe Build/robo_init.o
 *fill*         0x0800338e        0x2 
 .text.__tcf_0  0x08003390       0x18 Build/encoder.o
 .text._Z41__static_initialization_and_destruction_0ii
                0x080033a8       0x40 Build/encoder.o
 .text._Z12encoder_initv
                0x080033e8       0x48 Build/encoder.o
                0x080033e8                encoder_init()
 .text._GLOBAL__sub_I__Z12encoder_initv
                0x08003430        0xe Build/encoder.o
 *fill*         0x0800343e        0x2 
 .text._Z18SystemClock_Configv
                0x08003440       0x98 Build/main.o
                0x08003440                SystemClock_Config()
 .text.main     0x080034d8       0x38 Build/main.o
                0x080034d8                main
 .text.Error_Handler
                0x08003510        0x2 Build/main.o
                0x08003510                Error_Handler
 .text._ZN8CRC_HashD2Ev
                0x08003512        0x2 Build/joystick.o
                0x08003512                CRC_Hash::~CRC_Hash()
                0x08003512                CRC_Hash::~CRC_Hash()
 .text._ZN8JoyStickD2Ev
                0x08003514        0x2 Build/joystick.o
                0x08003514                JoyStick::~JoyStick()
                0x08003514                JoyStick::~JoyStick()
 .text._ZN15JoyStick_HandleD2Ev
                0x08003516        0x2 Build/joystick.o
                0x08003516                JoyStick_Handle::~JoyStick_Handle()
                0x08003516                JoyStick_Handle::~JoyStick_Handle()
 .text._Z41__static_initialization_and_destruction_0ii
                0x08003518       0x6c Build/joystick.o
 .text._ZN8JoyStick4initEv
                0x08003584       0x20 Build/joystick.o
                0x08003584                JoyStick::init()
 .text._Z12fill_JoyDataP13JoyStick_DataPh
                0x080035a4       0x22 Build/joystick.o
                0x080035a4                fill_JoyData(JoyStick_Data*, unsigned char*)
 .text._Z7arrFillIhLj8EEvRAT0__T_S0_
                0x080035c6        0xe Build/joystick.o
                0x080035c6                void arrFill<unsigned char, 8u>(unsigned char (&) [8u], unsigned char)
 .text.HAL_UART_RxCpltCallback
                0x080035d4       0x98 Build/joystick.o
                0x080035d4                HAL_UART_RxCpltCallback
 .text._GLOBAL__sub_I_joystick
                0x0800366c        0xe Build/joystick.o
 .text._ZN8CRC_HashC2Eh
                0x0800367a       0x32 Build/crc_hash.o
                0x0800367a                CRC_Hash::CRC_Hash(unsigned char)
                0x0800367a                CRC_Hash::CRC_Hash(unsigned char)
 .text._ZN8CRC_Hash8get_HashEPht
                0x080036ac       0x1e Build/crc_hash.o
                0x080036ac                CRC_Hash::get_Hash(unsigned char*, unsigned short)
 .text.__aeabi_atexit
                0x080036ca        0xa c:/program files (x86)/gnu tools arm embedded/7 2017-q4-major/bin/../lib/gcc/arm-none-eabi/7.2.1/../../../../arm-none-eabi/lib/thumb/v7e-m/fpv4-sp/hard\libstdc++_nano.a(atexit_arm.o)
                0x080036ca                __aeabi_atexit
 .text.__cxa_atexit
                0x080036d4       0x1c c:/program files (x86)/gnu tools arm embedded/7 2017-q4-major/bin/../lib/gcc/arm-none-eabi/7.2.1/../../../../arm-none-eabi/lib/thumb/v7e-m/fpv4-sp/hard\libc_nano.a(lib_a-cxa_atexit.o)
                0x080036d4                __cxa_atexit
 .text.__libc_init_array
                0x080036f0       0x48 c:/program files (x86)/gnu tools arm embedded/7 2017-q4-major/bin/../lib/gcc/arm-none-eabi/7.2.1/../../../../arm-none-eabi/lib/thumb/v7e-m/fpv4-sp/hard\libc_nano.a(lib_a-init.o)
                0x080036f0                __libc_init_array
 .text.memset   0x08003738       0x10 c:/program files (x86)/gnu tools arm embedded/7 2017-q4-major/bin/../lib/gcc/arm-none-eabi/7.2.1/../../../../arm-none-eabi/lib/thumb/v7e-m/fpv4-sp/hard\libc_nano.a(lib_a-memset.o)
                0x08003738                memset
 .text.__cvt    0x08003748       0xc2 c:/program files (x86)/gnu tools arm embedded/7 2017-q4-major/bin/../lib/gcc/arm-none-eabi/7.2.1/../../../../arm-none-eabi/lib/thumb/v7e-m/fpv4-sp/hard\libc_nano.a(lib_a-nano-vfprintf_float.o)
                0x08003748                __cvt
 .text.__exponent
                0x0800380a       0x66 c:/program files (x86)/gnu tools arm embedded/7 2017-q4-major/bin/../lib/gcc/arm-none-eabi/7.2.1/../../../../arm-none-eabi/lib/thumb/v7e-m/fpv4-sp/hard\libc_nano.a(lib_a-nano-vfprintf_float.o)
                0x0800380a                __exponent
 .text._printf_float
                0x08003870      0x480 c:/program files (x86)/gnu tools arm embedded/7 2017-q4-major/bin/../lib/gcc/arm-none-eabi/7.2.1/../../../../arm-none-eabi/lib/thumb/v7e-m/fpv4-sp/hard\libc_nano.a(lib_a-nano-vfprintf_float.o)
                0x08003870                _printf_float
 .text._printf_common
                0x08003cf0       0xea c:/program files (x86)/gnu tools arm embedded/7 2017-q4-major/bin/../lib/gcc/arm-none-eabi/7.2.1/../../../../arm-none-eabi/lib/thumb/v7e-m/fpv4-sp/hard\libc_nano.a(lib_a-nano-vfprintf_i.o)
                0x08003cf0                _printf_common
 *fill*         0x08003dda        0x2 
 .text._puts_r  0x08003ddc       0xb8 c:/program files (x86)/gnu tools arm embedded/7 2017-q4-major/bin/../lib/gcc/arm-none-eabi/7.2.1/../../../../arm-none-eabi/lib/thumb/v7e-m/fpv4-sp/hard\libc_nano.a(lib_a-puts.o)
                0x08003ddc                _puts_r
 .text.puts     0x08003e94       0x10 c:/program files (x86)/gnu tools arm embedded/7 2017-q4-major/bin/../lib/gcc/arm-none-eabi/7.2.1/../../../../arm-none-eabi/lib/thumb/v7e-m/fpv4-sp/hard\libc_nano.a(lib_a-puts.o)
                0x08003e94                puts
 .text.__swbuf_r
                0x08003ea4       0xa4 c:/program files (x86)/gnu tools arm embedded/7 2017-q4-major/bin/../lib/gcc/arm-none-eabi/7.2.1/../../../../arm-none-eabi/lib/thumb/v7e-m/fpv4-sp/hard\libc_nano.a(lib_a-wbuf.o)
                0x08003ea4                __swbuf_r
 .text.__swsetup_r
                0x08003f48       0xdc c:/program files (x86)/gnu tools arm embedded/7 2017-q4-major/bin/../lib/gcc/arm-none-eabi/7.2.1/../../../../arm-none-eabi/lib/thumb/v7e-m/fpv4-sp/hard\libc_nano.a(lib_a-wsetup.o)
                0x08003f48                __swsetup_r
 .text.quorem   0x08004024      0x118 c:/program files (x86)/gnu tools arm embedded/7 2017-q4-major/bin/../lib/gcc/arm-none-eabi/7.2.1/../../../../arm-none-eabi/lib/thumb/v7e-m/fpv4-sp/hard\libc_nano.a(lib_a-dtoa.o)
 *fill*         0x0800413c        0x4 
 .text._dtoa_r  0x08004140      0xb70 c:/program files (x86)/gnu tools arm embedded/7 2017-q4-major/bin/../lib/gcc/arm-none-eabi/7.2.1/../../../../arm-none-eabi/lib/thumb/v7e-m/fpv4-sp/hard\libc_nano.a(lib_a-dtoa.o)
                0x08004140                _dtoa_r
 .text.__sflush_r
                0x08004cb0      0x10c c:/program files (x86)/gnu tools arm embedded/7 2017-q4-major/bin/../lib/gcc/arm-none-eabi/7.2.1/../../../../arm-none-eabi/lib/thumb/v7e-m/fpv4-sp/hard\libc_nano.a(lib_a-fflush.o)
                0x08004cb0                __sflush_r
 .text._fflush_r
                0x08004dbc       0x54 c:/program files (x86)/gnu tools arm embedded/7 2017-q4-major/bin/../lib/gcc/arm-none-eabi/7.2.1/../../../../arm-none-eabi/lib/thumb/v7e-m/fpv4-sp/hard\libc_nano.a(lib_a-fflush.o)
                0x08004dbc                _fflush_r
 .text.std      0x08004e10       0x48 c:/program files (x86)/gnu tools arm embedded/7 2017-q4-major/bin/../lib/gcc/arm-none-eabi/7.2.1/../../../../arm-none-eabi/lib/thumb/v7e-m/fpv4-sp/hard\libc_nano.a(lib_a-findfp.o)
 .text._cleanup_r
                0x08004e58        0xc c:/program files (x86)/gnu tools arm embedded/7 2017-q4-major/bin/../lib/gcc/arm-none-eabi/7.2.1/../../../../arm-none-eabi/lib/thumb/v7e-m/fpv4-sp/hard\libc_nano.a(lib_a-findfp.o)
                0x08004e58                _cleanup_r
 .text.__sfmoreglue
                0x08004e64       0x2c c:/program files (x86)/gnu tools arm embedded/7 2017-q4-major/bin/../lib/gcc/arm-none-eabi/7.2.1/../../../../arm-none-eabi/lib/thumb/v7e-m/fpv4-sp/hard\libc_nano.a(lib_a-findfp.o)
                0x08004e64                __sfmoreglue
 .text.__sinit  0x08004e90       0x60 c:/program files (x86)/gnu tools arm embedded/7 2017-q4-major/bin/../lib/gcc/arm-none-eabi/7.2.1/../../../../arm-none-eabi/lib/thumb/v7e-m/fpv4-sp/hard\libc_nano.a(lib_a-findfp.o)
                0x08004e90                __sinit
 .text.__sfp    0x08004ef0       0x78 c:/program files (x86)/gnu tools arm embedded/7 2017-q4-major/bin/../lib/gcc/arm-none-eabi/7.2.1/../../../../arm-none-eabi/lib/thumb/v7e-m/fpv4-sp/hard\libc_nano.a(lib_a-findfp.o)
                0x08004ef0                __sfp
 .text._fwalk_reent
                0x08004f68       0x3c c:/program files (x86)/gnu tools arm embedded/7 2017-q4-major/bin/../lib/gcc/arm-none-eabi/7.2.1/../../../../arm-none-eabi/lib/thumb/v7e-m/fpv4-sp/hard\libc_nano.a(lib_a-fwalk.o)
                0x08004f68                _fwalk_reent
 .text._localeconv_r
                0x08004fa4       0x1c c:/program files (x86)/gnu tools arm embedded/7 2017-q4-major/bin/../lib/gcc/arm-none-eabi/7.2.1/../../../../arm-none-eabi/lib/thumb/v7e-m/fpv4-sp/hard\libc_nano.a(lib_a-localeconv.o)
                0x08004fa4                _localeconv_r
 .text.__swhatbuf_r
                0x08004fc0       0x48 c:/program files (x86)/gnu tools arm embedded/7 2017-q4-major/bin/../lib/gcc/arm-none-eabi/7.2.1/../../../../arm-none-eabi/lib/thumb/v7e-m/fpv4-sp/hard\libc_nano.a(lib_a-makebuf.o)
                0x08004fc0                __swhatbuf_r
 .text.__smakebuf_r
                0x08005008       0x80 c:/program files (x86)/gnu tools arm embedded/7 2017-q4-major/bin/../lib/gcc/arm-none-eabi/7.2.1/../../../../arm-none-eabi/lib/thumb/v7e-m/fpv4-sp/hard\libc_nano.a(lib_a-makebuf.o)
                0x08005008                __smakebuf_r
 .text.malloc   0x08005088       0x10 c:/program files (x86)/gnu tools arm embedded/7 2017-q4-major/bin/../lib/gcc/arm-none-eabi/7.2.1/../../../../arm-none-eabi/lib/thumb/v7e-m/fpv4-sp/hard\libc_nano.a(lib_a-malloc.o)
                0x08005088                malloc
 .text.memcpy   0x08005098       0x16 c:/program files (x86)/gnu tools arm embedded/7 2017-q4-major/bin/../lib/gcc/arm-none-eabi/7.2.1/../../../../arm-none-eabi/lib/thumb/v7e-m/fpv4-sp/hard\libc_nano.a(lib_a-memcpy-stub.o)
                0x08005098                memcpy
 .text._Balloc  0x080050ae       0x68 c:/program files (x86)/gnu tools arm embedded/7 2017-q4-major/bin/../lib/gcc/arm-none-eabi/7.2.1/../../../../arm-none-eabi/lib/thumb/v7e-m/fpv4-sp/hard\libc_nano.a(lib_a-mprec.o)
                0x080050ae                _Balloc
 .text._Bfree   0x08005116       0x2e c:/program files (x86)/gnu tools arm embedded/7 2017-q4-major/bin/../lib/gcc/arm-none-eabi/7.2.1/../../../../arm-none-eabi/lib/thumb/v7e-m/fpv4-sp/hard\libc_nano.a(lib_a-mprec.o)
                0x08005116                _Bfree
 .text.__multadd
                0x08005144       0x76 c:/program files (x86)/gnu tools arm embedded/7 2017-q4-major/bin/../lib/gcc/arm-none-eabi/7.2.1/../../../../arm-none-eabi/lib/thumb/v7e-m/fpv4-sp/hard\libc_nano.a(lib_a-mprec.o)
                0x08005144                __multadd
 .text.__hi0bits
                0x080051ba       0x3e c:/program files (x86)/gnu tools arm embedded/7 2017-q4-major/bin/../lib/gcc/arm-none-eabi/7.2.1/../../../../arm-none-eabi/lib/thumb/v7e-m/fpv4-sp/hard\libc_nano.a(lib_a-mprec.o)
                0x080051ba                __hi0bits
 .text.__lo0bits
                0x080051f8       0x5e c:/program files (x86)/gnu tools arm embedded/7 2017-q4-major/bin/../lib/gcc/arm-none-eabi/7.2.1/../../../../arm-none-eabi/lib/thumb/v7e-m/fpv4-sp/hard\libc_nano.a(lib_a-mprec.o)
                0x080051f8                __lo0bits
 .text.__i2b    0x08005256       0x12 c:/program files (x86)/gnu tools arm embedded/7 2017-q4-major/bin/../lib/gcc/arm-none-eabi/7.2.1/../../../../arm-none-eabi/lib/thumb/v7e-m/fpv4-sp/hard\libc_nano.a(lib_a-mprec.o)
                0x08005256                __i2b
 .text.__multiply
                0x08005268      0x12c c:/program files (x86)/gnu tools arm embedded/7 2017-q4-major/bin/../lib/gcc/arm-none-eabi/7.2.1/../../../../arm-none-eabi/lib/thumb/v7e-m/fpv4-sp/hard\libc_nano.a(lib_a-mprec.o)
                0x08005268                __multiply
 .text.__pow5mult
                0x08005394       0x9c c:/program files (x86)/gnu tools arm embedded/7 2017-q4-major/bin/../lib/gcc/arm-none-eabi/7.2.1/../../../../arm-none-eabi/lib/thumb/v7e-m/fpv4-sp/hard\libc_nano.a(lib_a-mprec.o)
                0x08005394                __pow5mult
 .text.__lshift
                0x08005430       0xa8 c:/program files (x86)/gnu tools arm embedded/7 2017-q4-major/bin/../lib/gcc/arm-none-eabi/7.2.1/../../../../arm-none-eabi/lib/thumb/v7e-m/fpv4-sp/hard\libc_nano.a(lib_a-mprec.o)
                0x08005430                __lshift
 .text.__mcmp   0x080054d8       0x34 c:/program files (x86)/gnu tools arm embedded/7 2017-q4-major/bin/../lib/gcc/arm-none-eabi/7.2.1/../../../../arm-none-eabi/lib/thumb/v7e-m/fpv4-sp/hard\libc_nano.a(lib_a-mprec.o)
                0x080054d8                __mcmp
 .text.__mdiff  0x0800550c       0xba c:/program files (x86)/gnu tools arm embedded/7 2017-q4-major/bin/../lib/gcc/arm-none-eabi/7.2.1/../../../../arm-none-eabi/lib/thumb/v7e-m/fpv4-sp/hard\libc_nano.a(lib_a-mprec.o)
                0x0800550c                __mdiff
 .text.__d2b    0x080055c6       0x9e c:/program files (x86)/gnu tools arm embedded/7 2017-q4-major/bin/../lib/gcc/arm-none-eabi/7.2.1/../../../../arm-none-eabi/lib/thumb/v7e-m/fpv4-sp/hard\libc_nano.a(lib_a-mprec.o)
                0x080055c6                __d2b
 .text._calloc_r
                0x08005664       0x1c c:/program files (x86)/gnu tools arm embedded/7 2017-q4-major/bin/../lib/gcc/arm-none-eabi/7.2.1/../../../../arm-none-eabi/lib/thumb/v7e-m/fpv4-sp/hard\libc_nano.a(lib_a-nano-callocr.o)
                0x08005664                _calloc_r
 .text._free_r  0x08005680       0x9c c:/program files (x86)/gnu tools arm embedded/7 2017-q4-major/bin/../lib/gcc/arm-none-eabi/7.2.1/../../../../arm-none-eabi/lib/thumb/v7e-m/fpv4-sp/hard\libc_nano.a(lib_a-nano-freer.o)
                0x08005680                _free_r
 .text._malloc_r
                0x0800571c       0xb4 c:/program files (x86)/gnu tools arm embedded/7 2017-q4-major/bin/../lib/gcc/arm-none-eabi/7.2.1/../../../../arm-none-eabi/lib/thumb/v7e-m/fpv4-sp/hard\libc_nano.a(lib_a-nano-mallocr.o)
                0x0800571c                _malloc_r
 .text._sbrk_r  0x080057d0       0x20 c:/program files (x86)/gnu tools arm embedded/7 2017-q4-major/bin/../lib/gcc/arm-none-eabi/7.2.1/../../../../arm-none-eabi/lib/thumb/v7e-m/fpv4-sp/hard\libc_nano.a(lib_a-sbrkr.o)
                0x080057d0                _sbrk_r
 .text.__sread  0x080057f0       0x22 c:/program files (x86)/gnu tools arm embedded/7 2017-q4-major/bin/../lib/gcc/arm-none-eabi/7.2.1/../../../../arm-none-eabi/lib/thumb/v7e-m/fpv4-sp/hard\libc_nano.a(lib_a-stdio.o)
                0x080057f0                __sread
 .text.__swrite
                0x08005812       0x38 c:/program files (x86)/gnu tools arm embedded/7 2017-q4-major/bin/../lib/gcc/arm-none-eabi/7.2.1/../../../../arm-none-eabi/lib/thumb/v7e-m/fpv4-sp/hard\libc_nano.a(lib_a-stdio.o)
                0x08005812                __swrite
 .text.__sseek  0x0800584a       0x24 c:/program files (x86)/gnu tools arm embedded/7 2017-q4-major/bin/../lib/gcc/arm-none-eabi/7.2.1/../../../../arm-none-eabi/lib/thumb/v7e-m/fpv4-sp/hard\libc_nano.a(lib_a-stdio.o)
                0x0800584a                __sseek
 .text.__sclose
                0x0800586e        0x8 c:/program files (x86)/gnu tools arm embedded/7 2017-q4-major/bin/../lib/gcc/arm-none-eabi/7.2.1/../../../../arm-none-eabi/lib/thumb/v7e-m/fpv4-sp/hard\libc_nano.a(lib_a-stdio.o)
                0x0800586e                __sclose
 *fill*         0x08005876        0x2 
 .text._write_r
                0x08005878       0x24 c:/program files (x86)/gnu tools arm embedded/7 2017-q4-major/bin/../lib/gcc/arm-none-eabi/7.2.1/../../../../arm-none-eabi/lib/thumb/v7e-m/fpv4-sp/hard\libc_nano.a(lib_a-writer.o)
                0x08005878                _write_r
 .text._close_r
                0x0800589c       0x20 c:/program files (x86)/gnu tools arm embedded/7 2017-q4-major/bin/../lib/gcc/arm-none-eabi/7.2.1/../../../../arm-none-eabi/lib/thumb/v7e-m/fpv4-sp/hard\libc_nano.a(lib_a-closer.o)
                0x0800589c                _close_r
 .text._fstat_r
                0x080058bc       0x24 c:/program files (x86)/gnu tools arm embedded/7 2017-q4-major/bin/../lib/gcc/arm-none-eabi/7.2.1/../../../../arm-none-eabi/lib/thumb/v7e-m/fpv4-sp/hard\libc_nano.a(lib_a-fstatr.o)
                0x080058bc                _fstat_r
 .text._isatty_r
                0x080058e0       0x20 c:/program files (x86)/gnu tools arm embedded/7 2017-q4-major/bin/../lib/gcc/arm-none-eabi/7.2.1/../../../../arm-none-eabi/lib/thumb/v7e-m/fpv4-sp/hard\libc_nano.a(lib_a-isattyr.o)
                0x080058e0                _isatty_r
 .text._lseek_r
                0x08005900       0x24 c:/program files (x86)/gnu tools arm embedded/7 2017-q4-major/bin/../lib/gcc/arm-none-eabi/7.2.1/../../../../arm-none-eabi/lib/thumb/v7e-m/fpv4-sp/hard\libc_nano.a(lib_a-lseekr.o)
                0x08005900                _lseek_r
 .text.__ascii_mbtowc
                0x08005924       0x24 c:/program files (x86)/gnu tools arm embedded/7 2017-q4-major/bin/../lib/gcc/arm-none-eabi/7.2.1/../../../../arm-none-eabi/lib/thumb/v7e-m/fpv4-sp/hard\libc_nano.a(lib_a-mbtowc_r.o)
                0x08005924                __ascii_mbtowc
 .text.__malloc_lock
                0x08005948        0x2 c:/program files (x86)/gnu tools arm embedded/7 2017-q4-major/bin/../lib/gcc/arm-none-eabi/7.2.1/../../../../arm-none-eabi/lib/thumb/v7e-m/fpv4-sp/hard\libc_nano.a(lib_a-mlock.o)
                0x08005948                __malloc_lock
 .text.__malloc_unlock
                0x0800594a        0x2 c:/program files (x86)/gnu tools arm embedded/7 2017-q4-major/bin/../lib/gcc/arm-none-eabi/7.2.1/../../../../arm-none-eabi/lib/thumb/v7e-m/fpv4-sp/hard\libc_nano.a(lib_a-mlock.o)
                0x0800594a                __malloc_unlock
 .text._read_r  0x0800594c       0x24 c:/program files (x86)/gnu tools arm embedded/7 2017-q4-major/bin/../lib/gcc/arm-none-eabi/7.2.1/../../../../arm-none-eabi/lib/thumb/v7e-m/fpv4-sp/hard\libc_nano.a(lib_a-readr.o)
                0x0800594c                _read_r
 .text.__ascii_wctomb
                0x08005970       0x1a c:/program files (x86)/gnu tools arm embedded/7 2017-q4-major/bin/../lib/gcc/arm-none-eabi/7.2.1/../../../../arm-none-eabi/lib/thumb/v7e-m/fpv4-sp/hard\libc_nano.a(lib_a-wctomb_r.o)
                0x08005970                __ascii_wctomb
 *fill*         0x0800598a        0x2 
 .text._close   0x0800598c       0x10 c:/program files (x86)/gnu tools arm embedded/7 2017-q4-major/bin/../lib/gcc/arm-none-eabi/7.2.1/../../../../arm-none-eabi/lib/thumb/v7e-m/fpv4-sp/hard\libnosys.a(close.o)
                0x0800598c                _close
 .text._fstat   0x0800599c       0x10 c:/program files (x86)/gnu tools arm embedded/7 2017-q4-major/bin/../lib/gcc/arm-none-eabi/7.2.1/../../../../arm-none-eabi/lib/thumb/v7e-m/fpv4-sp/hard\libnosys.a(fstat.o)
                0x0800599c                _fstat
 .text._isatty  0x080059ac       0x10 c:/program files (x86)/gnu tools arm embedded/7 2017-q4-major/bin/../lib/gcc/arm-none-eabi/7.2.1/../../../../arm-none-eabi/lib/thumb/v7e-m/fpv4-sp/hard\libnosys.a(isatty.o)
                0x080059ac                _isatty
 .text._lseek   0x080059bc       0x10 c:/program files (x86)/gnu tools arm embedded/7 2017-q4-major/bin/../lib/gcc/arm-none-eabi/7.2.1/../../../../arm-none-eabi/lib/thumb/v7e-m/fpv4-sp/hard\libnosys.a(lseek.o)
                0x080059bc                _lseek
 .text._read    0x080059cc       0x10 c:/program files (x86)/gnu tools arm embedded/7 2017-q4-major/bin/../lib/gcc/arm-none-eabi/7.2.1/../../../../arm-none-eabi/lib/thumb/v7e-m/fpv4-sp/hard\libnosys.a(read.o)
                0x080059cc                _read
 .text._sbrk    0x080059dc       0x1c c:/program files (x86)/gnu tools arm embedded/7 2017-q4-major/bin/../lib/gcc/arm-none-eabi/7.2.1/../../../../arm-none-eabi/lib/thumb/v7e-m/fpv4-sp/hard\libnosys.a(sbrk.o)
                0x080059dc                _sbrk
 *(.glue_7)
 .glue_7        0x080059f8        0x0 linker stubs
 *(.glue_7t)
 .glue_7t       0x080059f8        0x0 linker stubs
 *(.eh_frame)
 .eh_frame      0x080059f8        0x0 c:/program files (x86)/gnu tools arm embedded/7 2017-q4-major/bin/../lib/gcc/arm-none-eabi/7.2.1/thumb/v7e-m/fpv4-sp/hard/crtbegin.o
 *(.init)
 .init          0x080059f8        0x4 c:/program files (x86)/gnu tools arm embedded/7 2017-q4-major/bin/../lib/gcc/arm-none-eabi/7.2.1/thumb/v7e-m/fpv4-sp/hard/crti.o
                0x080059f8                _init
 .init          0x080059fc        0x8 c:/program files (x86)/gnu tools arm embedded/7 2017-q4-major/bin/../lib/gcc/arm-none-eabi/7.2.1/thumb/v7e-m/fpv4-sp/hard/crtn.o
 *(.fini)
 .fini          0x08005a04        0x4 c:/program files (x86)/gnu tools arm embedded/7 2017-q4-major/bin/../lib/gcc/arm-none-eabi/7.2.1/thumb/v7e-m/fpv4-sp/hard/crti.o
                0x08005a04                _fini
 .fini          0x08005a08        0x8 c:/program files (x86)/gnu tools arm embedded/7 2017-q4-major/bin/../lib/gcc/arm-none-eabi/7.2.1/thumb/v7e-m/fpv4-sp/hard/crtn.o
                0x08005a10                . = ALIGN (0x4)
                0x08005a10                _etext = .

.vfp11_veneer   0x08005a10        0x0
 .vfp11_veneer  0x08005a10        0x0 linker stubs

.v4_bx          0x08005a10        0x0
 .v4_bx         0x08005a10        0x0 linker stubs

.iplt           0x08005a10        0x0
 .iplt          0x08005a10        0x0 c:/program files (x86)/gnu tools arm embedded/7 2017-q4-major/bin/../lib/gcc/arm-none-eabi/7.2.1/thumb/v7e-m/fpv4-sp/hard/crtbegin.o

.rodata         0x08005a10      0x2b8
                0x08005a10                . = ALIGN (0x4)
 *(.rodata)
 *(.rodata*)
 .rodata.flagBitshiftOffset.8119
                0x08005a10        0x8 Build/stm32f4xx_hal_dma.o
 .rodata.AHBPrescTable
                0x08005a18       0x10 Build/system_stm32f4xx.o
                0x08005a18                AHBPrescTable
 .rodata.APBPrescTable
                0x08005a28        0x8 Build/system_stm32f4xx.o
                0x08005a28                APBPrescTable
 .rodata.HAL_UART_RxCpltCallback.str1.4
                0x08005a30        0xc Build/joystick.o
                                  0xb (size before relaxing)
 .rodata._global_impure_ptr
                0x08005a3c        0x4 c:/program files (x86)/gnu tools arm embedded/7 2017-q4-major/bin/../lib/gcc/arm-none-eabi/7.2.1/../../../../arm-none-eabi/lib/thumb/v7e-m/fpv4-sp/hard\libc_nano.a(lib_a-impure.o)
                0x08005a3c                _global_impure_ptr
 .rodata._printf_float.str1.1
                0x08005a40       0x12 c:/program files (x86)/gnu tools arm embedded/7 2017-q4-major/bin/../lib/gcc/arm-none-eabi/7.2.1/../../../../arm-none-eabi/lib/thumb/v7e-m/fpv4-sp/hard\libc_nano.a(lib_a-nano-vfprintf_float.o)
 .rodata._dtoa_r.str1.1
                0x08005a52        0xd c:/program files (x86)/gnu tools arm embedded/7 2017-q4-major/bin/../lib/gcc/arm-none-eabi/7.2.1/../../../../arm-none-eabi/lib/thumb/v7e-m/fpv4-sp/hard\libc_nano.a(lib_a-dtoa.o)
                                  0xf (size before relaxing)
 *fill*         0x08005a5f        0x1 
 .rodata.__sf_fake_stderr
                0x08005a60       0x20 c:/program files (x86)/gnu tools arm embedded/7 2017-q4-major/bin/../lib/gcc/arm-none-eabi/7.2.1/../../../../arm-none-eabi/lib/thumb/v7e-m/fpv4-sp/hard\libc_nano.a(lib_a-findfp.o)
                0x08005a60                __sf_fake_stderr
 .rodata.__sf_fake_stdin
                0x08005a80       0x20 c:/program files (x86)/gnu tools arm embedded/7 2017-q4-major/bin/../lib/gcc/arm-none-eabi/7.2.1/../../../../arm-none-eabi/lib/thumb/v7e-m/fpv4-sp/hard\libc_nano.a(lib_a-findfp.o)
                0x08005a80                __sf_fake_stdin
 .rodata.__sf_fake_stdout
                0x08005aa0       0x20 c:/program files (x86)/gnu tools arm embedded/7 2017-q4-major/bin/../lib/gcc/arm-none-eabi/7.2.1/../../../../arm-none-eabi/lib/thumb/v7e-m/fpv4-sp/hard\libc_nano.a(lib_a-findfp.o)
                0x08005aa0                __sf_fake_stdout
 .rodata.__mprec_bigtens
                0x08005ac0       0x28 c:/program files (x86)/gnu tools arm embedded/7 2017-q4-major/bin/../lib/gcc/arm-none-eabi/7.2.1/../../../../arm-none-eabi/lib/thumb/v7e-m/fpv4-sp/hard\libc_nano.a(lib_a-mprec.o)
                0x08005ac0                __mprec_bigtens
 .rodata.__mprec_tens
                0x08005ae8       0xc8 c:/program files (x86)/gnu tools arm embedded/7 2017-q4-major/bin/../lib/gcc/arm-none-eabi/7.2.1/../../../../arm-none-eabi/lib/thumb/v7e-m/fpv4-sp/hard\libc_nano.a(lib_a-mprec.o)
                0x08005ae8                __mprec_tens
 .rodata.p05.7359
                0x08005bb0        0xc c:/program files (x86)/gnu tools arm embedded/7 2017-q4-major/bin/../lib/gcc/arm-none-eabi/7.2.1/../../../../arm-none-eabi/lib/thumb/v7e-m/fpv4-sp/hard\libc_nano.a(lib_a-mprec.o)
 .rodata._setlocale_r.str1.1
                0x08005bbc        0x8 c:/program files (x86)/gnu tools arm embedded/7 2017-q4-major/bin/../lib/gcc/arm-none-eabi/7.2.1/../../../../arm-none-eabi/lib/thumb/v7e-m/fpv4-sp/hard\libc_nano.a(lib_a-locale.o)
                                  0x9 (size before relaxing)
 .rodata.str1.1
                0x08005bc4        0x2 c:/program files (x86)/gnu tools arm embedded/7 2017-q4-major/bin/../lib/gcc/arm-none-eabi/7.2.1/../../../../arm-none-eabi/lib/thumb/v7e-m/fpv4-sp/hard\libc_nano.a(lib_a-locale.o)
 .rodata._ctype_
                0x08005bc6      0x101 c:/program files (x86)/gnu tools arm embedded/7 2017-q4-major/bin/../lib/gcc/arm-none-eabi/7.2.1/../../../../arm-none-eabi/lib/thumb/v7e-m/fpv4-sp/hard\libc_nano.a(lib_a-ctype_.o)
                0x08005bc6                _ctype_
                0x08005cc8                . = ALIGN (0x4)
 *fill*         0x08005cc7        0x1 

.ARM.extab
 *(.ARM.extab* .gnu.linkonce.armextab.*)

.ARM            0x08005cc8        0x8
                0x08005cc8                __exidx_start = .
 *(.ARM.exidx*)
 .ARM.exidx     0x08005cc8        0x8 c:/program files (x86)/gnu tools arm embedded/7 2017-q4-major/bin/../lib/gcc/arm-none-eabi/7.2.1/thumb/v7e-m/fpv4-sp/hard\libgcc.a(_udivmoddi4.o)
                0x08005cd0                __exidx_end = .

.rel.dyn        0x08005cd0        0x0
 .rel.iplt      0x08005cd0        0x0 c:/program files (x86)/gnu tools arm embedded/7 2017-q4-major/bin/../lib/gcc/arm-none-eabi/7.2.1/thumb/v7e-m/fpv4-sp/hard/crtbegin.o

.preinit_array  0x08005cd0        0x0
                0x08005cd0                PROVIDE (__preinit_array_start, .)
 *(.preinit_array*)
                0x08005cd0                PROVIDE (__preinit_array_end, .)

.init_array     0x08005cd0       0x14
                0x08005cd0                PROVIDE (__init_array_start, .)
 *(SORT_BY_NAME(.init_array.*))
 *(.init_array*)
 .init_array    0x08005cd0        0x4 c:/program files (x86)/gnu tools arm embedded/7 2017-q4-major/bin/../lib/gcc/arm-none-eabi/7.2.1/thumb/v7e-m/fpv4-sp/hard/crtbegin.o
 .init_array    0x08005cd4        0x4 Build/actuator.o
 .init_array    0x08005cd8        0x4 Build/robo_init.o
 .init_array    0x08005cdc        0x4 Build/encoder.o
 .init_array    0x08005ce0        0x4 Build/joystick.o
                0x08005ce4                PROVIDE (__init_array_end, .)

.fini_array     0x08005ce4        0x4
                [!provide]                PROVIDE (__fini_array_start, .)
 *(SORT_BY_NAME(.fini_array.*))
 *(.fini_array*)
 .fini_array    0x08005ce4        0x4 c:/program files (x86)/gnu tools arm embedded/7 2017-q4-major/bin/../lib/gcc/arm-none-eabi/7.2.1/thumb/v7e-m/fpv4-sp/hard/crtbegin.o
                [!provide]                PROVIDE (__fini_array_end, .)
                0x08005ce8                _sidata = LOADADDR (.data)

.data           0x20000000      0x1e0 load address 0x08005ce8
                0x20000000                . = ALIGN (0x4)
                0x20000000                _sdata = .
 *(.data)
 .data          0x20000000        0x4 c:/program files (x86)/gnu tools arm embedded/7 2017-q4-major/bin/../lib/gcc/arm-none-eabi/7.2.1/thumb/v7e-m/fpv4-sp/hard/crtbegin.o
                0x20000000                __dso_handle
 *(.data*)
 .data.uwTickFreq
                0x20000004        0x1 Build/stm32f4xx_hal.o
                0x20000004                uwTickFreq
 *fill*         0x20000005        0x3 
 .data.uwTickPrio
                0x20000008        0x4 Build/stm32f4xx_hal.o
                0x20000008                uwTickPrio
 .data.SystemCoreClock
                0x2000000c        0x4 Build/system_stm32f4xx.o
                0x2000000c                SystemCoreClock
 .data._impure_ptr
                0x20000010        0x4 c:/program files (x86)/gnu tools arm embedded/7 2017-q4-major/bin/../lib/gcc/arm-none-eabi/7.2.1/../../../../arm-none-eabi/lib/thumb/v7e-m/fpv4-sp/hard\libc_nano.a(lib_a-impure.o)
                0x20000010                _impure_ptr
 .data.impure_data
                0x20000014       0x60 c:/program files (x86)/gnu tools arm embedded/7 2017-q4-major/bin/../lib/gcc/arm-none-eabi/7.2.1/../../../../arm-none-eabi/lib/thumb/v7e-m/fpv4-sp/hard\libc_nano.a(lib_a-impure.o)
 .data.__global_locale
                0x20000074      0x16c c:/program files (x86)/gnu tools arm embedded/7 2017-q4-major/bin/../lib/gcc/arm-none-eabi/7.2.1/../../../../arm-none-eabi/lib/thumb/v7e-m/fpv4-sp/hard\libc_nano.a(lib_a-locale.o)
                0x20000074                __global_locale
                0x200001e0                . = ALIGN (0x4)
                0x200001e0                _edata = .
                0x08005ec8                _siccmram = LOADADDR (.ccmram)

.igot.plt       0x200001e0        0x0 load address 0x08005ec8
 .igot.plt      0x200001e0        0x0 c:/program files (x86)/gnu tools arm embedded/7 2017-q4-major/bin/../lib/gcc/arm-none-eabi/7.2.1/thumb/v7e-m/fpv4-sp/hard/crtbegin.o

.ccmram         0x10000000        0x0 load address 0x08005ec8
                0x10000000                . = ALIGN (0x4)
                0x10000000                _sccmram = .
 *(.ccmram)
 *(.ccmram*)
                0x10000000                . = ALIGN (0x4)
                0x10000000                _eccmram = .
                0x10000000                . = ALIGN (0x4)

.bss            0x200001e0      0x4ac
                0x200001e0                _sbss = .
                0x200001e0                __bss_start__ = _sbss
 *(.bss)
 .bss           0x200001e0       0x1c c:/program files (x86)/gnu tools arm embedded/7 2017-q4-major/bin/../lib/gcc/arm-none-eabi/7.2.1/thumb/v7e-m/fpv4-sp/hard/crtbegin.o
 *(.bss*)
 .bss.time      0x200001fc        0x4 Build/actuator.o
                0x200001fc                time
 .bss._ZL20motor_configurations
                0x20000200       0x80 Build/robo_init.o
 .bss.motor     0x20000280       0x10 Build/robo_init.o
                0x20000280                motor
 .bss._ZL14encoder_config
                0x20000290       0x30 Build/encoder.o
 .bss._ZL13gJoyStick_CRC
                0x200002c0      0x100 Build/joystick.o
 .bss._ZL13gRx2_Data_num
                0x200003c0        0x2 Build/joystick.o
 .bss._ZL15gStart_Byte_Rx2
                0x200003c2        0x1 Build/joystick.o
 .bss._ZL8gRx2Data
                0x200003c3        0x1 Build/joystick.o
 .bss._ZL9gJoyStick
                0x200003c4       0x20 Build/joystick.o
 .bss.gJoy      0x200003e4        0x8 Build/joystick.o
                0x200003e4                gJoy
 .bss.gJoy_Data_Arr
                0x200003ec        0x8 Build/joystick.o
                0x200003ec                gJoy_Data_Arr
 .bss.joystick  0x200003f4        0x4 Build/joystick.o
                0x200003f4                joystick
 .bss.__malloc_free_list
                0x200003f8        0x4 c:/program files (x86)/gnu tools arm embedded/7 2017-q4-major/bin/../lib/gcc/arm-none-eabi/7.2.1/../../../../arm-none-eabi/lib/thumb/v7e-m/fpv4-sp/hard\libc_nano.a(lib_a-nano-mallocr.o)
                0x200003f8                __malloc_free_list
 .bss.__malloc_sbrk_start
                0x200003fc        0x4 c:/program files (x86)/gnu tools arm embedded/7 2017-q4-major/bin/../lib/gcc/arm-none-eabi/7.2.1/../../../../arm-none-eabi/lib/thumb/v7e-m/fpv4-sp/hard\libc_nano.a(lib_a-nano-mallocr.o)
                0x200003fc                __malloc_sbrk_start
 .bss.heap_end.5377
                0x20000400        0x4 c:/program files (x86)/gnu tools arm embedded/7 2017-q4-major/bin/../lib/gcc/arm-none-eabi/7.2.1/../../../../arm-none-eabi/lib/thumb/v7e-m/fpv4-sp/hard\libnosys.a(sbrk.o)
 *(COMMON)
 COMMON         0x20000404      0x140 Build/tim.o
                0x20000404                htim8
                0x20000444                htim4
                0x20000484                htim3
                0x200004c4                htim1
                0x20000504                htim2
 COMMON         0x20000544      0x140 Build/usart.o
                0x20000544                hdma_uart4_rx
                0x200005a4                hdma_usart2_rx
                0x20000604                huart4
                0x20000644                huart2
 COMMON         0x20000684        0x4 Build/stm32f4xx_hal.o
                0x20000684                uwTick
 COMMON         0x20000688        0x4 c:/program files (x86)/gnu tools arm embedded/7 2017-q4-major/bin/../lib/gcc/arm-none-eabi/7.2.1/../../../../arm-none-eabi/lib/thumb/v7e-m/fpv4-sp/hard\libc_nano.a(lib_a-reent.o)
                0x20000688                errno
                0x2000068c                . = ALIGN (0x4)
                0x2000068c                _ebss = .
                0x2000068c                __bss_end__ = _ebss

._user_heap_stack
                0x2000068c      0x604
                0x20000690                . = ALIGN (0x8)
 *fill*         0x2000068c        0x4 
                0x20000690                PROVIDE (end, .)
                [!provide]                PROVIDE (_end, .)
                0x20000890                . = (. + _Min_Heap_Size)
 *fill*         0x20000690      0x200 
                0x20000c90                . = (. + _Min_Stack_Size)
 *fill*         0x20000890      0x400 
                0x20000c90                . = ALIGN (0x8)

/DISCARD/
 libc.a(*)
 libm.a(*)
 libgcc.a(*)

.ARM.attributes
                0x00000000       0x30
 *(.ARM.attributes)
 .ARM.attributes
                0x00000000       0x22 c:/program files (x86)/gnu tools arm embedded/7 2017-q4-major/bin/../lib/gcc/arm-none-eabi/7.2.1/thumb/v7e-m/fpv4-sp/hard/crti.o
 .ARM.attributes
                0x00000022       0x34 c:/program files (x86)/gnu tools arm embedded/7 2017-q4-major/bin/../lib/gcc/arm-none-eabi/7.2.1/thumb/v7e-m/fpv4-sp/hard/crtbegin.o
 .ARM.attributes
                0x00000056       0x39 Build/printf_config.o
 .ARM.attributes
                0x0000008f       0x39 Build/gpio.o
 .ARM.attributes
                0x000000c8       0x39 Build/tim.o
 .ARM.attributes
                0x00000101       0x39 Build/usart.o
 .ARM.attributes
                0x0000013a       0x39 Build/stm32f4xx_it.o
 .ARM.attributes
                0x00000173       0x39 Build/stm32f4xx_hal_msp.o
 .ARM.attributes
                0x000001ac       0x39 Build/stm32f4xx_hal_tim.o
 .ARM.attributes
                0x000001e5       0x39 Build/stm32f4xx_hal_tim_ex.o
 .ARM.attributes
                0x0000021e       0x39 Build/stm32f4xx_hal_uart.o
 .ARM.attributes
                0x00000257       0x39 Build/stm32f4xx_hal_rcc.o
 .ARM.attributes
                0x00000290       0x39 Build/stm32f4xx_hal_gpio.o
 .ARM.attributes
                0x000002c9       0x39 Build/stm32f4xx_hal_dma.o
 .ARM.attributes
                0x00000302       0x39 Build/stm32f4xx_hal_cortex.o
 .ARM.attributes
                0x0000033b       0x39 Build/stm32f4xx_hal.o
 .ARM.attributes
                0x00000374       0x39 Build/system_stm32f4xx.o
 .ARM.attributes
                0x000003ad       0x39 Build/dma.o
 .ARM.attributes
                0x000003e6       0x21 Build/startup_stm32f407xx.o
 .ARM.attributes
                0x00000407       0x39 Build/actuator.o
 .ARM.attributes
                0x00000440       0x39 Build/robo_init.o
 .ARM.attributes
                0x00000479       0x39 Build/encoder.o
 .ARM.attributes
                0x000004b2       0x39 Build/main.o
 .ARM.attributes
                0x000004eb       0x39 Build/joystick.o
 .ARM.attributes
                0x00000524       0x39 Build/crc_hash.o
 .ARM.attributes
                0x0000055d       0x34 c:/program files (x86)/gnu tools arm embedded/7 2017-q4-major/bin/../lib/gcc/arm-none-eabi/7.2.1/../../../../arm-none-eabi/lib/thumb/v7e-m/fpv4-sp/hard\libstdc++_nano.a(atexit_arm.o)
 .ARM.attributes
                0x00000591       0x34 c:/program files (x86)/gnu tools arm embedded/7 2017-q4-major/bin/../lib/gcc/arm-none-eabi/7.2.1/../../../../arm-none-eabi/lib/thumb/v7e-m/fpv4-sp/hard\libc_nano.a(lib_a-cxa_atexit.o)
 .ARM.attributes
                0x000005c5       0x34 c:/program files (x86)/gnu tools arm embedded/7 2017-q4-major/bin/../lib/gcc/arm-none-eabi/7.2.1/../../../../arm-none-eabi/lib/thumb/v7e-m/fpv4-sp/hard\libc_nano.a(lib_a-impure.o)
 .ARM.attributes
                0x000005f9       0x34 c:/program files (x86)/gnu tools arm embedded/7 2017-q4-major/bin/../lib/gcc/arm-none-eabi/7.2.1/../../../../arm-none-eabi/lib/thumb/v7e-m/fpv4-sp/hard\libc_nano.a(lib_a-init.o)
 .ARM.attributes
                0x0000062d       0x34 c:/program files (x86)/gnu tools arm embedded/7 2017-q4-major/bin/../lib/gcc/arm-none-eabi/7.2.1/../../../../arm-none-eabi/lib/thumb/v7e-m/fpv4-sp/hard\libc_nano.a(lib_a-memset.o)
 .ARM.attributes
                0x00000661       0x34 c:/program files (x86)/gnu tools arm embedded/7 2017-q4-major/bin/../lib/gcc/arm-none-eabi/7.2.1/../../../../arm-none-eabi/lib/thumb/v7e-m/fpv4-sp/hard\libc_nano.a(lib_a-nano-vfprintf_float.o)
 .ARM.attributes
                0x00000695       0x34 c:/program files (x86)/gnu tools arm embedded/7 2017-q4-major/bin/../lib/gcc/arm-none-eabi/7.2.1/../../../../arm-none-eabi/lib/thumb/v7e-m/fpv4-sp/hard\libc_nano.a(lib_a-nano-vfprintf_i.o)
 .ARM.attributes
                0x000006c9       0x34 c:/program files (x86)/gnu tools arm embedded/7 2017-q4-major/bin/../lib/gcc/arm-none-eabi/7.2.1/../../../../arm-none-eabi/lib/thumb/v7e-m/fpv4-sp/hard\libc_nano.a(lib_a-puts.o)
 .ARM.attributes
                0x000006fd       0x1b c:/program files (x86)/gnu tools arm embedded/7 2017-q4-major/bin/../lib/gcc/arm-none-eabi/7.2.1/../../../../arm-none-eabi/lib/thumb/v7e-m/fpv4-sp/hard\libc_nano.a(lib_a-strlen.o)
 .ARM.attributes
                0x00000718       0x34 c:/program files (x86)/gnu tools arm embedded/7 2017-q4-major/bin/../lib/gcc/arm-none-eabi/7.2.1/../../../../arm-none-eabi/lib/thumb/v7e-m/fpv4-sp/hard\libc_nano.a(lib_a-wbuf.o)
 .ARM.attributes
                0x0000074c       0x34 c:/program files (x86)/gnu tools arm embedded/7 2017-q4-major/bin/../lib/gcc/arm-none-eabi/7.2.1/../../../../arm-none-eabi/lib/thumb/v7e-m/fpv4-sp/hard\libc_nano.a(lib_a-wsetup.o)
 .ARM.attributes
                0x00000780       0x34 c:/program files (x86)/gnu tools arm embedded/7 2017-q4-major/bin/../lib/gcc/arm-none-eabi/7.2.1/../../../../arm-none-eabi/lib/thumb/v7e-m/fpv4-sp/hard\libc_nano.a(lib_a-dtoa.o)
 .ARM.attributes
                0x000007b4       0x34 c:/program files (x86)/gnu tools arm embedded/7 2017-q4-major/bin/../lib/gcc/arm-none-eabi/7.2.1/../../../../arm-none-eabi/lib/thumb/v7e-m/fpv4-sp/hard\libc_nano.a(lib_a-fflush.o)
 .ARM.attributes
                0x000007e8       0x34 c:/program files (x86)/gnu tools arm embedded/7 2017-q4-major/bin/../lib/gcc/arm-none-eabi/7.2.1/../../../../arm-none-eabi/lib/thumb/v7e-m/fpv4-sp/hard\libc_nano.a(lib_a-findfp.o)
 .ARM.attributes
                0x0000081c       0x34 c:/program files (x86)/gnu tools arm embedded/7 2017-q4-major/bin/../lib/gcc/arm-none-eabi/7.2.1/../../../../arm-none-eabi/lib/thumb/v7e-m/fpv4-sp/hard\libc_nano.a(lib_a-fwalk.o)
 .ARM.attributes
                0x00000850       0x34 c:/program files (x86)/gnu tools arm embedded/7 2017-q4-major/bin/../lib/gcc/arm-none-eabi/7.2.1/../../../../arm-none-eabi/lib/thumb/v7e-m/fpv4-sp/hard\libc_nano.a(lib_a-localeconv.o)
 .ARM.attributes
                0x00000884       0x34 c:/program files (x86)/gnu tools arm embedded/7 2017-q4-major/bin/../lib/gcc/arm-none-eabi/7.2.1/../../../../arm-none-eabi/lib/thumb/v7e-m/fpv4-sp/hard\libc_nano.a(lib_a-makebuf.o)
 .ARM.attributes
                0x000008b8       0x34 c:/program files (x86)/gnu tools arm embedded/7 2017-q4-major/bin/../lib/gcc/arm-none-eabi/7.2.1/../../../../arm-none-eabi/lib/thumb/v7e-m/fpv4-sp/hard\libc_nano.a(lib_a-malloc.o)
 .ARM.attributes
                0x000008ec       0x34 c:/program files (x86)/gnu tools arm embedded/7 2017-q4-major/bin/../lib/gcc/arm-none-eabi/7.2.1/../../../../arm-none-eabi/lib/thumb/v7e-m/fpv4-sp/hard\libc_nano.a(lib_a-memcpy-stub.o)
 .ARM.attributes
                0x00000920       0x34 c:/program files (x86)/gnu tools arm embedded/7 2017-q4-major/bin/../lib/gcc/arm-none-eabi/7.2.1/../../../../arm-none-eabi/lib/thumb/v7e-m/fpv4-sp/hard\libc_nano.a(lib_a-mprec.o)
 .ARM.attributes
                0x00000954       0x34 c:/program files (x86)/gnu tools arm embedded/7 2017-q4-major/bin/../lib/gcc/arm-none-eabi/7.2.1/../../../../arm-none-eabi/lib/thumb/v7e-m/fpv4-sp/hard\libc_nano.a(lib_a-nano-callocr.o)
 .ARM.attributes
                0x00000988       0x34 c:/program files (x86)/gnu tools arm embedded/7 2017-q4-major/bin/../lib/gcc/arm-none-eabi/7.2.1/../../../../arm-none-eabi/lib/thumb/v7e-m/fpv4-sp/hard\libc_nano.a(lib_a-nano-freer.o)
 .ARM.attributes
                0x000009bc       0x34 c:/program files (x86)/gnu tools arm embedded/7 2017-q4-major/bin/../lib/gcc/arm-none-eabi/7.2.1/../../../../arm-none-eabi/lib/thumb/v7e-m/fpv4-sp/hard\libc_nano.a(lib_a-nano-mallocr.o)
 .ARM.attributes
                0x000009f0       0x34 c:/program files (x86)/gnu tools arm embedded/7 2017-q4-major/bin/../lib/gcc/arm-none-eabi/7.2.1/../../../../arm-none-eabi/lib/thumb/v7e-m/fpv4-sp/hard\libc_nano.a(lib_a-sbrkr.o)
 .ARM.attributes
                0x00000a24       0x34 c:/program files (x86)/gnu tools arm embedded/7 2017-q4-major/bin/../lib/gcc/arm-none-eabi/7.2.1/../../../../arm-none-eabi/lib/thumb/v7e-m/fpv4-sp/hard\libc_nano.a(lib_a-stdio.o)
 .ARM.attributes
                0x00000a58       0x34 c:/program files (x86)/gnu tools arm embedded/7 2017-q4-major/bin/../lib/gcc/arm-none-eabi/7.2.1/../../../../arm-none-eabi/lib/thumb/v7e-m/fpv4-sp/hard\libc_nano.a(lib_a-writer.o)
 .ARM.attributes
                0x00000a8c       0x34 c:/program files (x86)/gnu tools arm embedded/7 2017-q4-major/bin/../lib/gcc/arm-none-eabi/7.2.1/../../../../arm-none-eabi/lib/thumb/v7e-m/fpv4-sp/hard\libc_nano.a(lib_a-closer.o)
 .ARM.attributes
                0x00000ac0       0x34 c:/program files (x86)/gnu tools arm embedded/7 2017-q4-major/bin/../lib/gcc/arm-none-eabi/7.2.1/../../../../arm-none-eabi/lib/thumb/v7e-m/fpv4-sp/hard\libc_nano.a(lib_a-fstatr.o)
 .ARM.attributes
                0x00000af4       0x34 c:/program files (x86)/gnu tools arm embedded/7 2017-q4-major/bin/../lib/gcc/arm-none-eabi/7.2.1/../../../../arm-none-eabi/lib/thumb/v7e-m/fpv4-sp/hard\libc_nano.a(lib_a-isattyr.o)
 .ARM.attributes
                0x00000b28       0x34 c:/program files (x86)/gnu tools arm embedded/7 2017-q4-major/bin/../lib/gcc/arm-none-eabi/7.2.1/../../../../arm-none-eabi/lib/thumb/v7e-m/fpv4-sp/hard\libc_nano.a(lib_a-locale.o)
 .ARM.attributes
                0x00000b5c       0x34 c:/program files (x86)/gnu tools arm embedded/7 2017-q4-major/bin/../lib/gcc/arm-none-eabi/7.2.1/../../../../arm-none-eabi/lib/thumb/v7e-m/fpv4-sp/hard\libc_nano.a(lib_a-lseekr.o)
 .ARM.attributes
                0x00000b90       0x34 c:/program files (x86)/gnu tools arm embedded/7 2017-q4-major/bin/../lib/gcc/arm-none-eabi/7.2.1/../../../../arm-none-eabi/lib/thumb/v7e-m/fpv4-sp/hard\libc_nano.a(lib_a-mbtowc_r.o)
 .ARM.attributes
                0x00000bc4       0x34 c:/program files (x86)/gnu tools arm embedded/7 2017-q4-major/bin/../lib/gcc/arm-none-eabi/7.2.1/../../../../arm-none-eabi/lib/thumb/v7e-m/fpv4-sp/hard\libc_nano.a(lib_a-mlock.o)
 .ARM.attributes
                0x00000bf8       0x34 c:/program files (x86)/gnu tools arm embedded/7 2017-q4-major/bin/../lib/gcc/arm-none-eabi/7.2.1/../../../../arm-none-eabi/lib/thumb/v7e-m/fpv4-sp/hard\libc_nano.a(lib_a-readr.o)
 .ARM.attributes
                0x00000c2c       0x34 c:/program files (x86)/gnu tools arm embedded/7 2017-q4-major/bin/../lib/gcc/arm-none-eabi/7.2.1/../../../../arm-none-eabi/lib/thumb/v7e-m/fpv4-sp/hard\libc_nano.a(lib_a-reent.o)
 .ARM.attributes
                0x00000c60       0x34 c:/program files (x86)/gnu tools arm embedded/7 2017-q4-major/bin/../lib/gcc/arm-none-eabi/7.2.1/../../../../arm-none-eabi/lib/thumb/v7e-m/fpv4-sp/hard\libc_nano.a(lib_a-wctomb_r.o)
 .ARM.attributes
                0x00000c94       0x34 c:/program files (x86)/gnu tools arm embedded/7 2017-q4-major/bin/../lib/gcc/arm-none-eabi/7.2.1/../../../../arm-none-eabi/lib/thumb/v7e-m/fpv4-sp/hard\libc_nano.a(lib_a-ctype_.o)
 .ARM.attributes
                0x00000cc8       0x22 c:/program files (x86)/gnu tools arm embedded/7 2017-q4-major/bin/../lib/gcc/arm-none-eabi/7.2.1/thumb/v7e-m/fpv4-sp/hard\libgcc.a(_arm_addsubdf3.o)
 .ARM.attributes
                0x00000cea       0x22 c:/program files (x86)/gnu tools arm embedded/7 2017-q4-major/bin/../lib/gcc/arm-none-eabi/7.2.1/thumb/v7e-m/fpv4-sp/hard\libgcc.a(_arm_muldivdf3.o)
 .ARM.attributes
                0x00000d0c       0x22 c:/program files (x86)/gnu tools arm embedded/7 2017-q4-major/bin/../lib/gcc/arm-none-eabi/7.2.1/thumb/v7e-m/fpv4-sp/hard\libgcc.a(_arm_cmpdf2.o)
 .ARM.attributes
                0x00000d2e       0x22 c:/program files (x86)/gnu tools arm embedded/7 2017-q4-major/bin/../lib/gcc/arm-none-eabi/7.2.1/thumb/v7e-m/fpv4-sp/hard\libgcc.a(_arm_unorddf2.o)
 .ARM.attributes
                0x00000d50       0x22 c:/program files (x86)/gnu tools arm embedded/7 2017-q4-major/bin/../lib/gcc/arm-none-eabi/7.2.1/thumb/v7e-m/fpv4-sp/hard\libgcc.a(_arm_fixdfsi.o)
 .ARM.attributes
                0x00000d72       0x22 c:/program files (x86)/gnu tools arm embedded/7 2017-q4-major/bin/../lib/gcc/arm-none-eabi/7.2.1/thumb/v7e-m/fpv4-sp/hard\libgcc.a(_aeabi_uldivmod.o)
 .ARM.attributes
                0x00000d94       0x34 c:/program files (x86)/gnu tools arm embedded/7 2017-q4-major/bin/../lib/gcc/arm-none-eabi/7.2.1/thumb/v7e-m/fpv4-sp/hard\libgcc.a(_udivmoddi4.o)
 .ARM.attributes
                0x00000dc8       0x22 c:/program files (x86)/gnu tools arm embedded/7 2017-q4-major/bin/../lib/gcc/arm-none-eabi/7.2.1/thumb/v7e-m/fpv4-sp/hard\libgcc.a(_dvmd_tls.o)
 .ARM.attributes
                0x00000dea       0x34 c:/program files (x86)/gnu tools arm embedded/7 2017-q4-major/bin/../lib/gcc/arm-none-eabi/7.2.1/../../../../arm-none-eabi/lib/thumb/v7e-m/fpv4-sp/hard\libnosys.a(close.o)
 .ARM.attributes
                0x00000e1e       0x34 c:/program files (x86)/gnu tools arm embedded/7 2017-q4-major/bin/../lib/gcc/arm-none-eabi/7.2.1/../../../../arm-none-eabi/lib/thumb/v7e-m/fpv4-sp/hard\libnosys.a(fstat.o)
 .ARM.attributes
                0x00000e52       0x34 c:/program files (x86)/gnu tools arm embedded/7 2017-q4-major/bin/../lib/gcc/arm-none-eabi/7.2.1/../../../../arm-none-eabi/lib/thumb/v7e-m/fpv4-sp/hard\libnosys.a(isatty.o)
 .ARM.attributes
                0x00000e86       0x34 c:/program files (x86)/gnu tools arm embedded/7 2017-q4-major/bin/../lib/gcc/arm-none-eabi/7.2.1/../../../../arm-none-eabi/lib/thumb/v7e-m/fpv4-sp/hard\libnosys.a(lseek.o)
 .ARM.attributes
                0x00000eba       0x34 c:/program files (x86)/gnu tools arm embedded/7 2017-q4-major/bin/../lib/gcc/arm-none-eabi/7.2.1/../../../../arm-none-eabi/lib/thumb/v7e-m/fpv4-sp/hard\libnosys.a(read.o)
 .ARM.attributes
                0x00000eee       0x34 c:/program files (x86)/gnu tools arm embedded/7 2017-q4-major/bin/../lib/gcc/arm-none-eabi/7.2.1/../../../../arm-none-eabi/lib/thumb/v7e-m/fpv4-sp/hard\libnosys.a(sbrk.o)
 .ARM.attributes
                0x00000f22       0x22 c:/program files (x86)/gnu tools arm embedded/7 2017-q4-major/bin/../lib/gcc/arm-none-eabi/7.2.1/thumb/v7e-m/fpv4-sp/hard/crtn.o
OUTPUT(Build/test2.elf elf32-littlearm)

.debug_info     0x00000000    0x1bb70
 .debug_info    0x00000000      0x4a3 Build/printf_config.o
 .debug_info    0x000004a3      0xf5d Build/gpio.o
 .debug_info    0x00001400     0x21bd Build/tim.o
 .debug_info    0x000035bd     0x14d8 Build/usart.o
 .debug_info    0x00004a95     0x122d Build/stm32f4xx_it.o
 .debug_info    0x00005cc2      0xc82 Build/stm32f4xx_hal_msp.o
 .debug_info    0x00006944     0x3478 Build/stm32f4xx_hal_tim.o
 .debug_info    0x00009dbc     0x1612 Build/stm32f4xx_hal_tim_ex.o
 .debug_info    0x0000b3ce     0x18aa Build/stm32f4xx_hal_uart.o
 .debug_info    0x0000cc78      0xb16 Build/stm32f4xx_hal_rcc.o
 .debug_info    0x0000d78e      0x80c Build/stm32f4xx_hal_gpio.o
 .debug_info    0x0000df9a      0xaee Build/stm32f4xx_hal_dma.o
 .debug_info    0x0000ea88     0x101a Build/stm32f4xx_hal_cortex.o
 .debug_info    0x0000faa2      0xaaa Build/stm32f4xx_hal.o
 .debug_info    0x0001054c      0x580 Build/system_stm32f4xx.o
 .debug_info    0x00010acc      0xee9 Build/dma.o
 .debug_info    0x000119b5       0x22 Build/startup_stm32f407xx.o
 .debug_info    0x000119d7     0x21c1 Build/actuator.o
 .debug_info    0x00013b98     0x2111 Build/robo_init.o
 .debug_info    0x00015ca9     0x16b2 Build/encoder.o
 .debug_info    0x0001735b     0x2000 Build/main.o
 .debug_info    0x0001935b     0x2430 Build/joystick.o
 .debug_info    0x0001b78b      0x3e5 Build/crc_hash.o

.debug_abbrev   0x00000000     0x3c66
 .debug_abbrev  0x00000000      0x193 Build/printf_config.o
 .debug_abbrev  0x00000193      0x20d Build/gpio.o
 .debug_abbrev  0x000003a0      0x2ad Build/tim.o
 .debug_abbrev  0x0000064d      0x24c Build/usart.o
 .debug_abbrev  0x00000899      0x22f Build/stm32f4xx_it.o
 .debug_abbrev  0x00000ac8      0x1e6 Build/stm32f4xx_hal_msp.o
 .debug_abbrev  0x00000cae      0x274 Build/stm32f4xx_hal_tim.o
 .debug_abbrev  0x00000f22      0x26d Build/stm32f4xx_hal_tim_ex.o
 .debug_abbrev  0x0000118f      0x2bf Build/stm32f4xx_hal_uart.o
 .debug_abbrev  0x0000144e      0x28d Build/stm32f4xx_hal_rcc.o
 .debug_abbrev  0x000016db      0x21c Build/stm32f4xx_hal_gpio.o
 .debug_abbrev  0x000018f7      0x2ac Build/stm32f4xx_hal_dma.o
 .debug_abbrev  0x00001ba3      0x33d Build/stm32f4xx_hal_cortex.o
 .debug_abbrev  0x00001ee0      0x1f1 Build/stm32f4xx_hal.o
 .debug_abbrev  0x000020d1      0x110 Build/system_stm32f4xx.o
 .debug_abbrev  0x000021e1      0x216 Build/dma.o
 .debug_abbrev  0x000023f7       0x12 Build/startup_stm32f407xx.o
 .debug_abbrev  0x00002409      0x441 Build/actuator.o
 .debug_abbrev  0x0000284a      0x4e3 Build/robo_init.o
 .debug_abbrev  0x00002d2d      0x403 Build/encoder.o
 .debug_abbrev  0x00003130      0x370 Build/main.o
 .debug_abbrev  0x000034a0      0x5c8 Build/joystick.o
 .debug_abbrev  0x00003a68      0x1fe Build/crc_hash.o

.debug_loc      0x00000000     0xa5ed
 .debug_loc     0x00000000      0x13b Build/printf_config.o
 .debug_loc     0x0000013b       0x39 Build/gpio.o
 .debug_loc     0x00000174      0x3f7 Build/tim.o
 .debug_loc     0x0000056b      0x138 Build/usart.o
 .debug_loc     0x000006a3      0x160 Build/stm32f4xx_it.o
 .debug_loc     0x00000803       0x38 Build/stm32f4xx_hal_msp.o
 .debug_loc     0x0000083b     0x4378 Build/stm32f4xx_hal_tim.o
 .debug_loc     0x00004bb3     0x1602 Build/stm32f4xx_hal_tim_ex.o
 .debug_loc     0x000061b5     0x1a03 Build/stm32f4xx_hal_uart.o
 .debug_loc     0x00007bb8      0x555 Build/stm32f4xx_hal_rcc.o
 .debug_loc     0x0000810d      0x55f Build/stm32f4xx_hal_gpio.o
 .debug_loc     0x0000866c      0xc96 Build/stm32f4xx_hal_dma.o
 .debug_loc     0x00009302      0x65e Build/stm32f4xx_hal_cortex.o
 .debug_loc     0x00009960      0x19d Build/stm32f4xx_hal.o
 .debug_loc     0x00009afd      0x13e Build/system_stm32f4xx.o
 .debug_loc     0x00009c3b       0x38 Build/dma.o
 .debug_loc     0x00009c73      0x16e Build/actuator.o
 .debug_loc     0x00009de1      0x156 Build/robo_init.o
 .debug_loc     0x00009f37      0x2bc Build/encoder.o
 .debug_loc     0x0000a1f3       0x59 Build/main.o
 .debug_loc     0x0000a24c      0x244 Build/joystick.o
 .debug_loc     0x0000a490      0x15d Build/crc_hash.o

.debug_aranges  0x00000000      0xd88
 .debug_aranges
                0x00000000       0x28 Build/printf_config.o
 .debug_aranges
                0x00000028       0x20 Build/gpio.o
 .debug_aranges
                0x00000048       0x68 Build/tim.o
 .debug_aranges
                0x000000b0       0x38 Build/usart.o
 .debug_aranges
                0x000000e8       0xb0 Build/stm32f4xx_it.o
 .debug_aranges
                0x00000198       0x20 Build/stm32f4xx_hal_msp.o
 .debug_aranges
                0x000001b8      0x3a8 Build/stm32f4xx_hal_tim.o
 .debug_aranges
                0x00000560      0x150 Build/stm32f4xx_hal_tim_ex.o
 .debug_aranges
                0x000006b0      0x1d0 Build/stm32f4xx_hal_uart.o
 .debug_aranges
                0x00000880       0x88 Build/stm32f4xx_hal_rcc.o
 .debug_aranges
                0x00000908       0x58 Build/stm32f4xx_hal_gpio.o
 .debug_aranges
                0x00000960       0x90 Build/stm32f4xx_hal_dma.o
 .debug_aranges
                0x000009f0       0xa8 Build/stm32f4xx_hal_cortex.o
 .debug_aranges
                0x00000a98       0xf0 Build/stm32f4xx_hal.o
 .debug_aranges
                0x00000b88       0x28 Build/system_stm32f4xx.o
 .debug_aranges
                0x00000bb0       0x20 Build/dma.o
 .debug_aranges
                0x00000bd0       0x28 Build/startup_stm32f407xx.o
 .debug_aranges
                0x00000bf8       0x38 Build/actuator.o
 .debug_aranges
                0x00000c30       0x40 Build/robo_init.o
 .debug_aranges
                0x00000c70       0x58 Build/encoder.o
 .debug_aranges
                0x00000cc8       0x30 Build/main.o
 .debug_aranges
                0x00000cf8       0x68 Build/joystick.o
 .debug_aranges
                0x00000d60       0x28 Build/crc_hash.o

.debug_ranges   0x00000000      0xce0
 .debug_ranges  0x00000000       0x30 Build/printf_config.o
 .debug_ranges  0x00000030       0x10 Build/gpio.o
 .debug_ranges  0x00000040       0x58 Build/tim.o
 .debug_ranges  0x00000098       0x28 Build/usart.o
 .debug_ranges  0x000000c0       0xa0 Build/stm32f4xx_it.o
 .debug_ranges  0x00000160       0x10 Build/stm32f4xx_hal_msp.o
 .debug_ranges  0x00000170      0x398 Build/stm32f4xx_hal_tim.o
 .debug_ranges  0x00000508      0x140 Build/stm32f4xx_hal_tim_ex.o
 .debug_ranges  0x00000648      0x1c0 Build/stm32f4xx_hal_uart.o
 .debug_ranges  0x00000808       0x90 Build/stm32f4xx_hal_rcc.o
 .debug_ranges  0x00000898       0x48 Build/stm32f4xx_hal_gpio.o
 .debug_ranges  0x000008e0       0x80 Build/stm32f4xx_hal_dma.o
 .debug_ranges  0x00000960       0xf8 Build/stm32f4xx_hal_cortex.o
 .debug_ranges  0x00000a58       0xe0 Build/stm32f4xx_hal.o
 .debug_ranges  0x00000b38       0x18 Build/system_stm32f4xx.o
 .debug_ranges  0x00000b50       0x10 Build/dma.o
 .debug_ranges  0x00000b60       0x20 Build/startup_stm32f407xx.o
 .debug_ranges  0x00000b80       0x28 Build/actuator.o
 .debug_ranges  0x00000ba8       0x30 Build/robo_init.o
 .debug_ranges  0x00000bd8       0x48 Build/encoder.o
 .debug_ranges  0x00000c20       0x20 Build/main.o
 .debug_ranges  0x00000c40       0x70 Build/joystick.o
 .debug_ranges  0x00000cb0       0x30 Build/crc_hash.o

.debug_line     0x00000000     0x70cc
 .debug_line    0x00000000      0x1ba Build/printf_config.o
 .debug_line    0x000001ba      0x277 Build/gpio.o
 .debug_line    0x00000431      0x49c Build/tim.o
 .debug_line    0x000008cd      0x349 Build/usart.o
 .debug_line    0x00000c16      0x3d4 Build/stm32f4xx_it.o
 .debug_line    0x00000fea      0x265 Build/stm32f4xx_hal_msp.o
 .debug_line    0x0000124f     0x1416 Build/stm32f4xx_hal_tim.o
 .debug_line    0x00002665      0x85e Build/stm32f4xx_hal_tim_ex.o
 .debug_line    0x00002ec3      0xb80 Build/stm32f4xx_hal_uart.o
 .debug_line    0x00003a43      0x4b9 Build/stm32f4xx_hal_rcc.o
 .debug_line    0x00003efc      0x389 Build/stm32f4xx_hal_gpio.o
 .debug_line    0x00004285      0x53c Build/stm32f4xx_hal_dma.o
 .debug_line    0x000047c1      0x44d Build/stm32f4xx_hal_cortex.o
 .debug_line    0x00004c0e      0x412 Build/stm32f4xx_hal.o
 .debug_line    0x00005020      0x1cb Build/system_stm32f4xx.o
 .debug_line    0x000051eb      0x258 Build/dma.o
 .debug_line    0x00005443       0x74 Build/startup_stm32f407xx.o
 .debug_line    0x000054b7      0x577 Build/actuator.o
 .debug_line    0x00005a2e      0x5b3 Build/robo_init.o
 .debug_line    0x00005fe1      0x3ec Build/encoder.o
 .debug_line    0x000063cd      0x4f6 Build/main.o
 .debug_line    0x000068c3      0x627 Build/joystick.o
 .debug_line    0x00006eea      0x1e2 Build/crc_hash.o

.debug_str      0x00000000     0x4b9d
 .debug_str     0x00000000      0x268 Build/printf_config.o
                                0x2cd (size before relaxing)
 .debug_str     0x00000268      0x4f5 Build/gpio.o
                                0x79c (size before relaxing)
 .debug_str     0x0000075d      0xc0c Build/tim.o
                               0x1455 (size before relaxing)
 .debug_str     0x00001369      0x20a Build/usart.o
                                0xc43 (size before relaxing)
 .debug_str     0x00001573      0x1b6 Build/stm32f4xx_it.o
                                0xbcf (size before relaxing)
 .debug_str     0x00001729       0x46 Build/stm32f4xx_hal_msp.o
                                0x708 (size before relaxing)
 .debug_str     0x0000176f      0xcca Build/stm32f4xx_hal_tim.o
                               0x14fa (size before relaxing)
 .debug_str     0x00002439      0x423 Build/stm32f4xx_hal_tim_ex.o
                                0xd12 (size before relaxing)
 .debug_str     0x0000285c      0x565 Build/stm32f4xx_hal_uart.o
                                0xc45 (size before relaxing)
 .debug_str     0x00002dc1      0x28c Build/stm32f4xx_hal_rcc.o
                                0x6f0 (size before relaxing)
 .debug_str     0x0000304d      0x125 Build/stm32f4xx_hal_gpio.o
                                0x51d (size before relaxing)
 .debug_str     0x00003172      0x29b Build/stm32f4xx_hal_dma.o
                                0x7a3 (size before relaxing)
 .debug_str     0x0000340d      0x4a5 Build/stm32f4xx_hal_cortex.o
                                0xc57 (size before relaxing)
 .debug_str     0x000038b2      0x292 Build/stm32f4xx_hal.o
                                0xb8c (size before relaxing)
 .debug_str     0x00003b44       0x47 Build/system_stm32f4xx.o
                                0x386 (size before relaxing)
 .debug_str     0x00003b8b       0x1b Build/dma.o
                                0xbf3 (size before relaxing)
 .debug_str     0x00003ba6       0x25 Build/startup_stm32f407xx.o
                                 0x49 (size before relaxing)
 .debug_str     0x00003bcb      0x730 Build/actuator.o
                               0x13bc (size before relaxing)
 .debug_str     0x000042fb       0xc0 Build/robo_init.o
                               0x1312 (size before relaxing)
 .debug_str     0x000043bb      0x20f Build/encoder.o
                                0xecf (size before relaxing)
 .debug_str     0x000045ca       0xb1 Build/main.o
                               0x12ae (size before relaxing)
 .debug_str     0x0000467b      0x4e7 Build/joystick.o
                               0x1416 (size before relaxing)
 .debug_str     0x00004b62       0x3b Build/crc_hash.o
                                0x31c (size before relaxing)

.comment        0x00000000       0x7e
 .comment       0x00000000       0x7e Build/printf_config.o
                                 0x7f (size before relaxing)
 .comment       0x0000007e       0x7f Build/gpio.o
 .comment       0x0000007e       0x7f Build/tim.o
 .comment       0x0000007e       0x7f Build/usart.o
 .comment       0x0000007e       0x7f Build/stm32f4xx_it.o
 .comment       0x0000007e       0x7f Build/stm32f4xx_hal_msp.o
 .comment       0x0000007e       0x7f Build/stm32f4xx_hal_tim.o
 .comment       0x0000007e       0x7f Build/stm32f4xx_hal_tim_ex.o
 .comment       0x0000007e       0x7f Build/stm32f4xx_hal_uart.o
 .comment       0x0000007e       0x7f Build/stm32f4xx_hal_rcc.o
 .comment       0x0000007e       0x7f Build/stm32f4xx_hal_gpio.o
 .comment       0x0000007e       0x7f Build/stm32f4xx_hal_dma.o
 .comment       0x0000007e       0x7f Build/stm32f4xx_hal_cortex.o
 .comment       0x0000007e       0x7f Build/stm32f4xx_hal.o
 .comment       0x0000007e       0x7f Build/system_stm32f4xx.o
 .comment       0x0000007e       0x7f Build/dma.o
 .comment       0x0000007e       0x7f Build/actuator.o
 .comment       0x0000007e       0x7f Build/robo_init.o
 .comment       0x0000007e       0x7f Build/encoder.o
 .comment       0x0000007e       0x7f Build/main.o
 .comment       0x0000007e       0x7f Build/joystick.o
 .comment       0x0000007e       0x7f Build/crc_hash.o

.debug_frame    0x00000000     0x3450
 .debug_frame   0x00000000       0x48 Build/printf_config.o
 .debug_frame   0x00000048       0x44 Build/gpio.o
 .debug_frame   0x0000008c      0x158 Build/tim.o
 .debug_frame   0x000001e4       0x8c Build/usart.o
 .debug_frame   0x00000270      0x1c4 Build/stm32f4xx_it.o
 .debug_frame   0x00000434       0x2c Build/stm32f4xx_hal_msp.o
 .debug_frame   0x00000460      0xbc4 Build/stm32f4xx_hal_tim.o
 .debug_frame   0x00001024      0x430 Build/stm32f4xx_hal_tim_ex.o
 .debug_frame   0x00001454      0x57c Build/stm32f4xx_hal_uart.o
 .debug_frame   0x000019d0      0x1c4 Build/stm32f4xx_hal_rcc.o
 .debug_frame   0x00001b94       0xec Build/stm32f4xx_hal_gpio.o
 .debug_frame   0x00001c80      0x1b8 Build/stm32f4xx_hal_dma.o
 .debug_frame   0x00001e38      0x16c Build/stm32f4xx_hal_cortex.o
 .debug_frame   0x00001fa4      0x200 Build/stm32f4xx_hal.o
 .debug_frame   0x000021a4       0x30 Build/system_stm32f4xx.o
 .debug_frame   0x000021d4       0x30 Build/dma.o
 .debug_frame   0x00002204       0x9c Build/actuator.o
 .debug_frame   0x000022a0       0x9c Build/robo_init.o
 .debug_frame   0x0000233c       0xe8 Build/encoder.o
 .debug_frame   0x00002424       0x60 Build/main.o
 .debug_frame   0x00002484       0xf4 Build/joystick.o
 .debug_frame   0x00002578       0x4c Build/crc_hash.o
 .debug_frame   0x000025c4       0x20 c:/program files (x86)/gnu tools arm embedded/7 2017-q4-major/bin/../lib/gcc/arm-none-eabi/7.2.1/../../../../arm-none-eabi/lib/thumb/v7e-m/fpv4-sp/hard\libstdc++_nano.a(atexit_arm.o)
 .debug_frame   0x000025e4       0x28 c:/program files (x86)/gnu tools arm embedded/7 2017-q4-major/bin/../lib/gcc/arm-none-eabi/7.2.1/../../../../arm-none-eabi/lib/thumb/v7e-m/fpv4-sp/hard\libc_nano.a(lib_a-cxa_atexit.o)
 .debug_frame   0x0000260c       0x2c c:/program files (x86)/gnu tools arm embedded/7 2017-q4-major/bin/../lib/gcc/arm-none-eabi/7.2.1/../../../../arm-none-eabi/lib/thumb/v7e-m/fpv4-sp/hard\libc_nano.a(lib_a-init.o)
 .debug_frame   0x00002638       0x20 c:/program files (x86)/gnu tools arm embedded/7 2017-q4-major/bin/../lib/gcc/arm-none-eabi/7.2.1/../../../../arm-none-eabi/lib/thumb/v7e-m/fpv4-sp/hard\libc_nano.a(lib_a-memset.o)
 .debug_frame   0x00002658       0x8c c:/program files (x86)/gnu tools arm embedded/7 2017-q4-major/bin/../lib/gcc/arm-none-eabi/7.2.1/../../../../arm-none-eabi/lib/thumb/v7e-m/fpv4-sp/hard\libc_nano.a(lib_a-nano-vfprintf_float.o)
 .debug_frame   0x000026e4       0x60 c:/program files (x86)/gnu tools arm embedded/7 2017-q4-major/bin/../lib/gcc/arm-none-eabi/7.2.1/../../../../arm-none-eabi/lib/thumb/v7e-m/fpv4-sp/hard\libc_nano.a(lib_a-nano-vfprintf_i.o)
 .debug_frame   0x00002744       0x3c c:/program files (x86)/gnu tools arm embedded/7 2017-q4-major/bin/../lib/gcc/arm-none-eabi/7.2.1/../../../../arm-none-eabi/lib/thumb/v7e-m/fpv4-sp/hard\libc_nano.a(lib_a-puts.o)
 .debug_frame   0x00002780       0x40 c:/program files (x86)/gnu tools arm embedded/7 2017-q4-major/bin/../lib/gcc/arm-none-eabi/7.2.1/../../../../arm-none-eabi/lib/thumb/v7e-m/fpv4-sp/hard\libc_nano.a(lib_a-wbuf.o)
 .debug_frame   0x000027c0       0x2c c:/program files (x86)/gnu tools arm embedded/7 2017-q4-major/bin/../lib/gcc/arm-none-eabi/7.2.1/../../../../arm-none-eabi/lib/thumb/v7e-m/fpv4-sp/hard\libc_nano.a(lib_a-wsetup.o)
 .debug_frame   0x000027ec       0x70 c:/program files (x86)/gnu tools arm embedded/7 2017-q4-major/bin/../lib/gcc/arm-none-eabi/7.2.1/../../../../arm-none-eabi/lib/thumb/v7e-m/fpv4-sp/hard\libc_nano.a(lib_a-dtoa.o)
 .debug_frame   0x0000285c       0x68 c:/program files (x86)/gnu tools arm embedded/7 2017-q4-major/bin/../lib/gcc/arm-none-eabi/7.2.1/../../../../arm-none-eabi/lib/thumb/v7e-m/fpv4-sp/hard\libc_nano.a(lib_a-fflush.o)
 .debug_frame   0x000028c4      0x11c c:/program files (x86)/gnu tools arm embedded/7 2017-q4-major/bin/../lib/gcc/arm-none-eabi/7.2.1/../../../../arm-none-eabi/lib/thumb/v7e-m/fpv4-sp/hard\libc_nano.a(lib_a-findfp.o)
 .debug_frame   0x000029e0       0x54 c:/program files (x86)/gnu tools arm embedded/7 2017-q4-major/bin/../lib/gcc/arm-none-eabi/7.2.1/../../../../arm-none-eabi/lib/thumb/v7e-m/fpv4-sp/hard\libc_nano.a(lib_a-fwalk.o)
 .debug_frame   0x00002a34       0x40 c:/program files (x86)/gnu tools arm embedded/7 2017-q4-major/bin/../lib/gcc/arm-none-eabi/7.2.1/../../../../arm-none-eabi/lib/thumb/v7e-m/fpv4-sp/hard\libc_nano.a(lib_a-localeconv.o)
 .debug_frame   0x00002a74       0x58 c:/program files (x86)/gnu tools arm embedded/7 2017-q4-major/bin/../lib/gcc/arm-none-eabi/7.2.1/../../../../arm-none-eabi/lib/thumb/v7e-m/fpv4-sp/hard\libc_nano.a(lib_a-makebuf.o)
 .debug_frame   0x00002acc       0x30 c:/program files (x86)/gnu tools arm embedded/7 2017-q4-major/bin/../lib/gcc/arm-none-eabi/7.2.1/../../../../arm-none-eabi/lib/thumb/v7e-m/fpv4-sp/hard\libc_nano.a(lib_a-malloc.o)
 .debug_frame   0x00002afc       0x28 c:/program files (x86)/gnu tools arm embedded/7 2017-q4-major/bin/../lib/gcc/arm-none-eabi/7.2.1/../../../../arm-none-eabi/lib/thumb/v7e-m/fpv4-sp/hard\libc_nano.a(lib_a-memcpy-stub.o)
 .debug_frame   0x00002b24      0x244 c:/program files (x86)/gnu tools arm embedded/7 2017-q4-major/bin/../lib/gcc/arm-none-eabi/7.2.1/../../../../arm-none-eabi/lib/thumb/v7e-m/fpv4-sp/hard\libc_nano.a(lib_a-mprec.o)
 .debug_frame   0x00002d68       0x2c c:/program files (x86)/gnu tools arm embedded/7 2017-q4-major/bin/../lib/gcc/arm-none-eabi/7.2.1/../../../../arm-none-eabi/lib/thumb/v7e-m/fpv4-sp/hard\libc_nano.a(lib_a-nano-callocr.o)
 .debug_frame   0x00002d94       0x38 c:/program files (x86)/gnu tools arm embedded/7 2017-q4-major/bin/../lib/gcc/arm-none-eabi/7.2.1/../../../../arm-none-eabi/lib/thumb/v7e-m/fpv4-sp/hard\libc_nano.a(lib_a-nano-freer.o)
 .debug_frame   0x00002dcc       0x2c c:/program files (x86)/gnu tools arm embedded/7 2017-q4-major/bin/../lib/gcc/arm-none-eabi/7.2.1/../../../../arm-none-eabi/lib/thumb/v7e-m/fpv4-sp/hard\libc_nano.a(lib_a-nano-mallocr.o)