Archive member included to satisfy reference by file (symbol)

c:/program files (x86)/gnu tools arm embedded/7 2017-q4-major/bin/../lib/gcc/arm-none-eabi/7.2.1/../../../../arm-none-eabi/lib/thumb/v7e-m/fpv4-sp/hard\libstdc++_nano.a(atexit_arm.o)
                              Build/robo_init.o (__aeabi_atexit)
c:/program files (x86)/gnu tools arm embedded/7 2017-q4-major/bin/../lib/gcc/arm-none-eabi/7.2.1/../../../../arm-none-eabi/lib/thumb/v7e-m/fpv4-sp/hard\libc_nano.a(lib_a-cxa_atexit.o)
                              c:/program files (x86)/gnu tools arm embedded/7 2017-q4-major/bin/../lib/gcc/arm-none-eabi/7.2.1/../../../../arm-none-eabi/lib/thumb/v7e-m/fpv4-sp/hard\libstdc++_nano.a(atexit_arm.o) (__cxa_atexit)
c:/program files (x86)/gnu tools arm embedded/7 2017-q4-major/bin/../lib/gcc/arm-none-eabi/7.2.1/../../../../arm-none-eabi/lib/thumb/v7e-m/fpv4-sp/hard\libc_nano.a(lib_a-exit.o)
                              c:/program files (x86)/gnu tools arm embedded/7 2017-q4-major/bin/../lib/gcc/arm-none-eabi/7.2.1/../../../../arm-none-eabi/lib/thumb/v7e-m/fpv4-sp/hard/crt0.o (exit)
c:/program files (x86)/gnu tools arm embedded/7 2017-q4-major/bin/../lib/gcc/arm-none-eabi/7.2.1/../../../../arm-none-eabi/lib/thumb/v7e-m/fpv4-sp/hard\libc_nano.a(lib_a-impure.o)
                              c:/program files (x86)/gnu tools arm embedded/7 2017-q4-major/bin/../lib/gcc/arm-none-eabi/7.2.1/../../../../arm-none-eabi/lib/thumb/v7e-m/fpv4-sp/hard\libc_nano.a(lib_a-exit.o) (_global_impure_ptr)
c:/program files (x86)/gnu tools arm embedded/7 2017-q4-major/bin/../lib/gcc/arm-none-eabi/7.2.1/../../../../arm-none-eabi/lib/thumb/v7e-m/fpv4-sp/hard\libc_nano.a(lib_a-init.o)
                              c:/program files (x86)/gnu tools arm embedded/7 2017-q4-major/bin/../lib/gcc/arm-none-eabi/7.2.1/../../../../arm-none-eabi/lib/thumb/v7e-m/fpv4-sp/hard/crt0.o (__libc_init_array)
c:/program files (x86)/gnu tools arm embedded/7 2017-q4-major/bin/../lib/gcc/arm-none-eabi/7.2.1/../../../../arm-none-eabi/lib/thumb/v7e-m/fpv4-sp/hard\libc_nano.a(lib_a-memset.o)
                              c:/program files (x86)/gnu tools arm embedded/7 2017-q4-major/bin/../lib/gcc/arm-none-eabi/7.2.1/../../../../arm-none-eabi/lib/thumb/v7e-m/fpv4-sp/hard/crt0.o (memset)
c:/program files (x86)/gnu tools arm embedded/7 2017-q4-major/bin/../lib/gcc/arm-none-eabi/7.2.1/../../../../arm-none-eabi/lib/thumb/v7e-m/fpv4-sp/hard\libc_nano.a(lib_a-nano-vfprintf_float.o)
                              (_printf_float)
c:/program files (x86)/gnu tools arm embedded/7 2017-q4-major/bin/../lib/gcc/arm-none-eabi/7.2.1/../../../../arm-none-eabi/lib/thumb/v7e-m/fpv4-sp/hard\libc_nano.a(lib_a-nano-vfprintf_i.o)
                              c:/program files (x86)/gnu tools arm embedded/7 2017-q4-major/bin/../lib/gcc/arm-none-eabi/7.2.1/../../../../arm-none-eabi/lib/thumb/v7e-m/fpv4-sp/hard\libc_nano.a(lib_a-nano-vfprintf_float.o) (_printf_common)
c:/program files (x86)/gnu tools arm embedded/7 2017-q4-major/bin/../lib/gcc/arm-none-eabi/7.2.1/../../../../arm-none-eabi/lib/thumb/v7e-m/fpv4-sp/hard\libc_nano.a(lib_a-on_exit_args.o)
                              c:/program files (x86)/gnu tools arm embedded/7 2017-q4-major/bin/../lib/gcc/arm-none-eabi/7.2.1/../../../../arm-none-eabi/lib/thumb/v7e-m/fpv4-sp/hard\libc_nano.a(lib_a-cxa_atexit.o) (__on_exit_args)
c:/program files (x86)/gnu tools arm embedded/7 2017-q4-major/bin/../lib/gcc/arm-none-eabi/7.2.1/../../../../arm-none-eabi/lib/thumb/v7e-m/fpv4-sp/hard\libc_nano.a(lib_a-printf.o)
                              Build/actuator.o (printf)
c:/program files (x86)/gnu tools arm embedded/7 2017-q4-major/bin/../lib/gcc/arm-none-eabi/7.2.1/../../../../arm-none-eabi/lib/thumb/v7e-m/fpv4-sp/hard\libc_nano.a(lib_a-strlen.o)
                              c:/program files (x86)/gnu tools arm embedded/7 2017-q4-major/bin/../lib/gcc/arm-none-eabi/7.2.1/../../../../arm-none-eabi/lib/thumb/v7e-m/fpv4-sp/hard\libc_nano.a(lib_a-nano-vfprintf_float.o) (strlen)
c:/program files (x86)/gnu tools arm embedded/7 2017-q4-major/bin/../lib/gcc/arm-none-eabi/7.2.1/../../../../arm-none-eabi/lib/thumb/v7e-m/fpv4-sp/hard\libc_nano.a(lib_a-dtoa.o)
                              c:/program files (x86)/gnu tools arm embedded/7 2017-q4-major/bin/../lib/gcc/arm-none-eabi/7.2.1/../../../../arm-none-eabi/lib/thumb/v7e-m/fpv4-sp/hard\libc_nano.a(lib_a-nano-vfprintf_float.o) (_dtoa_r)
c:/program files (x86)/gnu tools arm embedded/7 2017-q4-major/bin/../lib/gcc/arm-none-eabi/7.2.1/../../../../arm-none-eabi/lib/thumb/v7e-m/fpv4-sp/hard\libc_nano.a(lib_a-findfp.o)
                              c:/program files (x86)/gnu tools arm embedded/7 2017-q4-major/bin/../lib/gcc/arm-none-eabi/7.2.1/../../../../arm-none-eabi/lib/thumb/v7e-m/fpv4-sp/hard\libc_nano.a(lib_a-printf.o) (__sinit)
c:/program files (x86)/gnu tools arm embedded/7 2017-q4-major/bin/../lib/gcc/arm-none-eabi/7.2.1/../../../../arm-none-eabi/lib/thumb/v7e-m/fpv4-sp/hard\libc_nano.a(lib_a-fwalk.o)
[...]
Memory Configuration

Name             Origin             Length             Attributes
RAM              0x20000000         0x00020000         xrw
CCMRAM           0x10000000         0x00010000         rw
FLASH            0x08000000         0x00100000         xr
*default*        0x00000000         0xffffffff

Linker script and memory map

LOAD c:/program files (x86)/gnu tools arm embedded/7 2017-q4-major/bin/../lib/gcc/arm-none-eabi/7.2.1/thumb/v7e-m/fpv4-sp/hard/crti.o
LOAD c:/program files (x86)/gnu tools arm embedded/7 2017-q4-major/bin/../lib/gcc/arm-none-eabi/7.2.1/thumb/v7e-m/fpv4-sp/hard/crtbegin.o
LOAD c:/program files (x86)/gnu tools arm embedded/7 2017-q4-major/bin/../lib/gcc/arm-none-eabi/7.2.1/../../../../arm-none-eabi/lib/thumb/v7e-m/fpv4-sp/hard/crt0.o
LOAD Build/printf_config.o
LOAD Build/gpio.o
LOAD Build/tim.o
LOAD Build/usart.o
LOAD Build/stm32f4xx_it.o
LOAD Build/stm32f4xx_hal_msp.o
LOAD Build/stm32f4xx_hal_tim.o
LOAD Build/stm32f4xx_hal_tim_ex.o
LOAD Build/stm32f4xx_hal_uart.o
LOAD Build/stm32f4xx_hal_rcc.o
LOAD Build/stm32f4xx_hal_rcc_ex.o
LOAD Build/stm32f4xx_hal_flash.o
LOAD Build/stm32f4xx_hal_flash_ex.o
LOAD Build/stm32f4xx_hal_flash_ramfunc.o
LOAD Build/stm32f4xx_hal_gpio.o
LOAD Build/stm32f4xx_hal_dma_ex.o
LOAD Build/stm32f4xx_hal_dma.o
LOAD Build/stm32f4xx_hal_pwr.o
LOAD Build/stm32f4xx_hal_pwr_ex.o
LOAD Build/stm32f4xx_hal_cortex.o
LOAD Build/stm32f4xx_hal.o
LOAD Build/stm32f4xx_hal_exti.o
LOAD Build/system_stm32f4xx.o
LOAD Build/dma.o
LOAD Build/startup_stm32f407xx.o
LOAD Build/actuator.o
LOAD Build/motor.o
LOAD Build/robo_init.o
LOAD Build/encoder.o
LOAD Build/main.o
LOAD Build/joystick.o
LOAD Build/crc_hash.o
LOAD c:/program files (x86)/gnu tools arm embedded/7 2017-q4-major/bin/../lib/gcc/arm-none-eabi/7.2.1/../../../../arm-none-eabi/lib/thumb/v7e-m/fpv4-sp/hard\libnosys.a
LOAD c:/program files (x86)/gnu tools arm embedded/7 2017-q4-major/bin/../lib/gcc/arm-none-eabi/7.2.1/../../../../arm-none-eabi/lib/thumb/v7e-m/fpv4-sp/hard\libstdc++_nano.a
LOAD c:/program files (x86)/gnu tools arm embedded/7 2017-q4-major/bin/../lib/gcc/arm-none-eabi/7.2.1/../../../../arm-none-eabi/lib/thumb/v7e-m/fpv4-sp/hard\libm.a
LOAD c:/program files (x86)/gnu tools arm embedded/7 2017-q4-major/bin/../lib/gcc/arm-none-eabi/7.2.1/../../../../arm-none-eabi/lib/thumb/v7e-m/fpv4-sp/hard\libc_nano.a
START GROUP
LOAD c:/program files (x86)/gnu tools arm embedded/7 2017-q4-major/bin/../lib/gcc/arm-none-eabi/7.2.1/thumb/v7e-m/fpv4-sp/hard\libgcc.a
LOAD c:/program files (x86)/gnu tools arm embedded/7 2017-q4-major/bin/../lib/gcc/arm-none-eabi/7.2.1/../../../../arm-none-eabi/lib/thumb/v7e-m/fpv4-sp/hard\libc_nano.a
END GROUP
START GROUP
LOAD c:/program files (x86)/gnu tools arm embedded/7 2017-q4-major/bin/../lib/gcc/arm-none-eabi/7.2.1/thumb/v7e-m/fpv4-sp/hard\libgcc.a
LOAD c:/program files (x86)/gnu tools arm embedded/7 2017-q4-major/bin/../lib/gcc/arm-none-eabi/7.2.1/../../../../arm-none-eabi/lib/thumb/v7e-m/fpv4-sp/hard\libc_nano.a
LOAD c:/program files (x86)/gnu tools arm embedded/7 2017-q4-major/bin/../lib/gcc/arm-none-eabi/7.2.1/../../../../arm-none-eabi/lib/thumb/v7e-m/fpv4-sp/hard\libnosys.a
END GROUP
START GROUP
LOAD c:/program files (x86)/gnu tools arm embedded/7 2017-q4-major/bin/../lib/gcc/arm-none-eabi/7.2.1/thumb/v7e-m/fpv4-sp/hard\libgcc.a
LOAD c:/program files (x86)/gnu tools arm embedded/7 2017-q4-major/bin/../lib/gcc/arm-none-eabi/7.2.1/../../../../arm-none-eabi/lib/thumb/v7e-m/fpv4-sp/hard\libc_nano.a
LOAD c:/program files (x86)/gnu tools arm embedded/7 2017-q4-major/bin/../lib/gcc/arm-none-eabi/7.2.1/../../../../arm-none-eabi/lib/thumb/v7e-m/fpv4-sp/hard\libnosys.a
END GROUP
LOAD c:/program files (x86)/gnu tools arm embedded/7 2017-q4-major/bin/../lib/gcc/arm-none-eabi/7.2.1/thumb/v7e-m/fpv4-sp/hard/crtend.o
LOAD c:/program files (x86)/gnu tools arm embedded/7 2017-q4-major/bin/../lib/gcc/arm-none-eabi/7.2.1/thumb/v7e-m/fpv4-sp/hard/crtn.o
                0x20020000                _estack = 0x20020000
                0x00000200                _Min_Heap_Size = 0x200
                0x00000400                _Min_Stack_Size = 0x400

.isr_vector     0x08000000      0x188
                0x08000000                . = ALIGN (0x4)
 *(.isr_vector)
 .isr_vector    0x08000000      0x188 Build/startup_stm32f407xx.o
                0x08000000                g_pfnVectors
                0x08000188                . = ALIGN (0x4)

.text           0x08000190     0x607c
                0x08000190                . = ALIGN (0x4)
 *(.text)
 .text          0x08000190       0x40 c:/program files (x86)/gnu tools arm embedded/7 2017-q4-major/bin/../lib/gcc/arm-none-eabi/7.2.1/thumb/v7e-m/fpv4-sp/hard/crtbegin.o
 .text          0x080001d0       0x10 c:/program files (x86)/gnu tools arm embedded/7 2017-q4-major/bin/../lib/gcc/arm-none-eabi/7.2.1/../../../../arm-none-eabi/lib/thumb/v7e-m/fpv4-sp/hard\libc_nano.a(lib_a-strlen.o)
                0x080001d0                strlen
 .text          0x080001e0       0xa0 c:/program files (x86)/gnu tools arm embedded/7 2017-q4-major/bin/../lib/gcc/arm-none-eabi/7.2.1/../../../../arm-none-eabi/lib/thumb/v7e-m/fpv4-sp/hard\libc_nano.a(lib_a-memchr.o)
                0x080001e0                memchr
 .text          0x08000280      0x378 c:/program files (x86)/gnu tools arm embedded/7 2017-q4-major/bin/../lib/gcc/arm-none-eabi/7.2.1/thumb/v7e-m/fpv4-sp/hard\libgcc.a(_arm_addsubdf3.o)
                0x08000280                __aeabi_drsub
                0x08000288                __aeabi_dsub
                0x08000288                __subdf3
                0x0800028c                __aeabi_dadd
                0x0800028c                __adddf3
                0x08000504                __floatunsidf
                0x08000504                __aeabi_ui2d
                0x08000524                __floatsidf
                0x08000524                __aeabi_i2d
                0x08000548                __aeabi_f2d
                0x08000548                __extendsfdf2
                0x0800058c                __floatundidf
                0x0800058c                __aeabi_ul2d
                0x0800059c                __floatdidf
                0x0800059c                __aeabi_l2d
 .text          0x080005f8      0x424 c:/program files (x86)/gnu tools arm embedded/7 2017-q4-major/bin/../lib/gcc/arm-none-eabi/7.2.1/thumb/v7e-m/fpv4-sp/hard\libgcc.a(_arm_muldivdf3.o)
                0x080005f8                __aeabi_dmul
                0x080005f8                __muldf3
                0x0800084c                __divdf3
                0x0800084c                __aeabi_ddiv
 .text          0x08000a1c      0x110 c:/program files (x86)/gnu tools arm embedded/7 2017-q4-major/bin/../lib/gcc/arm-none-eabi/7.2.1/thumb/v7e-m/fpv4-sp/hard\libgcc.a(_arm_cmpdf2.o)
                0x08000a1c                __gtdf2
                0x08000a1c                __gedf2
                0x08000a24                __ltdf2
                0x08000a24                __ledf2
                0x08000a2c                __nedf2
                0x08000a2c                __eqdf2
                0x08000a2c                __cmpdf2
                0x08000aa8                __aeabi_cdrcmple
                0x08000ab8                __aeabi_cdcmpeq
                0x08000ab8                __aeabi_cdcmple
                0x08000ac8                __aeabi_dcmpeq
                0x08000adc                __aeabi_dcmplt
                0x08000af0                __aeabi_dcmple
                0x08000b04                __aeabi_dcmpge
                0x08000b18                __aeabi_dcmpgt
 .text          0x08000b2c       0x2c c:/program files (x86)/gnu tools arm embedded/7 2017-q4-major/bin/../lib/gcc/arm-none-eabi/7.2.1/thumb/v7e-m/fpv4-sp/hard\libgcc.a(_arm_unorddf2.o)
                0x08000b2c                __unorddf2
                0x08000b2c                __aeabi_dcmpun
 .text          0x08000b58       0x50 c:/program files (x86)/gnu tools arm embedded/7 2017-q4-major/bin/../lib/gcc/arm-none-eabi/7.2.1/thumb/v7e-m/fpv4-sp/hard\libgcc.a(_arm_fixdfsi.o)
                0x08000b58                __aeabi_d2iz
                0x08000b58                __fixdfsi
 .text          0x08000ba8       0x40 c:/program files (x86)/gnu tools arm embedded/7 2017-q4-major/bin/../lib/gcc/arm-none-eabi/7.2.1/thumb/v7e-m/fpv4-sp/hard\libgcc.a(_arm_fixunsdfsi.o)
                0x08000ba8                __aeabi_d2uiz
                0x08000ba8                __fixunsdfsi
 .text          0x08000be8       0x30 c:/program files (x86)/gnu tools arm embedded/7 2017-q4-major/bin/../lib/gcc/arm-none-eabi/7.2.1/thumb/v7e-m/fpv4-sp/hard\libgcc.a(_aeabi_uldivmod.o)
                0x08000be8                __aeabi_uldivmod
 .text          0x08000c18      0x2cc c:/program files (x86)/gnu tools arm embedded/7 2017-q4-major/bin/../lib/gcc/arm-none-eabi/7.2.1/thumb/v7e-m/fpv4-sp/hard\libgcc.a(_udivmoddi4.o)
                0x08000c18                __udivmoddi4
 .text          0x08000ee4        0x4 c:/program files (x86)/gnu tools arm embedded/7 2017-q4-major/bin/../lib/gcc/arm-none-eabi/7.2.1/thumb/v7e-m/fpv4-sp/hard\libgcc.a(_dvmd_tls.o)
                0x08000ee4                __aeabi_idiv0
                0x08000ee4                __aeabi_ldiv0
 *(.text*)
 .text.ITM_SendString
                0x08000ee8       0x4e Build/printf_config.o
                0x08000ee8                ITM_SendString
 .text._write   0x08000f36        0xc Build/printf_config.o
                0x08000f36                _write
 *fill*         0x08000f42        0x2 
 .text.MX_GPIO_Init
                0x08000f44      0x154 Build/gpio.o
                0x08000f44                MX_GPIO_Init
 .text.MX_TIM1_Init
                0x08001098       0x64 Build/tim.o
                0x08001098                MX_TIM1_Init
 .text.MX_TIM2_Init
                0x080010fc       0x60 Build/tim.o
                0x080010fc                MX_TIM2_Init
 .text.MX_TIM3_Init
                0x0800115c       0x64 Build/tim.o
                0x0800115c                MX_TIM3_Init
 .text.MX_TIM4_Init
                0x080011c0       0x64 Build/tim.o
                0x080011c0                MX_TIM4_Init
 .text.HAL_TIM_Encoder_MspInit
                0x08001224      0x228 Build/tim.o
                0x08001224                HAL_TIM_Encoder_MspInit
 .text.HAL_TIM_PWM_MspInit
                0x0800144c       0x40 Build/tim.o
                0x0800144c                HAL_TIM_PWM_MspInit
 .text.HAL_TIM_MspPostInit
                0x0800148c       0x5c Build/tim.o
                0x0800148c                HAL_TIM_MspPostInit
 .text.MX_TIM8_Init
                0x080014e8       0xf0 Build/tim.o
                0x080014e8                MX_TIM8_Init
 .text.MX_UART4_Init
                0x080015d8       0x34 Build/usart.o
                0x080015d8                MX_UART4_Init
 .text.MX_USART2_UART_Init
                0x0800160c       0x34 Build/usart.o
                0x0800160c                MX_USART2_UART_Init
 .text.HAL_UART_MspInit
                0x08001640      0x14c Build/usart.o
                0x08001640                HAL_UART_MspInit
 .text.NMI_Handler
                0x0800178c        0x2 Build/stm32f4xx_it.o
                0x0800178c                NMI_Handler
 .text.HardFault_Handler
                0x0800178e        0x2 Build/stm32f4xx_it.o
                0x0800178e                HardFault_Handler
 .text.MemManage_Handler
                0x08001790        0x2 Build/stm32f4xx_it.o
                0x08001790                MemManage_Handler
 .text.BusFault_Handler
                0x08001792        0x2 Build/stm32f4xx_it.o
                0x08001792                BusFault_Handler
 .text.UsageFault_Handler
                0x08001794        0x2 Build/stm32f4xx_it.o
                0x08001794                UsageFault_Handler
 .text.SVC_Handler
                0x08001796        0x2 Build/stm32f4xx_it.o
                0x08001796                SVC_Handler
 .text.DebugMon_Handler
                0x08001798        0x2 Build/stm32f4xx_it.o
                0x08001798                DebugMon_Handler
 .text.PendSV_Handler
                0x0800179a        0x2 Build/stm32f4xx_it.o
                0x0800179a                PendSV_Handler
 .text.SysTick_Handler
                0x0800179c        0x8 Build/stm32f4xx_it.o
                0x0800179c                SysTick_Handler
 .text.DMA1_Stream2_IRQHandler
                0x080017a4       0x10 Build/stm32f4xx_it.o
                0x080017a4                DMA1_Stream2_IRQHandler
 .text.DMA1_Stream5_IRQHandler
                0x080017b4       0x10 Build/stm32f4xx_it.o
                0x080017b4                DMA1_Stream5_IRQHandler
 .text.TIM1_BRK_TIM9_IRQHandler
                0x080017c4       0x10 Build/stm32f4xx_it.o
                0x080017c4                TIM1_BRK_TIM9_IRQHandler
 .text.TIM1_UP_TIM10_IRQHandler
                0x080017d4       0x10 Build/stm32f4xx_it.o
                0x080017d4                TIM1_UP_TIM10_IRQHandler
 .text.TIM1_TRG_COM_TIM11_IRQHandler
                0x080017e4       0x10 Build/stm32f4xx_it.o
                0x080017e4                TIM1_TRG_COM_TIM11_IRQHandler
 .text.TIM1_CC_IRQHandler
                0x080017f4       0x10 Build/stm32f4xx_it.o
                0x080017f4                TIM1_CC_IRQHandler
 .text.TIM2_IRQHandler
                0x08001804       0x10 Build/stm32f4xx_it.o
                0x08001804                TIM2_IRQHandler
 .text.TIM3_IRQHandler
                0x08001814       0x10 Build/stm32f4xx_it.o
                0x08001814                TIM3_IRQHandler
 .text.TIM4_IRQHandler
                0x08001824       0x10 Build/stm32f4xx_it.o
                0x08001824                TIM4_IRQHandler
 .text.TIM8_UP_TIM13_IRQHandler
                0x08001834       0x10 Build/stm32f4xx_it.o
                0x08001834                TIM8_UP_TIM13_IRQHandler
 .text.HAL_MspInit
                0x08001844       0x40 Build/stm32f4xx_hal_msp.o
                0x08001844                HAL_MspInit
 .text.TIM_OC1_SetConfig
                0x08001884       0x68 Build/stm32f4xx_hal_tim.o
 .text.TIM_OC3_SetConfig
                0x080018ec       0x70 Build/stm32f4xx_hal_tim.o
 .text.TIM_OC4_SetConfig
                0x0800195c       0x50 Build/stm32f4xx_hal_tim.o
 .text.HAL_TIM_Base_Start
                0x080019ac       0x24 Build/stm32f4xx_hal_tim.o
                0x080019ac                HAL_TIM_Base_Start
 .text.HAL_TIM_PeriodElapsedCallback
                0x080019d0        0x2 Build/stm32f4xx_hal_tim.o
                0x080019d0                HAL_TIM_PeriodElapsedCallback
 .text.HAL_TIM_OC_DelayElapsedCallback
                0x080019d2        0x2 Build/stm32f4xx_hal_tim.o
                0x080019d2                HAL_TIM_OC_DelayElapsedCallback
 .text.HAL_TIM_IC_CaptureCallback
                0x080019d4        0x2 Build/stm32f4xx_hal_tim.o
                0x080019d4                HAL_TIM_IC_CaptureCallback
 .text.HAL_TIM_PWM_PulseFinishedCallback
                0x080019d6        0x2 Build/stm32f4xx_hal_tim.o
                0x080019d6                HAL_TIM_PWM_PulseFinishedCallback
 .text.HAL_TIM_TriggerCallback
                0x080019d8        0x2 Build/stm32f4xx_hal_tim.o
                0x080019d8                HAL_TIM_TriggerCallback
 .text.HAL_TIM_IRQHandler
                0x080019da      0x17a Build/stm32f4xx_hal_tim.o
                0x080019da                HAL_TIM_IRQHandler
 .text.TIM_Base_SetConfig
                0x08001b54       0xc8 Build/stm32f4xx_hal_tim.o
                0x08001b54                TIM_Base_SetConfig
 .text.HAL_TIM_PWM_Init
                0x08001c1c       0x32 Build/stm32f4xx_hal_tim.o
                0x08001c1c                HAL_TIM_PWM_Init
 .text.HAL_TIM_Encoder_Init
                0x08001c4e       0x9c Build/stm32f4xx_hal_tim.o
                0x08001c4e                HAL_TIM_Encoder_Init
 *fill*         0x08001cea        0x2 
 .text.TIM_OC2_SetConfig
                0x08001cec       0x70 Build/stm32f4xx_hal_tim.o
                0x08001cec                TIM_OC2_SetConfig
 .text.HAL_TIM_PWM_ConfigChannel
                0x08001d5c       0xdc Build/stm32f4xx_hal_tim.o
                0x08001d5c                HAL_TIM_PWM_ConfigChannel
 .text.TIM_CCxChannelCmd
                0x08001e38       0x22 Build/stm32f4xx_hal_tim.o
                0x08001e38                TIM_CCxChannelCmd
 *fill*         0x08001e5a        0x2 
 .text.HAL_TIM_PWM_Start
                0x08001e5c       0x40 Build/stm32f4xx_hal_tim.o
                0x08001e5c                HAL_TIM_PWM_Start
 .text.HAL_TIM_Encoder_Start
                0x08001e9c       0x44 Build/stm32f4xx_hal_tim.o
                0x08001e9c                HAL_TIM_Encoder_Start
 .text.HAL_TIMEx_MasterConfigSynchronization
                0x08001ee0       0x46 Build/stm32f4xx_hal_tim_ex.o
                0x08001ee0                HAL_TIMEx_MasterConfigSynchronization
 .text.HAL_TIMEx_ConfigBreakDeadTime
                0x08001f26       0x52 Build/stm32f4xx_hal_tim_ex.o
                0x08001f26                HAL_TIMEx_ConfigBreakDeadTime
 .text.HAL_TIMEx_CommutCallback
                0x08001f78        0x2 Build/stm32f4xx_hal_tim_ex.o
                0x08001f78                HAL_TIMEx_CommutCallback
 .text.HAL_TIMEx_BreakCallback
                0x08001f7a        0x2 Build/stm32f4xx_hal_tim_ex.o
                0x08001f7a                HAL_TIMEx_BreakCallback
 .text.UART_EndTxTransfer
                0x08001f7c       0x12 Build/stm32f4xx_hal_uart.o
 .text.UART_EndRxTransfer
                0x08001f8e       0x1c Build/stm32f4xx_hal_uart.o
 *fill*         0x08001faa        0x2 
 .text.UART_SetConfig
                0x08001fac      0x334 Build/stm32f4xx_hal_uart.o
 .text.HAL_UART_Init
                0x080022e0       0x5e Build/stm32f4xx_hal_uart.o
                0x080022e0                HAL_UART_Init
 *fill*         0x0800233e        0x2 
 .text.HAL_UART_Receive_DMA
                0x08002340       0xa8 Build/stm32f4xx_hal_uart.o
                0x08002340                HAL_UART_Receive_DMA
 .text.UART_DMAReceiveCplt
                0x080023e8       0x3e Build/stm32f4xx_hal_uart.o
 .text.HAL_UART_RxHalfCpltCallback
                0x08002426        0x2 Build/stm32f4xx_hal_uart.o
                0x08002426                HAL_UART_RxHalfCpltCallback
 .text.UART_DMARxHalfCplt
                0x08002428        0xa Build/stm32f4xx_hal_uart.o
 .text.HAL_UART_ErrorCallback
                0x08002432        0x2 Build/stm32f4xx_hal_uart.o
                0x08002432                HAL_UART_ErrorCallback
 .text.UART_DMAError
                0x08002434       0x58 Build/stm32f4xx_hal_uart.o
 .text.HAL_RCC_OscConfig
                0x0800248c      0x398 Build/stm32f4xx_hal_rcc.o
                0x0800248c                HAL_RCC_OscConfig
 .text.HAL_RCC_GetSysClockFreq
                0x08002824       0xd8 Build/stm32f4xx_hal_rcc.o
                0x08002824                HAL_RCC_GetSysClockFreq
 .text.HAL_RCC_ClockConfig
                0x080028fc      0x158 Build/stm32f4xx_hal_rcc.o
                0x080028fc                HAL_RCC_ClockConfig
 .text.HAL_RCC_GetHCLKFreq
                0x08002a54        0xc Build/stm32f4xx_hal_rcc.o
                0x08002a54                HAL_RCC_GetHCLKFreq
 .text.HAL_RCC_GetPCLK1Freq
                0x08002a60       0x20 Build/stm32f4xx_hal_rcc.o
                0x08002a60                HAL_RCC_GetPCLK1Freq
 .text.HAL_RCC_GetPCLK2Freq
                0x08002a80       0x20 Build/stm32f4xx_hal_rcc.o
                0x08002a80                HAL_RCC_GetPCLK2Freq
 .text.HAL_GPIO_Init
                0x08002aa0      0x1c8 Build/stm32f4xx_hal_gpio.o
                0x08002aa0                HAL_GPIO_Init
 .text.HAL_GPIO_WritePin
                0x08002c68        0xc Build/stm32f4xx_hal_gpio.o
                0x08002c68                HAL_GPIO_WritePin
 .text.DMA_SetConfig
                0x08002c74       0x2c Build/stm32f4xx_hal_dma.o
 .text.DMA_CalcBaseAndBitshift
                0x08002ca0       0x3c Build/stm32f4xx_hal_dma.o
 .text.DMA_CheckFifoParam
                0x08002cdc       0x8e Build/stm32f4xx_hal_dma.o
 *fill*         0x08002d6a        0x2 
 .text.HAL_DMA_Init
                0x08002d6c       0xcc Build/stm32f4xx_hal_dma.o
                0x08002d6c                HAL_DMA_Init
 .text.HAL_DMA_Start_IT
                0x08002e38       0x74 Build/stm32f4xx_hal_dma.o
                0x08002e38                HAL_DMA_Start_IT
 .text.HAL_DMA_IRQHandler
                0x08002eac      0x1dc Build/stm32f4xx_hal_dma.o
                0x08002eac                HAL_DMA_IRQHandler
 .text.HAL_NVIC_SetPriorityGrouping
                0x08003088       0x24 Build/stm32f4xx_hal_cortex.o
                0x08003088                HAL_NVIC_SetPriorityGrouping
 .text.HAL_NVIC_SetPriority
                0x080030ac       0x68 Build/stm32f4xx_hal_cortex.o
                0x080030ac                HAL_NVIC_SetPriority
 .text.HAL_NVIC_EnableIRQ
                0x08003114       0x1c Build/stm32f4xx_hal_cortex.o
                0x08003114                HAL_NVIC_EnableIRQ
 .text.HAL_SYSTICK_Config
                0x08003130       0x2c Build/stm32f4xx_hal_cortex.o
                0x08003130                HAL_SYSTICK_Config
 .text.HAL_InitTick
                0x0800315c       0x4c Build/stm32f4xx_hal.o
                0x0800315c                HAL_InitTick
 .text.HAL_Init
                0x080031a8       0x34 Build/stm32f4xx_hal.o
                0x080031a8                HAL_Init
 .text.HAL_IncTick
                0x080031dc       0x18 Build/stm32f4xx_hal.o
                0x080031dc                HAL_IncTick
 .text.HAL_GetTick
                0x080031f4        0xc Build/stm32f4xx_hal.o
                0x080031f4                HAL_GetTick
 .text.SystemInit
                0x08003200       0x4c Build/system_stm32f4xx.o
                0x08003200                SystemInit
 .text.MX_DMA_Init
                0x0800324c       0x44 Build/dma.o
                0x0800324c                MX_DMA_Init
 .text.Reset_Handler
                0x08003290       0x50 Build/startup_stm32f407xx.o
                0x08003290                Reset_Handler
 .text.Default_Handler
                0x080032e0        0x2 Build/startup_stm32f407xx.o
                0x080032e0                RTC_Alarm_IRQHandler
                0x080032e0                HASH_RNG_IRQHandler
                0x080032e0                EXTI2_IRQHandler
                0x080032e0                TIM8_CC_IRQHandler
                0x080032e0                DMA2_Stream5_IRQHandler
                0x080032e0                PVD_IRQHandler
                0x080032e0                SDIO_IRQHandler
                0x080032e0                TAMP_STAMP_IRQHandler
                0x080032e0                CAN2_RX1_IRQHandler
                0x080032e0                EXTI3_IRQHandler
                0x080032e0                TIM8_TRG_COM_TIM14_IRQHandler
                0x080032e0                I2C3_ER_IRQHandler
                0x080032e0                EXTI0_IRQHandler
                0x080032e0                I2C2_EV_IRQHandler
                0x080032e0                CAN1_RX0_IRQHandler
                0x080032e0                FPU_IRQHandler
                0x080032e0                OTG_HS_WKUP_IRQHandler
                0x080032e0                CAN2_SCE_IRQHandler
                0x080032e0                DMA2_Stream2_IRQHandler
                0x080032e0                SPI1_IRQHandler
                0x080032e0                TIM6_DAC_IRQHandler
                0x080032e0                DCMI_IRQHandler
                0x080032e0                CAN2_RX0_IRQHandler
                0x080032e0                DMA2_Stream3_IRQHandler
                0x080032e0                USART6_IRQHandler
                0x080032e0                USART3_IRQHandler
                0x080032e0                CAN1_RX1_IRQHandler
                0x080032e0                UART5_IRQHandler
                0x080032e0                DMA2_Stream0_IRQHandler
                0x080032e0                I2C1_EV_IRQHandler
                0x080032e0                DMA1_Stream6_IRQHandler
                0x080032e0                DMA1_Stream1_IRQHandler
                0x080032e0                UART4_IRQHandler
                0x080032e0                RCC_IRQHandler
                0x080032e0                TIM8_BRK_TIM12_IRQHandler
                0x080032e0                Default_Handler
                0x080032e0                EXTI15_10_IRQHandler
                0x080032e0                ADC_IRQHandler
                0x080032e0                DMA1_Stream7_IRQHandler
                0x080032e0                TIM7_IRQHandler
                0x080032e0                CAN2_TX_IRQHandler
                0x080032e0                TIM5_IRQHandler
                0x080032e0                DMA2_Stream7_IRQHandler
                0x080032e0                I2C3_EV_IRQHandler
                0x080032e0                EXTI9_5_IRQHandler
                0x080032e0                RTC_WKUP_IRQHandler
                0x080032e0                ETH_WKUP_IRQHandler
                0x080032e0                SPI2_IRQHandler
                0x080032e0                OTG_HS_EP1_IN_IRQHandler
                0x080032e0                DMA1_Stream0_IRQHandler
                0x080032e0                CAN1_TX_IRQHandler
                0x080032e0                EXTI4_IRQHandler
                0x080032e0                FSMC_IRQHandler
                0x080032e0                ETH_IRQHandler
                0x080032e0                OTG_HS_EP1_OUT_IRQHandler
                0x080032e0                WWDG_IRQHandler
                0x080032e0                OTG_FS_WKUP_IRQHandler
                0x080032e0                OTG_HS_IRQHandler
                0x080032e0                EXTI1_IRQHandler
                0x080032e0                USART2_IRQHandler
                0x080032e0                I2C2_ER_IRQHandler
                0x080032e0                DMA2_Stream1_IRQHandler
                0x080032e0                CAN1_SCE_IRQHandler
                0x080032e0                FLASH_IRQHandler
                0x080032e0                DMA2_Stream4_IRQHandler
                0x080032e0                USART1_IRQHandler
                0x080032e0                OTG_FS_IRQHandler
                0x080032e0                SPI3_IRQHandler
                0x080032e0                DMA1_Stream4_IRQHandler
                0x080032e0                I2C1_ER_IRQHandler
                0x080032e0                DMA2_Stream6_IRQHandler
                0x080032e0                DMA1_Stream3_IRQHandler
 *fill*         0x080032e2        0x2 
 .text._Z41__static_initialization_and_destruction_0ii
                0x080032e4       0x20 Build/actuator.o
 .text._Z4playv
                0x08003304       0x10 Build/actuator.o
                0x08003304                play()
 .text._Z24calculate_wheel_velocityv
                0x08003314       0xb4 Build/actuator.o
                0x08003314                calculate_wheel_velocity()
 .text._Z7forwardv
                0x080033c8       0x28 Build/actuator.o
                0x080033c8                forward()
 .text._Z4backv
                0x080033f0       0x20 Build/actuator.o
                0x080033f0                back()
 .text._Z4leftv
                0x08003410       0x28 Build/actuator.o
                0x08003410                left()
 .text._Z5rightv
                0x08003438       0x20 Build/actuator.o
                0x08003438                right()
 .text._Z4stopv
                0x08003458       0x18 Build/actuator.o
                0x08003458                stop()
 .text._GLOBAL__sub_I_velocity
                0x08003470        0xe Build/actuator.o
 *fill*         0x0800347e        0x2 
 .text._ZL11time_periodt
                0x08003480       0x14 Build/motor.o
 .text._ZL21set_DutyCycle_PrimaryP17TIM_HandleTypeDefmt
                0x08003494       0x50 Build/motor.o
 .text._ZL13set_DutyCycleP12motor_configt
                0x080034e4        0xe Build/motor.o
 *fill*         0x080034f2        0x6 
 .text._ZL14set_motorOmegaP12motor_configf
                0x080034f8       0x48 Build/motor.o
 .text._ZL18set_motorDirectionP12motor_config9Direction
                0x08003540       0x4c Build/motor.o
 .text._ZN5motor9set_omegaEf
                0x0800358c       0x84 Build/motor.o
                0x0800358c                motor::set_omega(float)
 .text.__tcf_0  0x08003610       0x18 Build/robo_init.o
 .text._ZL10motor_initv
                0x08003628       0xe4 Build/robo_init.o
 .text._Z41__static_initialization_and_destruction_0ii
                0x0800370c       0x3c Build/robo_init.o
 .text._Z9robo_initv
                0x08003748        0xc Build/robo_init.o
                0x08003748                robo_init()
 .text._GLOBAL__sub_I_motor
                0x08003754        0xe Build/robo_init.o
 *fill*         0x08003762        0x2 
 .text.__tcf_0  0x08003764       0x18 Build/encoder.o
 .text._Z41__static_initialization_and_destruction_0ii
                0x0800377c       0x40 Build/encoder.o
 .text._Z12encoder_initv
                0x080037bc       0x48 Build/encoder.o
                0x080037bc                encoder_init()
 .text._GLOBAL__sub_I__Z12encoder_initv
                0x08003804        0xe Build/encoder.o
 *fill*         0x08003812        0x2 
 .text._Z18SystemClock_Configv
                0x08003814       0x98 Build/main.o
                0x08003814                SystemClock_Config()
 .text.main     0x080038ac       0x38 Build/main.o
                0x080038ac                main
 .text.Error_Handler
                0x080038e4        0x2 Build/main.o
                0x080038e4                Error_Handler
 .text._ZN8CRC_HashD2Ev
                0x080038e6        0x2 Build/joystick.o
                0x080038e6                CRC_Hash::~CRC_Hash()
                0x080038e6                CRC_Hash::~CRC_Hash()
 .text._ZN8JoyStickD2Ev
                0x080038e8        0x2 Build/joystick.o
                0x080038e8                JoyStick::~JoyStick()
                0x080038e8                JoyStick::~JoyStick()
 .text._ZN15JoyStick_HandleD2Ev
                0x080038ea        0x2 Build/joystick.o
                0x080038ea                JoyStick_Handle::~JoyStick_Handle()
                0x080038ea                JoyStick_Handle::~JoyStick_Handle()
 .text._Z41__static_initialization_and_destruction_0ii
                0x080038ec       0x6c Build/joystick.o
 .text._ZN8JoyStick4initEv
                0x08003958       0x20 Build/joystick.o
                0x08003958                JoyStick::init()
 .text._Z12fill_JoyDataP13JoyStick_DataPh
                0x08003978       0x22 Build/joystick.o
                0x08003978                fill_JoyData(JoyStick_Data*, unsigned char*)
 *fill*         0x0800399a        0x2 
 .text._Z5task_v
                0x0800399c       0x70 Build/joystick.o
                0x0800399c                task_()
 .text.HAL_UART_RxCpltCallback
                0x08003a0c       0x74 Build/joystick.o
                0x08003a0c                HAL_UART_RxCpltCallback
 .text._GLOBAL__sub_I_joystick
                0x08003a80        0xe Build/joystick.o
 .text._ZN8CRC_HashC2Eh
                0x08003a8e       0x32 Build/crc_hash.o
                0x08003a8e                CRC_Hash::CRC_Hash(unsigned char)
                0x08003a8e                CRC_Hash::CRC_Hash(unsigned char)
 .text.__aeabi_atexit
                0x08003ac0        0xa c:/program files (x86)/gnu tools arm embedded/7 2017-q4-major/bin/../lib/gcc/arm-none-eabi/7.2.1/../../../../arm-none-eabi/lib/thumb/v7e-m/fpv4-sp/hard\libstdc++_nano.a(atexit_arm.o)
                0x08003ac0                __aeabi_atexit
 *fill*         0x08003aca        0x2 
 .text.__cxa_atexit
                0x08003acc       0x1c c:/program files (x86)/gnu tools arm embedded/7 2017-q4-major/bin/../lib/gcc/arm-none-eabi/7.2.1/../../../../arm-none-eabi/lib/thumb/v7e-m/fpv4-sp/hard\libc_nano.a(lib_a-cxa_atexit.o)
                0x08003acc                __cxa_atexit
 .text.__libc_init_array
                0x08003ae8       0x48 c:/program files (x86)/gnu tools arm embedded/7 2017-q4-major/bin/../lib/gcc/arm-none-eabi/7.2.1/../../../../arm-none-eabi/lib/thumb/v7e-m/fpv4-sp/hard\libc_nano.a(lib_a-init.o)
                0x08003ae8                __libc_init_array
 .text.memset   0x08003b30       0x10 c:/program files (x86)/gnu tools arm embedded/7 2017-q4-major/bin/../lib/gcc/arm-none-eabi/7.2.1/../../../../arm-none-eabi/lib/thumb/v7e-m/fpv4-sp/hard\libc_nano.a(lib_a-memset.o)
                0x08003b30                memset
 .text.__cvt    0x08003b40       0xc2 c:/program files (x86)/gnu tools arm embedded/7 2017-q4-major/bin/../lib/gcc/arm-none-eabi/7.2.1/../../../../arm-none-eabi/lib/thumb/v7e-m/fpv4-sp/hard\libc_nano.a(lib_a-nano-vfprintf_float.o)
                0x08003b40                __cvt
 .text.__exponent
                0x08003c02       0x66 c:/program files (x86)/gnu tools arm embedded/7 2017-q4-major/bin/../lib/gcc/arm-none-eabi/7.2.1/../../../../arm-none-eabi/lib/thumb/v7e-m/fpv4-sp/hard\libc_nano.a(lib_a-nano-vfprintf_float.o)
                0x08003c02                __exponent
 .text._printf_float
                0x08003c68      0x480 c:/program files (x86)/gnu tools arm embedded/7 2017-q4-major/bin/../lib/gcc/arm-none-eabi/7.2.1/../../../../arm-none-eabi/lib/thumb/v7e-m/fpv4-sp/hard\libc_nano.a(lib_a-nano-vfprintf_float.o)
                0x08003c68                _printf_float
 .text._printf_common
                0x080040e8       0xea c:/program files (x86)/gnu tools arm embedded/7 2017-q4-major/bin/../lib/gcc/arm-none-eabi/7.2.1/../../../../arm-none-eabi/lib/thumb/v7e-m/fpv4-sp/hard\libc_nano.a(lib_a-nano-vfprintf_i.o)
                0x080040e8                _printf_common
 *fill*         0x080041d2        0x2 
 .text._printf_i
                0x080041d4      0x224 c:/program files (x86)/gnu tools arm embedded/7 2017-q4-major/bin/../lib/gcc/arm-none-eabi/7.2.1/../../../../arm-none-eabi/lib/thumb/v7e-m/fpv4-sp/hard\libc_nano.a(lib_a-nano-vfprintf_i.o)
                0x080041d4                _printf_i
 .text.printf   0x080043f8       0x30 c:/program files (x86)/gnu tools arm embedded/7 2017-q4-major/bin/../lib/gcc/arm-none-eabi/7.2.1/../../../../arm-none-eabi/lib/thumb/v7e-m/fpv4-sp/hard\libc_nano.a(lib_a-printf.o)
                0x080043f8                iprintf
                0x080043f8                printf
 .text.quorem   0x08004428      0x118 c:/program files (x86)/gnu tools arm embedded/7 2017-q4-major/bin/../lib/gcc/arm-none-eabi/7.2.1/../../../../arm-none-eabi/lib/thumb/v7e-m/fpv4-sp/hard\libc_nano.a(lib_a-dtoa.o)
 .text._dtoa_r  0x08004540      0xb70 c:/program files (x86)/gnu tools arm embedded/7 2017-q4-major/bin/../lib/gcc/arm-none-eabi/7.2.1/../../../../arm-none-eabi/lib/thumb/v7e-m/fpv4-sp/hard\libc_nano.a(lib_a-dtoa.o)
                0x08004540                _dtoa_r
 .text.std      0x080050b0       0x48 c:/program files (x86)/gnu tools arm embedded/7 2017-q4-major/bin/../lib/gcc/arm-none-eabi/7.2.1/../../../../arm-none-eabi/lib/thumb/v7e-m/fpv4-sp/hard\libc_nano.a(lib_a-findfp.o)
 .text._cleanup_r
                0x080050f8        0xc c:/program files (x86)/gnu tools arm embedded/7 2017-q4-major/bin/../lib/gcc/arm-none-eabi/7.2.1/../../../../arm-none-eabi/lib/thumb/v7e-m/fpv4-sp/hard\libc_nano.a(lib_a-findfp.o)
                0x080050f8                _cleanup_r
 .text.__sfmoreglue
                0x08005104       0x2c c:/program files (x86)/gnu tools arm embedded/7 2017-q4-major/bin/../lib/gcc/arm-none-eabi/7.2.1/../../../../arm-none-eabi/lib/thumb/v7e-m/fpv4-sp/hard\libc_nano.a(lib_a-findfp.o)
                0x08005104                __sfmoreglue
 .text.__sinit  0x08005130       0x60 c:/program files (x86)/gnu tools arm embedded/7 2017-q4-major/bin/../lib/gcc/arm-none-eabi/7.2.1/../../../../arm-none-eabi/lib/thumb/v7e-m/fpv4-sp/hard\libc_nano.a(lib_a-findfp.o)
                0x08005130                __sinit
 .text.__sfp    0x08005190       0x78 c:/program files (x86)/gnu tools arm embedded/7 2017-q4-major/bin/../lib/gcc/arm-none-eabi/7.2.1/../../../../arm-none-eabi/lib/thumb/v7e-m/fpv4-sp/hard\libc_nano.a(lib_a-findfp.o)
                0x08005190                __sfp
 .text._fwalk_reent
                0x08005208       0x3c c:/program files (x86)/gnu tools arm embedded/7 2017-q4-major/bin/../lib/gcc/arm-none-eabi/7.2.1/../../../../arm-none-eabi/lib/thumb/v7e-m/fpv4-sp/hard\libc_nano.a(lib_a-fwalk.o)
                0x08005208                _fwalk_reent
 .text._localeconv_r
                0x08005244       0x1c c:/program files (x86)/gnu tools arm embedded/7 2017-q4-major/bin/../lib/gcc/arm-none-eabi/7.2.1/../../../../arm-none-eabi/lib/thumb/v7e-m/fpv4-sp/hard\libc_nano.a(lib_a-localeconv.o)
                0x08005244                _localeconv_r
 .text.malloc   0x08005260       0x10 c:/program files (x86)/gnu tools arm embedded/7 2017-q4-major/bin/../lib/gcc/arm-none-eabi/7.2.1/../../../../arm-none-eabi/lib/thumb/v7e-m/fpv4-sp/hard\libc_nano.a(lib_a-malloc.o)
                0x08005260                malloc
 .text.memcpy   0x08005270       0x16 c:/program files (x86)/gnu tools arm embedded/7 2017-q4-major/bin/../lib/gcc/arm-none-eabi/7.2.1/../../../../arm-none-eabi/lib/thumb/v7e-m/fpv4-sp/hard\libc_nano.a(lib_a-memcpy-stub.o)
                0x08005270                memcpy
 .text._Balloc  0x08005286       0x68 c:/program files (x86)/gnu tools arm embedded/7 2017-q4-major/bin/../lib/gcc/arm-none-eabi/7.2.1/../../../../arm-none-eabi/lib/thumb/v7e-m/fpv4-sp/hard\libc_nano.a(lib_a-mprec.o)
                0x08005286                _Balloc
 .text._Bfree   0x080052ee       0x2e c:/program files (x86)/gnu tools arm embedded/7 2017-q4-major/bin/../lib/gcc/arm-none-eabi/7.2.1/../../../../arm-none-eabi/lib/thumb/v7e-m/fpv4-sp/hard\libc_nano.a(lib_a-mprec.o)
                0x080052ee                _Bfree
 .text.__multadd
                0x0800531c       0x76 c:/program files (x86)/gnu tools arm embedded/7 2017-q4-major/bin/../lib/gcc/arm-none-eabi/7.2.1/../../../../arm-none-eabi/lib/thumb/v7e-m/fpv4-sp/hard\libc_nano.a(lib_a-mprec.o)
                0x0800531c                __multadd
 .text.__hi0bits
                0x08005392       0x3e c:/program files (x86)/gnu tools arm embedded/7 2017-q4-major/bin/../lib/gcc/arm-none-eabi/7.2.1/../../../../arm-none-eabi/lib/thumb/v7e-m/fpv4-sp/hard\libc_nano.a(lib_a-mprec.o)
                0x08005392                __hi0bits
 .text.__lo0bits
                0x080053d0       0x5e c:/program files (x86)/gnu tools arm embedded/7 2017-q4-major/bin/../lib/gcc/arm-none-eabi/7.2.1/../../../../arm-none-eabi/lib/thumb/v7e-m/fpv4-sp/hard\libc_nano.a(lib_a-mprec.o)
                0x080053d0                __lo0bits
 .text.__i2b    0x0800542e       0x12 c:/program files (x86)/gnu tools arm embedded/7 2017-q4-major/bin/../lib/gcc/arm-none-eabi/7.2.1/../../../../arm-none-eabi/lib/thumb/v7e-m/fpv4-sp/hard\libc_nano.a(lib_a-mprec.o)
                0x0800542e                __i2b
 .text.__multiply
                0x08005440      0x12c c:/program files (x86)/gnu tools arm embedded/7 2017-q4-major/bin/../lib/gcc/arm-none-eabi/7.2.1/../../../../arm-none-eabi/lib/thumb/v7e-m/fpv4-sp/hard\libc_nano.a(lib_a-mprec.o)
                0x08005440                __multiply
 .text.__pow5mult
                0x0800556c       0x9c c:/program files (x86)/gnu tools arm embedded/7 2017-q4-major/bin/../lib/gcc/arm-none-eabi/7.2.1/../../../../arm-none-eabi/lib/thumb/v7e-m/fpv4-sp/hard\libc_nano.a(lib_a-mprec.o)
                0x0800556c                __pow5mult
 .text.__lshift
                0x08005608       0xa8 c:/program files (x86)/gnu tools arm embedded/7 2017-q4-major/bin/../lib/gcc/arm-none-eabi/7.2.1/../../../../arm-none-eabi/lib/thumb/v7e-m/fpv4-sp/hard\libc_nano.a(lib_a-mprec.o)
                0x08005608                __lshift
 .text.__mcmp   0x080056b0       0x34 c:/program files (x86)/gnu tools arm embedded/7 2017-q4-major/bin/../lib/gcc/arm-none-eabi/7.2.1/../../../../arm-none-eabi/lib/thumb/v7e-m/fpv4-sp/hard\libc_nano.a(lib_a-mprec.o)
                0x080056b0                __mcmp
 .text.__mdiff  0x080056e4       0xba c:/program files (x86)/gnu tools arm embedded/7 2017-q4-major/bin/../lib/gcc/arm-none-eabi/7.2.1/../../../../arm-none-eabi/lib/thumb/v7e-m/fpv4-sp/hard\libc_nano.a(lib_a-mprec.o)
                0x080056e4                __mdiff
 .text.__d2b    0x0800579e       0x9e c:/program files (x86)/gnu tools arm embedded/7 2017-q4-major/bin/../lib/gcc/arm-none-eabi/7.2.1/../../../../arm-none-eabi/lib/thumb/v7e-m/fpv4-sp/hard\libc_nano.a(lib_a-mprec.o)
                0x0800579e                __d2b
 .text._calloc_r
                0x0800583c       0x1c c:/program files (x86)/gnu tools arm embedded/7 2017-q4-major/bin/../lib/gcc/arm-none-eabi/7.2.1/../../../../arm-none-eabi/lib/thumb/v7e-m/fpv4-sp/hard\libc_nano.a(lib_a-nano-callocr.o)
                0x0800583c                _calloc_r
 .text._free_r  0x08005858       0x9c c:/program files (x86)/gnu tools arm embedded/7 2017-q4-major/bin/../lib/gcc/arm-none-eabi/7.2.1/../../../../arm-none-eabi/lib/thumb/v7e-m/fpv4-sp/hard\libc_nano.a(lib_a-nano-freer.o)
                0x08005858                _free_r
 .text._malloc_r
                0x080058f4       0xb4 c:/program files (x86)/gnu tools arm embedded/7 2017-q4-major/bin/../lib/gcc/arm-none-eabi/7.2.1/../../../../arm-none-eabi/lib/thumb/v7e-m/fpv4-sp/hard\libc_nano.a(lib_a-nano-mallocr.o)
                0x080058f4                _malloc_r
 .text.__sfputc_r
                0x080059a8       0x2e c:/program files (x86)/gnu tools arm embedded/7 2017-q4-major/bin/../lib/gcc/arm-none-eabi/7.2.1/../../../../arm-none-eabi/lib/thumb/v7e-m/fpv4-sp/hard\libc_nano.a(lib_a-nano-vfprintf.o)
 .text.__sfputs_r
                0x080059d6       0x24 c:/program files (x86)/gnu tools arm embedded/7 2017-q4-major/bin/../lib/gcc/arm-none-eabi/7.2.1/../../../../arm-none-eabi/lib/thumb/v7e-m/fpv4-sp/hard\libc_nano.a(lib_a-nano-vfprintf.o)
                0x080059d6                __sfputs_r
 *fill*         0x080059fa        0x2 
 .text._vfprintf_r
                0x080059fc      0x228 c:/program files (x86)/gnu tools arm embedded/7 2017-q4-major/bin/../lib/gcc/arm-none-eabi/7.2.1/../../../../arm-none-eabi/lib/thumb/v7e-m/fpv4-sp/hard\libc_nano.a(lib_a-nano-vfprintf.o)
                0x080059fc                _vfprintf_r
                0x080059fc                _vfiprintf_r
 .text._sbrk_r  0x08005c24       0x20 c:/program files (x86)/gnu tools arm embedded/7 2017-q4-major/bin/../lib/gcc/arm-none-eabi/7.2.1/../../../../arm-none-eabi/lib/thumb/v7e-m/fpv4-sp/hard\libc_nano.a(lib_a-sbrkr.o)
                0x08005c24                _sbrk_r
 .text.__sread  0x08005c44       0x22 c:/program files (x86)/gnu tools arm embedded/7 2017-q4-major/bin/../lib/gcc/arm-none-eabi/7.2.1/../../../../arm-none-eabi/lib/thumb/v7e-m/fpv4-sp/hard\libc_nano.a(lib_a-stdio.o)
                0x08005c44                __sread
 .text.__swrite
                0x08005c66       0x38 c:/program files (x86)/gnu tools arm embedded/7 2017-q4-major/bin/../lib/gcc/arm-none-eabi/7.2.1/../../../../arm-none-eabi/lib/thumb/v7e-m/fpv4-sp/hard\libc_nano.a(lib_a-stdio.o)
                0x08005c66                __swrite
 .text.__sseek  0x08005c9e       0x24 c:/program files (x86)/gnu tools arm embedded/7 2017-q4-major/bin/../lib/gcc/arm-none-eabi/7.2.1/../../../../arm-none-eabi/lib/thumb/v7e-m/fpv4-sp/hard\libc_nano.a(lib_a-stdio.o)
                0x08005c9e                __sseek
 .text.__sclose
                0x08005cc2        0x8 c:/program files (x86)/gnu tools arm embedded/7 2017-q4-major/bin/../lib/gcc/arm-none-eabi/7.2.1/../../../../arm-none-eabi/lib/thumb/v7e-m/fpv4-sp/hard\libc_nano.a(lib_a-stdio.o)
                0x08005cc2                __sclose
 *fill*         0x08005cca        0x2 
 .text.__swbuf_r
                0x08005ccc       0xa4 c:/program files (x86)/gnu tools arm embedded/7 2017-q4-major/bin/../lib/gcc/arm-none-eabi/7.2.1/../../../../arm-none-eabi/lib/thumb/v7e-m/fpv4-sp/hard\libc_nano.a(lib_a-wbuf.o)
                0x08005ccc                __swbuf_r
 .text._write_r
                0x08005d70       0x24 c:/program files (x86)/gnu tools arm embedded/7 2017-q4-major/bin/../lib/gcc/arm-none-eabi/7.2.1/../../../../arm-none-eabi/lib/thumb/v7e-m/fpv4-sp/hard\libc_nano.a(lib_a-writer.o)
                0x08005d70                _write_r
 .text.__swsetup_r
                0x08005d94       0xdc c:/program files (x86)/gnu tools arm embedded/7 2017-q4-major/bin/../lib/gcc/arm-none-eabi/7.2.1/../../../../arm-none-eabi/lib/thumb/v7e-m/fpv4-sp/hard\libc_nano.a(lib_a-wsetup.o)
                0x08005d94                __swsetup_r
 .text._close_r
                0x08005e70       0x20 c:/program files (x86)/gnu tools arm embedded/7 2017-q4-major/bin/../lib/gcc/arm-none-eabi/7.2.1/../../../../arm-none-eabi/lib/thumb/v7e-m/fpv4-sp/hard\libc_nano.a(lib_a-closer.o)
                0x08005e70                _close_r
 .text.__sflush_r
                0x08005e90      0x10c c:/program files (x86)/gnu tools arm embedded/7 2017-q4-major/bin/../lib/gcc/arm-none-eabi/7.2.1/../../../../arm-none-eabi/lib/thumb/v7e-m/fpv4-sp/hard\libc_nano.a(lib_a-fflush.o)
                0x08005e90                __sflush_r
 .text._fflush_r
                0x08005f9c       0x54 c:/program files (x86)/gnu tools arm embedded/7 2017-q4-major/bin/../lib/gcc/arm-none-eabi/7.2.1/../../../../arm-none-eabi/lib/thumb/v7e-m/fpv4-sp/hard\libc_nano.a(lib_a-fflush.o)
                0x08005f9c                _fflush_r
 .text._lseek_r
                0x08005ff0       0x24 c:/program files (x86)/gnu tools arm embedded/7 2017-q4-major/bin/../lib/gcc/arm-none-eabi/7.2.1/../../../../arm-none-eabi/lib/thumb/v7e-m/fpv4-sp/hard\libc_nano.a(lib_a-lseekr.o)
                0x08005ff0                _lseek_r
 .text.__swhatbuf_r
                0x08006014       0x48 c:/program files (x86)/gnu tools arm embedded/7 2017-q4-major/bin/../lib/gcc/arm-none-eabi/7.2.1/../../../../arm-none-eabi/lib/thumb/v7e-m/fpv4-sp/hard\libc_nano.a(lib_a-makebuf.o)
                0x08006014                __swhatbuf_r
 .text.__smakebuf_r
                0x0800605c       0x80 c:/program files (x86)/gnu tools arm embedded/7 2017-q4-major/bin/../lib/gcc/arm-none-eabi/7.2.1/../../../../arm-none-eabi/lib/thumb/v7e-m/fpv4-sp/hard\libc_nano.a(lib_a-makebuf.o)
                0x0800605c                __smakebuf_r
 .text.__ascii_mbtowc
                0x080060dc       0x24 c:/program files (x86)/gnu tools arm embedded/7 2017-q4-major/bin/../lib/gcc/arm-none-eabi/7.2.1/../../../../arm-none-eabi/lib/thumb/v7e-m/fpv4-sp/hard\libc_nano.a(lib_a-mbtowc_r.o)
                0x080060dc                __ascii_mbtowc
 .text.__malloc_lock
                0x08006100        0x2 c:/program files (x86)/gnu tools arm embedded/7 2017-q4-major/bin/../lib/gcc/arm-none-eabi/7.2.1/../../../../arm-none-eabi/lib/thumb/v7e-m/fpv4-sp/hard\libc_nano.a(lib_a-mlock.o)
                0x08006100                __malloc_lock
 .text.__malloc_unlock
                0x08006102        0x2 c:/program files (x86)/gnu tools arm embedded/7 2017-q4-major/bin/../lib/gcc/arm-none-eabi/7.2.1/../../../../arm-none-eabi/lib/thumb/v7e-m/fpv4-sp/hard\libc_nano.a(lib_a-mlock.o)
                0x08006102                __malloc_unlock
 .text._read_r  0x08006104       0x24 c:/program files (x86)/gnu tools arm embedded/7 2017-q4-major/bin/../lib/gcc/arm-none-eabi/7.2.1/../../../../arm-none-eabi/lib/thumb/v7e-m/fpv4-sp/hard\libc_nano.a(lib_a-readr.o)
                0x08006104                _read_r
 .text.__ascii_wctomb
                0x08006128       0x1a c:/program files (x86)/gnu tools arm embedded/7 2017-q4-major/bin/../lib/gcc/arm-none-eabi/7.2.1/../../../../arm-none-eabi/lib/thumb/v7e-m/fpv4-sp/hard\libc_nano.a(lib_a-wctomb_r.o)
                0x08006128                __ascii_wctomb
 *fill*         0x08006142        0x2 
 .text._fstat_r
                0x08006144       0x24 c:/program files (x86)/gnu tools arm embedded/7 2017-q4-major/bin/../lib/gcc/arm-none-eabi/7.2.1/../../../../arm-none-eabi/lib/thumb/v7e-m/fpv4-sp/hard\libc_nano.a(lib_a-fstatr.o)
                0x08006144                _fstat_r
 .text._isatty_r
                0x08006168       0x20 c:/program files (x86)/gnu tools arm embedded/7 2017-q4-major/bin/../lib/gcc/arm-none-eabi/7.2.1/../../../../arm-none-eabi/lib/thumb/v7e-m/fpv4-sp/hard\libc_nano.a(lib_a-isattyr.o)
                0x08006168                _isatty_r
 .text._close   0x08006188       0x10 c:/program files (x86)/gnu tools arm embedded/7 2017-q4-major/bin/../lib/gcc/arm-none-eabi/7.2.1/../../../../arm-none-eabi/lib/thumb/v7e-m/fpv4-sp/hard\libnosys.a(close.o)
                0x08006188                _close
 .text._fstat   0x08006198       0x10 c:/program files (x86)/gnu tools arm embedded/7 2017-q4-major/bin/../lib/gcc/arm-none-eabi/7.2.1/../../../../arm-none-eabi/lib/thumb/v7e-m/fpv4-sp/hard\libnosys.a(fstat.o)
                0x08006198                _fstat
 .text._isatty  0x080061a8       0x10 c:/program files (x86)/gnu tools arm embedded/7 2017-q4-major/bin/../lib/gcc/arm-none-eabi/7.2.1/../../../../arm-none-eabi/lib/thumb/v7e-m/fpv4-sp/hard\libnosys.a(isatty.o)
                0x080061a8                _isatty
 .text._lseek   0x080061b8       0x10 c:/program files (x86)/gnu tools arm embedded/7 2017-q4-major/bin/../lib/gcc/arm-none-eabi/7.2.1/../../../../arm-none-eabi/lib/thumb/v7e-m/fpv4-sp/hard\libnosys.a(lseek.o)
                0x080061b8                _lseek
 .text._read    0x080061c8       0x10 c:/program files (x86)/gnu tools arm embedded/7 2017-q4-major/bin/../lib/gcc/arm-none-eabi/7.2.1/../../../../arm-none-eabi/lib/thumb/v7e-m/fpv4-sp/hard\libnosys.a(read.o)
                0x080061c8                _read
 .text._sbrk    0x080061d8       0x1c c:/program files (x86)/gnu tools arm embedded/7 2017-q4-major/bin/../lib/gcc/arm-none-eabi/7.2.1/../../../../arm-none-eabi/lib/thumb/v7e-m/fpv4-sp/hard\libnosys.a(sbrk.o)
                0x080061d8                _sbrk
 *(.glue_7)
 .glue_7        0x080061f4        0x0 linker stubs
 *(.glue_7t)
 .glue_7t       0x080061f4        0x0 linker stubs
 *(.eh_frame)
 .eh_frame      0x080061f4        0x0 c:/program files (x86)/gnu tools arm embedded/7 2017-q4-major/bin/../lib/gcc/arm-none-eabi/7.2.1/thumb/v7e-m/fpv4-sp/hard/crtbegin.o
 *(.init)
 .init          0x080061f4        0x4 c:/program files (x86)/gnu tools arm embedded/7 2017-q4-major/bin/../lib/gcc/arm-none-eabi/7.2.1/thumb/v7e-m/fpv4-sp/hard/crti.o
                0x080061f4                _init
 .init          0x080061f8        0x8 c:/program files (x86)/gnu tools arm embedded/7 2017-q4-major/bin/../lib/gcc/arm-none-eabi/7.2.1/thumb/v7e-m/fpv4-sp/hard/crtn.o
 *(.fini)
 .fini          0x08006200        0x4 c:/program files (x86)/gnu tools arm embedded/7 2017-q4-major/bin/../lib/gcc/arm-none-eabi/7.2.1/thumb/v7e-m/fpv4-sp/hard/crti.o
                0x08006200                _fini
 .fini          0x08006204        0x8 c:/program files (x86)/gnu tools arm embedded/7 2017-q4-major/bin/../lib/gcc/arm-none-eabi/7.2.1/thumb/v7e-m/fpv4-sp/hard/crtn.o
                0x0800620c                . = ALIGN (0x4)
                0x0800620c                _etext = .

.vfp11_veneer   0x0800620c        0x0
 .vfp11_veneer  0x0800620c        0x0 linker stubs

.v4_bx          0x0800620c        0x0
 .v4_bx         0x0800620c        0x0 linker stubs

.iplt           0x0800620c        0x0
 .iplt          0x0800620c        0x0 c:/program files (x86)/gnu tools arm embedded/7 2017-q4-major/bin/../lib/gcc/arm-none-eabi/7.2.1/thumb/v7e-m/fpv4-sp/hard/crtbegin.o

.rodata         0x08006210      0x340
                0x08006210                . = ALIGN (0x4)
 *(.rodata)
 .rodata        0x08006210       0x30 Build/actuator.o
 *(.rodata*)
 .rodata.flagBitshiftOffset.8119
                0x08006240        0x8 Build/stm32f4xx_hal_dma.o
 .rodata.AHBPrescTable
                0x08006248       0x10 Build/system_stm32f4xx.o
                0x08006248                AHBPrescTable
 .rodata.APBPrescTable
                0x08006258        0x8 Build/system_stm32f4xx.o
                0x08006258                APBPrescTable
 .rodata._Z24calculate_wheel_velocityv.str1.4
                0x08006260        0x4 Build/actuator.o
 .rodata.HAL_UART_RxCpltCallback.str1.4
                0x08006264        0xb Build/joystick.o
 *fill*         0x0800626f        0x1 
 .rodata._Z5task_v.str1.4
                0x08006270       0x20 Build/joystick.o
                                 0x1f (size before relaxing)
 .rodata._global_impure_ptr
                0x08006290        0x4 c:/program files (x86)/gnu tools arm embedded/7 2017-q4-major/bin/../lib/gcc/arm-none-eabi/7.2.1/../../../../arm-none-eabi/lib/thumb/v7e-m/fpv4-sp/hard\libc_nano.a(lib_a-impure.o)
                0x08006290                _global_impure_ptr
 .rodata._printf_float.str1.1
                0x08006294       0x12 c:/program files (x86)/gnu tools arm embedded/7 2017-q4-major/bin/../lib/gcc/arm-none-eabi/7.2.1/../../../../arm-none-eabi/lib/thumb/v7e-m/fpv4-sp/hard\libc_nano.a(lib_a-nano-vfprintf_float.o)
 .rodata._printf_i.str1.1
                0x080062a6       0x22 c:/program files (x86)/gnu tools arm embedded/7 2017-q4-major/bin/../lib/gcc/arm-none-eabi/7.2.1/../../../../arm-none-eabi/lib/thumb/v7e-m/fpv4-sp/hard\libc_nano.a(lib_a-nano-vfprintf_i.o)
 .rodata._dtoa_r.str1.1
                0x080062c8        0xd c:/program files (x86)/gnu tools arm embedded/7 2017-q4-major/bin/../lib/gcc/arm-none-eabi/7.2.1/../../../../arm-none-eabi/lib/thumb/v7e-m/fpv4-sp/hard\libc_nano.a(lib_a-dtoa.o)
                                  0xf (size before relaxing)
 *fill*         0x080062d5        0x3 
 .rodata.__sf_fake_stderr
                0x080062d8       0x20 c:/program files (x86)/gnu tools arm embedded/7 2017-q4-major/bin/../lib/gcc/arm-none-eabi/7.2.1/../../../../arm-none-eabi/lib/thumb/v7e-m/fpv4-sp/hard\libc_nano.a(lib_a-findfp.o)
                0x080062d8                __sf_fake_stderr
 .rodata.__sf_fake_stdin
                0x080062f8       0x20 c:/program files (x86)/gnu tools arm embedded/7 2017-q4-major/bin/../lib/gcc/arm-none-eabi/7.2.1/../../../../arm-none-eabi/lib/thumb/v7e-m/fpv4-sp/hard\libc_nano.a(lib_a-findfp.o)
                0x080062f8                __sf_fake_stdin
 .rodata.__sf_fake_stdout
                0x08006318       0x20 c:/program files (x86)/gnu tools arm embedded/7 2017-q4-major/bin/../lib/gcc/arm-none-eabi/7.2.1/../../../../arm-none-eabi/lib/thumb/v7e-m/fpv4-sp/hard\libc_nano.a(lib_a-findfp.o)
                0x08006318                __sf_fake_stdout
 .rodata.__mprec_bigtens
                0x08006338       0x28 c:/program files (x86)/gnu tools arm embedded/7 2017-q4-major/bin/../lib/gcc/arm-none-eabi/7.2.1/../../../../arm-none-eabi/lib/thumb/v7e-m/fpv4-sp/hard\libc_nano.a(lib_a-mprec.o)
                0x08006338                __mprec_bigtens
 .rodata.__mprec_tens
                0x08006360       0xc8 c:/program files (x86)/gnu tools arm embedded/7 2017-q4-major/bin/../lib/gcc/arm-none-eabi/7.2.1/../../../../arm-none-eabi/lib/thumb/v7e-m/fpv4-sp/hard\libc_nano.a(lib_a-mprec.o)
                0x08006360                __mprec_tens
 .rodata.p05.7359
                0x08006428        0xc c:/program files (x86)/gnu tools arm embedded/7 2017-q4-major/bin/../lib/gcc/arm-none-eabi/7.2.1/../../../../arm-none-eabi/lib/thumb/v7e-m/fpv4-sp/hard\libc_nano.a(lib_a-mprec.o)
 .rodata._vfprintf_r.str1.1
                0x08006434       0x11 c:/program files (x86)/gnu tools arm embedded/7 2017-q4-major/bin/../lib/gcc/arm-none-eabi/7.2.1/../../../../arm-none-eabi/lib/thumb/v7e-m/fpv4-sp/hard\libc_nano.a(lib_a-nano-vfprintf.o)
 .rodata._setlocale_r.str1.1
                0x08006445        0x8 c:/program files (x86)/gnu tools arm embedded/7 2017-q4-major/bin/../lib/gcc/arm-none-eabi/7.2.1/../../../../arm-none-eabi/lib/thumb/v7e-m/fpv4-sp/hard\libc_nano.a(lib_a-locale.o)
                                  0x9 (size before relaxing)
 .rodata.str1.1
                0x0800644d        0x2 c:/program files (x86)/gnu tools arm embedded/7 2017-q4-major/bin/../lib/gcc/arm-none-eabi/7.2.1/../../../../arm-none-eabi/lib/thumb/v7e-m/fpv4-sp/hard\libc_nano.a(lib_a-locale.o)
 .rodata._ctype_
                0x0800644f      0x101 c:/program files (x86)/gnu tools arm embedded/7 2017-q4-major/bin/../lib/gcc/arm-none-eabi/7.2.1/../../../../arm-none-eabi/lib/thumb/v7e-m/fpv4-sp/hard\libc_nano.a(lib_a-ctype_.o)
                0x0800644f                _ctype_
                0x08006550                . = ALIGN (0x4)

.ARM.extab
 *(.ARM.extab* .gnu.linkonce.armextab.*)

.ARM            0x08006550        0x8
                0x08006550                __exidx_start = .
 *(.ARM.exidx*)
 .ARM.exidx     0x08006550        0x8 c:/program files (x86)/gnu tools arm embedded/7 2017-q4-major/bin/../lib/gcc/arm-none-eabi/7.2.1/thumb/v7e-m/fpv4-sp/hard\libgcc.a(_udivmoddi4.o)
                0x08006558                __exidx_end = .

.rel.dyn        0x08006558        0x0
 .rel.iplt      0x08006558        0x0 c:/program files (x86)/gnu tools arm embedded/7 2017-q4-major/bin/../lib/gcc/arm-none-eabi/7.2.1/thumb/v7e-m/fpv4-sp/hard/crtbegin.o

.preinit_array  0x08006558        0x0
                0x08006558                PROVIDE (__preinit_array_start, .)
 *(.preinit_array*)
                0x08006558                PROVIDE (__preinit_array_end, .)

.init_array     0x08006558       0x14
                0x08006558                PROVIDE (__init_array_start, .)
 *(SORT_BY_NAME(.init_array.*))
 *(.init_array*)
 .init_array    0x08006558        0x4 c:/program files (x86)/gnu tools arm embedded/7 2017-q4-major/bin/../lib/gcc/arm-none-eabi/7.2.1/thumb/v7e-m/fpv4-sp/hard/crtbegin.o
 .init_array    0x0800655c        0x4 Build/actuator.o
 .init_array    0x08006560        0x4 Build/robo_init.o
 .init_array    0x08006564        0x4 Build/encoder.o
 .init_array    0x08006568        0x4 Build/joystick.o
                0x0800656c                PROVIDE (__init_array_end, .)

.fini_array     0x0800656c        0x4
                [!provide]                PROVIDE (__fini_array_start, .)
 *(SORT_BY_NAME(.fini_array.*))
 *(.fini_array*)
 .fini_array    0x0800656c        0x4 c:/program files (x86)/gnu tools arm embedded/7 2017-q4-major/bin/../lib/gcc/arm-none-eabi/7.2.1/thumb/v7e-m/fpv4-sp/hard/crtbegin.o
                [!provide]                PROVIDE (__fini_array_end, .)
                0x08006570                _sidata = LOADADDR (.data)

.data           0x20000000      0x1e4 load address 0x08006570
                0x20000000                . = ALIGN (0x4)
                0x20000000                _sdata = .
 *(.data)
 .data          0x20000000        0x4 c:/program files (x86)/gnu tools arm embedded/7 2017-q4-major/bin/../lib/gcc/arm-none-eabi/7.2.1/thumb/v7e-m/fpv4-sp/hard/crtbegin.o
                0x20000000                __dso_handle
 *(.data*)
 .data.uwTickFreq
                0x20000004        0x1 Build/stm32f4xx_hal.o
                0x20000004                uwTickFreq
 *fill*         0x20000005        0x3 
 .data.uwTickPrio
                0x20000008        0x4 Build/stm32f4xx_hal.o
                0x20000008                uwTickPrio
 .data.SystemCoreClock
                0x2000000c        0x4 Build/system_stm32f4xx.o
                0x2000000c                SystemCoreClock
 .data.velocity
                0x20000010        0x4 Build/actuator.o
                0x20000010                velocity
 .data._impure_ptr
                0x20000014        0x4 c:/program files (x86)/gnu tools arm embedded/7 2017-q4-major/bin/../lib/gcc/arm-none-eabi/7.2.1/../../../../arm-none-eabi/lib/thumb/v7e-m/fpv4-sp/hard\libc_nano.a(lib_a-impure.o)
                0x20000014                _impure_ptr
 .data.impure_data
                0x20000018       0x60 c:/program files (x86)/gnu tools arm embedded/7 2017-q4-major/bin/../lib/gcc/arm-none-eabi/7.2.1/../../../../arm-none-eabi/lib/thumb/v7e-m/fpv4-sp/hard\libc_nano.a(lib_a-impure.o)
 .data.__global_locale
                0x20000078      0x16c c:/program files (x86)/gnu tools arm embedded/7 2017-q4-major/bin/../lib/gcc/arm-none-eabi/7.2.1/../../../../arm-none-eabi/lib/thumb/v7e-m/fpv4-sp/hard\libc_nano.a(lib_a-locale.o)
                0x20000078                __global_locale
                0x200001e4                . = ALIGN (0x4)
                0x200001e4                _edata = .
                0x08006754                _siccmram = LOADADDR (.ccmram)

.igot.plt       0x200001e4        0x0 load address 0x08006754
 .igot.plt      0x200001e4        0x0 c:/program files (x86)/gnu tools arm embedded/7 2017-q4-major/bin/../lib/gcc/arm-none-eabi/7.2.1/thumb/v7e-m/fpv4-sp/hard/crtbegin.o

.ccmram         0x10000000        0x0 load address 0x08006754
                0x10000000                . = ALIGN (0x4)
                0x10000000                _sccmram = .
 *(.ccmram)
 *(.ccmram*)
                0x10000000                . = ALIGN (0x4)
                0x10000000                _eccmram = .
                0x10000000                . = ALIGN (0x4)

.bss            0x200001e4      0x4b8
                0x200001e4                _sbss = .
                0x200001e4                __bss_start__ = _sbss
 *(.bss)
 .bss           0x200001e4       0x1c c:/program files (x86)/gnu tools arm embedded/7 2017-q4-major/bin/../lib/gcc/arm-none-eabi/7.2.1/thumb/v7e-m/fpv4-sp/hard/crtbegin.o
 *(.bss*)
 .bss._ZL14velocity_robot
                0x20000200        0xc Build/actuator.o
 .bss.time      0x2000020c        0x4 Build/actuator.o
                0x2000020c                time
 .bss._ZL20motor_configurations
                0x20000210       0x80 Build/robo_init.o
 .bss.motor     0x20000290       0x10 Build/robo_init.o
                0x20000290                motor
 .bss._ZL14encoder_config
                0x200002a0       0x30 Build/encoder.o
 .bss._ZL13gJoyStick_CRC
                0x200002d0      0x100 Build/joystick.o
 .bss._ZL13gRx2_Data_num
                0x200003d0        0x2 Build/joystick.o
 .bss._ZL15gStart_Byte_Rx2
                0x200003d2        0x1 Build/joystick.o
 .bss._ZL8gRx2Data
                0x200003d3        0x1 Build/joystick.o
 .bss._ZL9gJoyStick
                0x200003d4       0x20 Build/joystick.o
 .bss.gJoy      0x200003f4        0x8 Build/joystick.o
                0x200003f4                gJoy
 .bss.gJoy_Data_Arr
                0x200003fc        0x8 Build/joystick.o
                0x200003fc                gJoy_Data_Arr
 .bss.joystick  0x20000404        0x4 Build/joystick.o
                0x20000404                joystick
 .bss.__malloc_free_list
                0x20000408        0x4 c:/program files (x86)/gnu tools arm embedded/7 2017-q4-major/bin/../lib/gcc/arm-none-eabi/7.2.1/../../../../arm-none-eabi/lib/thumb/v7e-m/fpv4-sp/hard\libc_nano.a(lib_a-nano-mallocr.o)
                0x20000408                __malloc_free_list
 .bss.__malloc_sbrk_start
                0x2000040c        0x4 c:/program files (x86)/gnu tools arm embedded/7 2017-q4-major/bin/../lib/gcc/arm-none-eabi/7.2.1/../../../../arm-none-eabi/lib/thumb/v7e-m/fpv4-sp/hard\libc_nano.a(lib_a-nano-mallocr.o)
                0x2000040c                __malloc_sbrk_start
 .bss.heap_end.5377
                0x20000410        0x4 c:/program files (x86)/gnu tools arm embedded/7 2017-q4-major/bin/../lib/gcc/arm-none-eabi/7.2.1/../../../../arm-none-eabi/lib/thumb/v7e-m/fpv4-sp/hard\libnosys.a(sbrk.o)
 *(COMMON)
 COMMON         0x20000414      0x140 Build/tim.o
                0x20000414                htim8
                0x20000454                htim4
                0x20000494                htim3
                0x200004d4                htim1
                0x20000514                htim2
 COMMON         0x20000554      0x140 Build/usart.o
                0x20000554                hdma_uart4_rx
                0x200005b4                hdma_usart2_rx
                0x20000614                huart4
                0x20000654                huart2
 COMMON         0x20000694        0x4 Build/stm32f4xx_hal.o
                0x20000694                uwTick
 COMMON         0x20000698        0x4 c:/program files (x86)/gnu tools arm embedded/7 2017-q4-major/bin/../lib/gcc/arm-none-eabi/7.2.1/../../../../arm-none-eabi/lib/thumb/v7e-m/fpv4-sp/hard\libc_nano.a(lib_a-reent.o)
                0x20000698                errno
                0x2000069c                . = ALIGN (0x4)
                0x2000069c                _ebss = .
                0x2000069c                __bss_end__ = _ebss

._user_heap_stack
                0x2000069c      0x604
                0x200006a0                . = ALIGN (0x8)
 *fill*         0x2000069c        0x4 
                0x200006a0                PROVIDE (end, .)
                [!provide]                PROVIDE (_end, .)
                0x200008a0                . = (. + _Min_Heap_Size)
 *fill*         0x200006a0      0x200 
                0x20000ca0                . = (. + _Min_Stack_Size)
 *fill*         0x200008a0      0x400 
                0x20000ca0                . = ALIGN (0x8)

/DISCARD/
 libc.a(*)
 libm.a(*)
 libgcc.a(*)

.ARM.attributes
                0x00000000       0x30
 *(.ARM.attributes)
 .ARM.attributes
                0x00000000       0x22 c:/program files (x86)/gnu tools arm embedded/7 2017-q4-major/bin/../lib/gcc/arm-none-eabi/7.2.1/thumb/v7e-m/fpv4-sp/hard/crti.o
 .ARM.attributes
                0x00000022       0x34 c:/program files (x86)/gnu tools arm embedded/7 2017-q4-major/bin/../lib/gcc/arm-none-eabi/7.2.1/thumb/v7e-m/fpv4-sp/hard/crtbegin.o
 .ARM.attributes
                0x00000056       0x39 Build/printf_config.o
 .ARM.attributes
                0x0000008f       0x39 Build/gpio.o
 .ARM.attributes
                0x000000c8       0x39 Build/tim.o
 .ARM.attributes
                0x00000101       0x39 Build/usart.o
 .ARM.attributes
                0x0000013a       0x39 Build/stm32f4xx_it.o
 .ARM.attributes
                0x00000173       0x39 Build/stm32f4xx_hal_msp.o
 .ARM.attributes
                0x000001ac       0x39 Build/stm32f4xx_hal_tim.o
 .ARM.attributes
                0x000001e5       0x39 Build/stm32f4xx_hal_tim_ex.o
 .ARM.attributes
                0x0000021e       0x39 Build/stm32f4xx_hal_uart.o
 .ARM.attributes
                0x00000257       0x39 Build/stm32f4xx_hal_rcc.o
 .ARM.attributes
                0x00000290       0x39 Build/stm32f4xx_hal_gpio.o
 .ARM.attributes
                0x000002c9       0x39 Build/stm32f4xx_hal_dma.o
 .ARM.attributes
                0x00000302       0x39 Build/stm32f4xx_hal_cortex.o
 .ARM.attributes
                0x0000033b       0x39 Build/stm32f4xx_hal.o
 .ARM.attributes
                0x00000374       0x39 Build/system_stm32f4xx.o
 .ARM.attributes
                0x000003ad       0x39 Build/dma.o
 .ARM.attributes
                0x000003e6       0x21 Build/startup_stm32f407xx.o
 .ARM.attributes
                0x00000407       0x39 Build/actuator.o
 .ARM.attributes
                0x00000440       0x39 Build/motor.o
 .ARM.attributes
                0x00000479       0x39 Build/robo_init.o
 .ARM.attributes
                0x000004b2       0x39 Build/encoder.o
 .ARM.attributes
                0x000004eb       0x39 Build/main.o
 .ARM.attributes
                0x00000524       0x39 Build/joystick.o
 .ARM.attributes
                0x0000055d       0x39 Build/crc_hash.o
 .ARM.attributes
                0x00000596       0x34 c:/program files (x86)/gnu tools arm embedded/7 2017-q4-major/bin/../lib/gcc/arm-none-eabi/7.2.1/../../../../arm-none-eabi/lib/thumb/v7e-m/fpv4-sp/hard\libstdc++_nano.a(atexit_arm.o)
 .ARM.attributes
                0x000005ca       0x34 c:/program files (x86)/gnu tools arm embedded/7 2017-q4-major/bin/../lib/gcc/arm-none-eabi/7.2.1/../../../../arm-none-eabi/lib/thumb/v7e-m/fpv4-sp/hard\libc_nano.a(lib_a-cxa_atexit.o)
 .ARM.attributes
                0x000005fe       0x34 c:/program files (x86)/gnu tools arm embedded/7 2017-q4-major/bin/../lib/gcc/arm-none-eabi/7.2.1/../../../../arm-none-eabi/lib/thumb/v7e-m/fpv4-sp/hard\libc_nano.a(lib_a-impure.o)
 .ARM.attributes
                0x00000632       0x34 c:/program files (x86)/gnu tools arm embedded/7 2017-q4-major/bin/../lib/gcc/arm-none-eabi/7.2.1/../../../../arm-none-eabi/lib/thumb/v7e-m/fpv4-sp/hard\libc_nano.a(lib_a-init.o)
 .ARM.attributes
                0x00000666       0x34 c:/program files (x86)/gnu tools arm embedded/7 2017-q4-major/bin/../lib/gcc/arm-none-eabi/7.2.1/../../../../arm-none-eabi/lib/thumb/v7e-m/fpv4-sp/hard\libc_nano.a(lib_a-memset.o)
 .ARM.attributes
                0x0000069a       0x34 c:/program files (x86)/gnu tools arm embedded/7 2017-q4-major/bin/../lib/gcc/arm-none-eabi/7.2.1/../../../../arm-none-eabi/lib/thumb/v7e-m/fpv4-sp/hard\libc_nano.a(lib_a-nano-vfprintf_float.o)
 .ARM.attributes
                0x000006ce       0x34 c:/program files (x86)/gnu tools arm embedded/7 2017-q4-major/bin/../lib/gcc/arm-none-eabi/7.2.1/../../../../arm-none-eabi/lib/thumb/v7e-m/fpv4-sp/hard\libc_nano.a(lib_a-nano-vfprintf_i.o)
 .ARM.attributes
                0x00000702       0x34 c:/program files (x86)/gnu tools arm embedded/7 2017-q4-major/bin/../lib/gcc/arm-none-eabi/7.2.1/../../../../arm-none-eabi/lib/thumb/v7e-m/fpv4-sp/hard\libc_nano.a(lib_a-printf.o)
 .ARM.attributes
                0x00000736       0x1b c:/program files (x86)/gnu tools arm embedded/7 2017-q4-major/bin/../lib/gcc/arm-none-eabi/7.2.1/../../../../arm-none-eabi/lib/thumb/v7e-m/fpv4-sp/hard\libc_nano.a(lib_a-strlen.o)
 .ARM.attributes
                0x00000751       0x34 c:/program files (x86)/gnu tools arm embedded/7 2017-q4-major/bin/../lib/gcc/arm-none-eabi/7.2.1/../../../../arm-none-eabi/lib/thumb/v7e-m/fpv4-sp/hard\libc_nano.a(lib_a-dtoa.o)
 .ARM.attributes
                0x00000785       0x34 c:/program files (x86)/gnu tools arm embedded/7 2017-q4-major/bin/../lib/gcc/arm-none-eabi/7.2.1/../../../../arm-none-eabi/lib/thumb/v7e-m/fpv4-sp/hard\libc_nano.a(lib_a-findfp.o)
 .ARM.attributes
                0x000007b9       0x34 c:/program files (x86)/gnu tools arm embedded/7 2017-q4-major/bin/../lib/gcc/arm-none-eabi/7.2.1/../../../../arm-none-eabi/lib/thumb/v7e-m/fpv4-sp/hard\libc_nano.a(lib_a-fwalk.o)
 .ARM.attributes
                0x000007ed       0x34 c:/program files (x86)/gnu tools arm embedded/7 2017-q4-major/bin/../lib/gcc/arm-none-eabi/7.2.1/../../../../arm-none-eabi/lib/thumb/v7e-m/fpv4-sp/hard\libc_nano.a(lib_a-localeconv.o)
 .ARM.attributes
                0x00000821       0x34 c:/program files (x86)/gnu tools arm embedded/7 2017-q4-major/bin/../lib/gcc/arm-none-eabi/7.2.1/../../../../arm-none-eabi/lib/thumb/v7e-m/fpv4-sp/hard\libc_nano.a(lib_a-malloc.o)
 .ARM.attributes
                0x00000855       0x20 c:/program files (x86)/gnu tools arm embedded/7 2017-q4-major/bin/../lib/gcc/arm-none-eabi/7.2.1/../../../../arm-none-eabi/lib/thumb/v7e-m/fpv4-sp/hard\libc_nano.a(lib_a-memchr.o)
 .ARM.attributes
                0x00000875       0x34 c:/program files (x86)/gnu tools arm embedded/7 2017-q4-major/bin/../lib/gcc/arm-none-eabi/7.2.1/../../../../arm-none-eabi/lib/thumb/v7e-m/fpv4-sp/hard\libc_nano.a(lib_a-memcpy-stub.o)
 .ARM.attributes
                0x000008a9       0x34 c:/program files (x86)/gnu tools arm embedded/7 2017-q4-major/bin/../lib/gcc/arm-none-eabi/7.2.1/../../../../arm-none-eabi/lib/thumb/v7e-m/fpv4-sp/hard\libc_nano.a(lib_a-mprec.o)
 .ARM.attributes
                0x000008dd       0x34 c:/program files (x86)/gnu tools arm embedded/7 2017-q4-major/bin/../lib/gcc/arm-none-eabi/7.2.1/../../../../arm-none-eabi/lib/thumb/v7e-m/fpv4-sp/hard\libc_nano.a(lib_a-nano-callocr.o)
 .ARM.attributes
                0x00000911       0x34 c:/program files (x86)/gnu tools arm embedded/7 2017-q4-major/bin/../lib/gcc/arm-none-eabi/7.2.1/../../../../arm-none-eabi/lib/thumb/v7e-m/fpv4-sp/hard\libc_nano.a(lib_a-nano-freer.o)
 .ARM.attributes
                0x00000945       0x34 c:/program files (x86)/gnu tools arm embedded/7 2017-q4-major/bin/../lib/gcc/arm-none-eabi/7.2.1/../../../../arm-none-eabi/lib/thumb/v7e-m/fpv4-sp/hard\libc_nano.a(lib_a-nano-mallocr.o)
 .ARM.attributes
                0x00000979       0x34 c:/program files (x86)/gnu tools arm embedded/7 2017-q4-major/bin/../lib/gcc/arm-none-eabi/7.2.1/../../../../arm-none-eabi/lib/thumb/v7e-m/fpv4-sp/hard\libc_nano.a(lib_a-nano-vfprintf.o)
 .ARM.attributes
                0x000009ad       0x34 c:/program files (x86)/gnu tools arm embedded/7 2017-q4-major/bin/../lib/gcc/arm-none-eabi/7.2.1/../../../../arm-none-eabi/lib/thumb/v7e-m/fpv4-sp/hard\libc_nano.a(lib_a-sbrkr.o)
 .ARM.attributes
                0x000009e1       0x34 c:/program files (x86)/gnu tools arm embedded/7 2017-q4-major/bin/../lib/gcc/arm-none-eabi/7.2.1/../../../../arm-none-eabi/lib/thumb/v7e-m/fpv4-sp/hard\libc_nano.a(lib_a-stdio.o)
 .ARM.attributes
                0x00000a15       0x34 c:/program files (x86)/gnu tools arm embedded/7 2017-q4-major/bin/../lib/gcc/arm-none-eabi/7.2.1/../../../../arm-none-eabi/lib/thumb/v7e-m/fpv4-sp/hard\libc_nano.a(lib_a-wbuf.o)
 .ARM.attributes
                0x00000a49       0x34 c:/program files (x86)/gnu tools arm embedded/7 2017-q4-major/bin/../lib/gcc/arm-none-eabi/7.2.1/../../../../arm-none-eabi/lib/thumb/v7e-m/fpv4-sp/hard\libc_nano.a(lib_a-writer.o)
 .ARM.attributes
                0x00000a7d       0x34 c:/program files (x86)/gnu tools arm embedded/7 2017-q4-major/bin/../lib/gcc/arm-none-eabi/7.2.1/../../../../arm-none-eabi/lib/thumb/v7e-m/fpv4-sp/hard\libc_nano.a(lib_a-wsetup.o)
 .ARM.attributes
                0x00000ab1       0x34 c:/program files (x86)/gnu tools arm embedded/7 2017-q4-major/bin/../lib/gcc/arm-none-eabi/7.2.1/../../../../arm-none-eabi/lib/thumb/v7e-m/fpv4-sp/hard\libc_nano.a(lib_a-closer.o)
 .ARM.attributes
                0x00000ae5       0x34 c:/program files (x86)/gnu tools arm embedded/7 2017-q4-major/bin/../lib/gcc/arm-none-eabi/7.2.1/../../../../arm-none-eabi/lib/thumb/v7e-m/fpv4-sp/hard\libc_nano.a(lib_a-fflush.o)
 .ARM.attributes
                0x00000b19       0x34 c:/program files (x86)/gnu tools arm embedded/7 2017-q4-major/bin/../lib/gcc/arm-none-eabi/7.2.1/../../../../arm-none-eabi/lib/thumb/v7e-m/fpv4-sp/hard\libc_nano.a(lib_a-locale.o)
 .ARM.attributes
                0x00000b4d       0x34 c:/program files (x86)/gnu tools arm embedded/7 2017-q4-major/bin/../lib/gcc/arm-none-eabi/7.2.1/../../../../arm-none-eabi/lib/thumb/v7e-m/fpv4-sp/hard\libc_nano.a(lib_a-lseekr.o)
 .ARM.attributes
                0x00000b81       0x34 c:/program files (x86)/gnu tools arm embedded/7 2017-q4-major/bin/../lib/gcc/arm-none-eabi/7.2.1/../../../../arm-none-eabi/lib/thumb/v7e-m/fpv4-sp/hard\libc_nano.a(lib_a-makebuf.o)
 .ARM.attributes
                0x00000bb5       0x34 c:/program files (x86)/gnu tools arm embedded/7 2017-q4-major/bin/../lib/gcc/arm-none-eabi/7.2.1/../../../../arm-none-eabi/lib/thumb/v7e-m/fpv4-sp/hard\libc_nano.a(lib_a-mbtowc_r.o)
 .ARM.attributes
                0x00000be9       0x34 c:/program files (x86)/gnu tools arm embedded/7 2017-q4-major/bin/../lib/gcc/arm-none-eabi/7.2.1/../../../../arm-none-eabi/lib/thumb/v7e-m/fpv4-sp/hard\libc_nano.a(lib_a-mlock.o)
 .ARM.attributes
                0x00000c1d       0x34 c:/program files (x86)/gnu tools arm embedded/7 2017-q4-major/bin/../lib/gcc/arm-none-eabi/7.2.1/../../../../arm-none-eabi/lib/thumb/v7e-m/fpv4-sp/hard\libc_nano.a(lib_a-readr.o)
 .ARM.attributes
                0x00000c51       0x34 c:/program files (x86)/gnu tools arm embedded/7 2017-q4-major/bin/../lib/gcc/arm-none-eabi/7.2.1/../../../../arm-none-eabi/lib/thumb/v7e-m/fpv4-sp/hard\libc_nano.a(lib_a-reent.o)
 .ARM.attributes
                0x00000c85       0x34 c:/program files (x86)/gnu tools arm embedded/7 2017-q4-major/bin/../lib/gcc/arm-none-eabi/7.2.1/../../../../arm-none-eabi/lib/thumb/v7e-m/fpv4-sp/hard\libc_nano.a(lib_a-wctomb_r.o)
 .ARM.attributes
                0x00000cb9       0x34 c:/program files (x86)/gnu tools arm embedded/7 2017-q4-major/bin/../lib/gcc/arm-none-eabi/7.2.1/../../../../arm-none-eabi/lib/thumb/v7e-m/fpv4-sp/hard\libc_nano.a(lib_a-ctype_.o)
 .ARM.attributes
                0x00000ced       0x34 c:/program files (x86)/gnu tools arm embedded/7 2017-q4-major/bin/../lib/gcc/arm-none-eabi/7.2.1/../../../../arm-none-eabi/lib/thumb/v7e-m/fpv4-sp/hard\libc_nano.a(lib_a-fstatr.o)
 .ARM.attributes
                0x00000d21       0x34 c:/program files (x86)/gnu tools arm embedded/7 2017-q4-major/bin/../lib/gcc/arm-none-eabi/7.2.1/../../../../arm-none-eabi/lib/thumb/v7e-m/fpv4-sp/hard\libc_nano.a(lib_a-isattyr.o)
 .ARM.attributes
                0x00000d55       0x22 c:/program files (x86)/gnu tools arm embedded/7 2017-q4-major/bin/../lib/gcc/arm-none-eabi/7.2.1/thumb/v7e-m/fpv4-sp/hard\libgcc.a(_arm_addsubdf3.o)
 .ARM.attributes
                0x00000d77       0x22 c:/program files (x86)/gnu tools arm embedded/7 2017-q4-major/bin/../lib/gcc/arm-none-eabi/7.2.1/thumb/v7e-m/fpv4-sp/hard\libgcc.a(_arm_muldivdf3.o)
 .ARM.attributes
                0x00000d99       0x22 c:/program files (x86)/gnu tools arm embedded/7 2017-q4-major/bin/../lib/gcc/arm-none-eabi/7.2.1/thumb/v7e-m/fpv4-sp/hard\libgcc.a(_arm_cmpdf2.o)
 .ARM.attributes
                0x00000dbb       0x22 c:/program files (x86)/gnu tools arm embedded/7 2017-q4-major/bin/../lib/gcc/arm-none-eabi/7.2.1/thumb/v7e-m/fpv4-sp/hard\libgcc.a(_arm_unorddf2.o)
 .ARM.attributes
                0x00000ddd       0x22 c:/program files (x86)/gnu tools arm embedded/7 2017-q4-major/bin/../lib/gcc/arm-none-eabi/7.2.1/thumb/v7e-m/fpv4-sp/hard\libgcc.a(_arm_fixdfsi.o)
 .ARM.attributes
                0x00000dff       0x22 c:/program files (x86)/gnu tools arm embedded/7 2017-q4-major/bin/../lib/gcc/arm-none-eabi/7.2.1/thumb/v7e-m/fpv4-sp/hard\libgcc.a(_arm_fixunsdfsi.o)
 .ARM.attributes
                0x00000e21       0x22 c:/program files (x86)/gnu tools arm embedded/7 2017-q4-major/bin/../lib/gcc/arm-none-eabi/7.2.1/thumb/v7e-m/fpv4-sp/hard\libgcc.a(_aeabi_uldivmod.o)
 .ARM.attributes
                0x00000e43       0x34 c:/program files (x86)/gnu tools arm embedded/7 2017-q4-major/bin/../lib/gcc/arm-none-eabi/7.2.1/thumb/v7e-m/fpv4-sp/hard\libgcc.a(_udivmoddi4.o)
 .ARM.attributes
                0x00000e77       0x22 c:/program files (x86)/gnu tools arm embedded/7 2017-q4-major/bin/../lib/gcc/arm-none-eabi/7.2.1/thumb/v7e-m/fpv4-sp/hard\libgcc.a(_dvmd_tls.o)
 .ARM.attributes
                0x00000e99       0x34 c:/program files (x86)/gnu tools arm embedded/7 2017-q4-major/bin/../lib/gcc/arm-none-eabi/7.2.1/../../../../arm-none-eabi/lib/thumb/v7e-m/fpv4-sp/hard\libnosys.a(close.o)
 .ARM.attributes
                0x00000ecd       0x34 c:/program files (x86)/gnu tools arm embedded/7 2017-q4-major/bin/../lib/gcc/arm-none-eabi/7.2.1/../../../../arm-none-eabi/lib/thumb/v7e-m/fpv4-sp/hard\libnosys.a(fstat.o)
 .ARM.attributes
                0x00000f01       0x34 c:/program files (x86)/gnu tools arm embedded/7 2017-q4-major/bin/../lib/gcc/arm-none-eabi/7.2.1/../../../../arm-none-eabi/lib/thumb/v7e-m/fpv4-sp/hard\libnosys.a(isatty.o)
 .ARM.attributes
                0x00000f35       0x34 c:/program files (x86)/gnu tools arm embedded/7 2017-q4-major/bin/../lib/gcc/arm-none-eabi/7.2.1/../../../../arm-none-eabi/lib/thumb/v7e-m/fpv4-sp/hard\libnosys.a(lseek.o)
 .ARM.attributes
                0x00000f69       0x34 c:/program files (x86)/gnu tools arm embedded/7 2017-q4-major/bin/../lib/gcc/arm-none-eabi/7.2.1/../../../../arm-none-eabi/lib/thumb/v7e-m/fpv4-sp/hard\libnosys.a(read.o)
 .ARM.attributes
                0x00000f9d       0x34 c:/program files (x86)/gnu tools arm embedded/7 2017-q4-major/bin/../lib/gcc/arm-none-eabi/7.2.1/../../../../arm-none-eabi/lib/thumb/v7e-m/fpv4-sp/hard\libnosys.a(sbrk.o)
 .ARM.attributes
                0x00000fd1       0x22 c:/program files (x86)/gnu tools arm embedded/7 2017-q4-major/bin/../lib/gcc/arm-none-eabi/7.2.1/thumb/v7e-m/fpv4-sp/hard/crtn.o
OUTPUT(Build/test2.elf elf32-littlearm)

.debug_info     0x00000000    0x1ded3
 .debug_info    0x00000000      0x4a3 Build/printf_config.o
 .debug_info    0x000004a3      0xf5d Build/gpio.o
 .debug_info    0x00001400     0x21bd Build/tim.o
 .debug_info    0x000035bd     0x14d8 Build/usart.o
 .debug_info    0x00004a95     0x122d Build/stm32f4xx_it.o
 .debug_info    0x00005cc2      0xc82 Build/stm32f4xx_hal_msp.o
 .debug_info    0x00006944     0x3478 Build/stm32f4xx_hal_tim.o
 .debug_info    0x00009dbc     0x1612 Build/stm32f4xx_hal_tim_ex.o
 .debug_info    0x0000b3ce     0x18aa Build/stm32f4xx_hal_uart.o
 .debug_info    0x0000cc78      0xb16 Build/stm32f4xx_hal_rcc.o
 .debug_info    0x0000d78e      0x80c Build/stm32f4xx_hal_gpio.o
 .debug_info    0x0000df9a      0xaee Build/stm32f4xx_hal_dma.o
 .debug_info    0x0000ea88     0x101a Build/stm32f4xx_hal_cortex.o
 .debug_info    0x0000faa2      0xaaa Build/stm32f4xx_hal.o
 .debug_info    0x0001054c      0x580 Build/system_stm32f4xx.o
 .debug_info    0x00010acc      0xee9 Build/dma.o
 .debug_info    0x000119b5       0x22 Build/startup_stm32f407xx.o
 .debug_info    0x000119d7     0x2277 Build/actuator.o
 .debug_info    0x00013c4e     0x203a Build/motor.o
 .debug_info    0x00015c88     0x2111 Build/robo_init.o
 .debug_info    0x00017d99     0x16b2 Build/encoder.o
 .debug_info    0x0001944b     0x2000 Build/main.o
 .debug_info    0x0001b44b     0x26a3 Build/joystick.o
 .debug_info    0x0001daee      0x3e5 Build/crc_hash.o

.debug_abbrev   0x00000000     0x4058
 .debug_abbrev  0x00000000      0x193 Build/printf_config.o
 .debug_abbrev  0x00000193      0x20d Build/gpio.o
 .debug_abbrev  0x000003a0      0x2ad Build/tim.o
 .debug_abbrev  0x0000064d      0x24c Build/usart.o
 .debug_abbrev  0x00000899      0x22f Build/stm32f4xx_it.o
 .debug_abbrev  0x00000ac8      0x1e6 Build/stm32f4xx_hal_msp.o
 .debug_abbrev  0x00000cae      0x274 Build/stm32f4xx_hal_tim.o
 .debug_abbrev  0x00000f22      0x26d Build/stm32f4xx_hal_tim_ex.o
 .debug_abbrev  0x0000118f      0x2bf Build/stm32f4xx_hal_uart.o
 .debug_abbrev  0x0000144e      0x28d Build/stm32f4xx_hal_rcc.o
 .debug_abbrev  0x000016db      0x21c Build/stm32f4xx_hal_gpio.o
 .debug_abbrev  0x000018f7      0x2ac Build/stm32f4xx_hal_dma.o
 .debug_abbrev  0x00001ba3      0x33d Build/stm32f4xx_hal_cortex.o
 .debug_abbrev  0x00001ee0      0x1f1 Build/stm32f4xx_hal.o
 .debug_abbrev  0x000020d1      0x110 Build/system_stm32f4xx.o
 .debug_abbrev  0x000021e1      0x216 Build/dma.o
 .debug_abbrev  0x000023f7       0x12 Build/startup_stm32f407xx.o
 .debug_abbrev  0x00002409      0x42f Build/actuator.o
 .debug_abbrev  0x00002838      0x439 Build/motor.o
 .debug_abbrev  0x00002c71      0x4e3 Build/robo_init.o
 .debug_abbrev  0x00003154      0x403 Build/encoder.o
 .debug_abbrev  0x00003557      0x370 Build/main.o
 .debug_abbrev  0x000038c7      0x593 Build/joystick.o
 .debug_abbrev  0x00003e5a      0x1fe Build/crc_hash.o

.debug_loc      0x00000000     0xa90d
 .debug_loc     0x00000000      0x13b Build/printf_config.o
 .debug_loc     0x0000013b       0x39 Build/gpio.o
 .debug_loc     0x00000174      0x3f7 Build/tim.o
 .debug_loc     0x0000056b      0x138 Build/usart.o
 .debug_loc     0x000006a3      0x160 Build/stm32f4xx_it.o
 .debug_loc     0x00000803       0x38 Build/stm32f4xx_hal_msp.o
 .debug_loc     0x0000083b     0x4378 Build/stm32f4xx_hal_tim.o
 .debug_loc     0x00004bb3     0x1602 Build/stm32f4xx_hal_tim_ex.o
 .debug_loc     0x000061b5     0x1a03 Build/stm32f4xx_hal_uart.o
 .debug_loc     0x00007bb8      0x555 Build/stm32f4xx_hal_rcc.o
 .debug_loc     0x0000810d      0x55f Build/stm32f4xx_hal_gpio.o
 .debug_loc     0x0000866c      0xc96 Build/stm32f4xx_hal_dma.o
 .debug_loc     0x00009302      0x65e Build/stm32f4xx_hal_cortex.o
 .debug_loc     0x00009960      0x19d Build/stm32f4xx_hal.o
 .debug_loc     0x00009afd      0x13e Build/system_stm32f4xx.o
 .debug_loc     0x00009c3b       0x38 Build/dma.o
 .debug_loc     0x00009c73      0x20e Build/actuator.o
 .debug_loc     0x00009e81      0x30d Build/motor.o
 .debug_loc     0x0000a18e      0x156 Build/robo_init.o
 .debug_loc     0x0000a2e4      0x2bc Build/encoder.o
 .debug_loc     0x0000a5a0       0x59 Build/main.o
 .debug_loc     0x0000a5f9      0x1b7 Build/joystick.o
 .debug_loc     0x0000a7b0      0x15d Build/crc_hash.o

.debug_aranges  0x00000000      0xdf0
 .debug_aranges
                0x00000000       0x28 Build/printf_config.o
 .debug_aranges
                0x00000028       0x20 Build/gpio.o
 .debug_aranges
                0x00000048       0x68 Build/tim.o
 .debug_aranges
                0x000000b0       0x38 Build/usart.o
 .debug_aranges
                0x000000e8       0xb0 Build/stm32f4xx_it.o
 .debug_aranges
                0x00000198       0x20 Build/stm32f4xx_hal_msp.o
 .debug_aranges
                0x000001b8      0x3a8 Build/stm32f4xx_hal_tim.o
 .debug_aranges
                0x00000560      0x150 Build/stm32f4xx_hal_tim_ex.o
 .debug_aranges
                0x000006b0      0x1d0 Build/stm32f4xx_hal_uart.o
 .debug_aranges
                0x00000880       0x88 Build/stm32f4xx_hal_rcc.o
 .debug_aranges
                0x00000908       0x58 Build/stm32f4xx_hal_gpio.o
 .debug_aranges
                0x00000960       0x90 Build/stm32f4xx_hal_dma.o
 .debug_aranges
                0x000009f0       0xa8 Build/stm32f4xx_hal_cortex.o
 .debug_aranges
                0x00000a98       0xf0 Build/stm32f4xx_hal.o
 .debug_aranges
                0x00000b88       0x28 Build/system_stm32f4xx.o
 .debug_aranges
                0x00000bb0       0x20 Build/dma.o
 .debug_aranges
                0x00000bd0       0x28 Build/startup_stm32f407xx.o
 .debug_aranges
                0x00000bf8       0x60 Build/actuator.o
 .debug_aranges
                0x00000c58       0x48 Build/motor.o
 .debug_aranges
                0x00000ca0       0x40 Build/robo_init.o
 .debug_aranges
                0x00000ce0       0x58 Build/encoder.o
 .debug_aranges
                0x00000d38       0x30 Build/main.o
 .debug_aranges
                0x00000d68       0x60 Build/joystick.o
 .debug_aranges
                0x00000dc8       0x28 Build/crc_hash.o

.debug_ranges   0x00000000      0xd20
 .debug_ranges  0x00000000       0x30 Build/printf_config.o
 .debug_ranges  0x00000030       0x10 Build/gpio.o
 .debug_ranges  0x00000040       0x58 Build/tim.o
 .debug_ranges  0x00000098       0x28 Build/usart.o
 .debug_ranges  0x000000c0       0xa0 Build/stm32f4xx_it.o
 .debug_ranges  0x00000160       0x10 Build/stm32f4xx_hal_msp.o
 .debug_ranges  0x00000170      0x398 Build/stm32f4xx_hal_tim.o
 .debug_ranges  0x00000508      0x140 Build/stm32f4xx_hal_tim_ex.o
 .debug_ranges  0x00000648      0x1c0 Build/stm32f4xx_hal_uart.o
 .debug_ranges  0x00000808       0x90 Build/stm32f4xx_hal_rcc.o
 .debug_ranges  0x00000898       0x48 Build/stm32f4xx_hal_gpio.o
 .debug_ranges  0x000008e0       0x80 Build/stm32f4xx_hal_dma.o
 .debug_ranges  0x00000960       0xf8 Build/stm32f4xx_hal_cortex.o
 .debug_ranges  0x00000a58       0xe0 Build/stm32f4xx_hal.o
 .debug_ranges  0x00000b38       0x18 Build/system_stm32f4xx.o
 .debug_ranges  0x00000b50       0x10 Build/dma.o
 .debug_ranges  0x00000b60       0x20 Build/startup_stm32f407xx.o
 .debug_ranges  0x00000b80       0x50 Build/actuator.o
 .debug_ranges  0x00000bd0       0x38 Build/motor.o
 .debug_ranges  0x00000c08       0x30 Build/robo_init.o
 .debug_ranges  0x00000c38       0x48 Build/encoder.o
 .debug_ranges  0x00000c80       0x20 Build/main.o
 .debug_ranges  0x00000ca0       0x50 Build/joystick.o
 .debug_ranges  0x00000cf0       0x30 Build/crc_hash.o

.debug_line     0x00000000     0x7629
 .debug_line    0x00000000      0x1ba Build/printf_config.o
 .debug_line    0x000001ba      0x277 Build/gpio.o
 .debug_line    0x00000431      0x49c Build/tim.o
 .debug_line    0x000008cd      0x349 Build/usart.o
 .debug_line    0x00000c16      0x3d4 Build/stm32f4xx_it.o
 .debug_line    0x00000fea      0x265 Build/stm32f4xx_hal_msp.o
 .debug_line    0x0000124f     0x1416 Build/stm32f4xx_hal_tim.o
 .debug_line    0x00002665      0x85e Build/stm32f4xx_hal_tim_ex.o
 .debug_line    0x00002ec3      0xb80 Build/stm32f4xx_hal_uart.o
 .debug_line    0x00003a43      0x4b9 Build/stm32f4xx_hal_rcc.o
 .debug_line    0x00003efc      0x389 Build/stm32f4xx_hal_gpio.o
 .debug_line    0x00004285      0x53c Build/stm32f4xx_hal_dma.o
 .debug_line    0x000047c1      0x44d Build/stm32f4xx_hal_cortex.o
 .debug_line    0x00004c0e      0x412 Build/stm32f4xx_hal.o
 .debug_line    0x00005020      0x1cb Build/system_stm32f4xx.o
 .debug_line    0x000051eb      0x258 Build/dma.o
 .debug_line    0x00005443       0x74 Build/startup_stm32f407xx.o
 .debug_line    0x000054b7      0x5e0 Build/actuator.o
 .debug_line    0x00005a97      0x4ed Build/motor.o
 .debug_line    0x00005f84      0x5b3 Build/robo_init.o
 .debug_line    0x00006537      0x3ec Build/encoder.o
 .debug_line    0x00006923      0x4f6 Build/main.o
 .debug_line    0x00006e19      0x62e Build/joystick.o
 .debug_line    0x00007447      0x1e2 Build/crc_hash.o

.debug_str      0x00000000     0x4c1e
 .debug_str     0x00000000      0x268 Build/printf_config.o
                                0x2cd (size before relaxing)
 .debug_str     0x00000268      0x4f5 Build/gpio.o
                                0x79c (size before relaxing)
 .debug_str     0x0000075d      0xc0c Build/tim.o
                               0x1455 (size before relaxing)
 .debug_str     0x00001369      0x20a Build/usart.o
                                0xc43 (size before relaxing)
 .debug_str     0x00001573      0x1b6 Build/stm32f4xx_it.o
                                0xbcf (size before relaxing)
 .debug_str     0x00001729       0x46 Build/stm32f4xx_hal_msp.o
                                0x708 (size before relaxing)
 .debug_str     0x0000176f      0xcca Build/stm32f4xx_hal_tim.o
                               0x14fa (size before relaxing)
 .debug_str     0x00002439      0x423 Build/stm32f4xx_hal_tim_ex.o
                                0xd12 (size before relaxing)
 .debug_str     0x0000285c      0x565 Build/stm32f4xx_hal_uart.o
                                0xc45 (size before relaxing)
 .debug_str     0x00002dc1      0x28c Build/stm32f4xx_hal_rcc.o
                                0x6f0 (size before relaxing)
 .debug_str     0x0000304d      0x117 Build/stm32f4xx_hal_gpio.o
                                0x51d (size before relaxing)
 .debug_str     0x00003164      0x29b Build/stm32f4xx_hal_dma.o
                                0x7a3 (size before relaxing)
 .debug_str     0x000033ff      0x4a5 Build/stm32f4xx_hal_cortex.o
                                0xc57 (size before relaxing)
 .debug_str     0x000038a4      0x292 Build/stm32f4xx_hal.o
                                0xb8c (size before relaxing)
 .debug_str     0x00003b36       0x47 Build/system_stm32f4xx.o
                                0x386 (size before relaxing)
 .debug_str     0x00003b7d       0x1b Build/dma.o
                                0xbf3 (size before relaxing)
 .debug_str     0x00003b98       0x25 Build/startup_stm32f407xx.o
                                 0x49 (size before relaxing)
 .debug_str     0x00003bbd      0x761 Build/actuator.o
                               0x13f2 (size before relaxing)
 .debug_str     0x0000431e       0xb4 Build/motor.o
                               0x1199 (size before relaxing)
 .debug_str     0x000043d2       0xbb Build/robo_init.o
                               0x1312 (size before relaxing)
 .debug_str     0x0000448d      0x20f Build/encoder.o
                                0xecf (size before relaxing)
 .debug_str     0x0000469c       0xb1 Build/main.o
                               0x12ae (size before relaxing)
 .debug_str     0x0000474d      0x496 Build/joystick.o
                               0x1667 (size before relaxing)
 .debug_str     0x00004be3       0x3b Build/crc_hash.o
                                0x31c (size before relaxing)

.comment        0x00000000       0x7e
 .comment       0x00000000       0x7e Build/printf_config.o
                                 0x7f (size before relaxing)
 .comment       0x0000007e       0x7f Build/gpio.o
 .comment       0x0000007e       0x7f Build/tim.o
 .comment       0x0000007e       0x7f Build/usart.o
 .comment       0x0000007e       0x7f Build/stm32f4xx_it.o
 .comment       0x0000007e       0x7f Build/stm32f4xx_hal_msp.o
 .comment       0x0000007e       0x7f Build/stm32f4xx_hal_tim.o
 .comment       0x0000007e       0x7f Build/stm32f4xx_hal_tim_ex.o
 .comment       0x0000007e       0x7f Build/stm32f4xx_hal_uart.o
 .comment       0x0000007e       0x7f Build/stm32f4xx_hal_rcc.o
 .comment       0x0000007e       0x7f Build/stm32f4xx_hal_gpio.o
 .comment       0x0000007e       0x7f Build/stm32f4xx_hal_dma.o
 .comment       0x0000007e       0x7f Build/stm32f4xx_hal_cortex.o
 .comment       0x0000007e       0x7f Build/stm32f4xx_hal.o
 .comment       0x0000007e       0x7f Build/system_stm32f4xx.o
 .comment       0x0000007e       0x7f Build/dma.o
 .comment       0x0000007e       0x7f Build/actuator.o
 .comment       0x0000007e       0x7f Build/motor.o
 .comment       0x0000007e       0x7f Build/robo_init.o
 .comment       0x0000007e       0x7f Build/encoder.o
 .comment       0x0000007e       0x7f Build/main.o
 .comment       0x0000007e       0x7f Build/joystick.o
 .comment       0x0000007e       0x7f Build/crc_hash.o

.debug_frame    0x00000000     0x36a4
 .debug_frame   0x00000000       0x48 Build/printf_config.o
 .debug_frame   0x00000048       0x44 Build/gpio.o
 .debug_frame   0x0000008c      0x158 Build/tim.o
 .debug_frame   0x000001e4       0x8c Build/usart.o
 .debug_frame   0x00000270      0x1c4 Build/stm32f4xx_it.o
 .debug_frame   0x00000434       0x2c Build/stm32f4xx_hal_msp.o
 .debug_frame   0x00000460      0xbc4 Build/stm32f4xx_hal_tim.o
 .debug_frame   0x00001024      0x430 Build/stm32f4xx_hal_tim_ex.o
 .debug_frame   0x00001454      0x57c Build/stm32f4xx_hal_uart.o
 .debug_frame   0x000019d0      0x1c4 Build/stm32f4xx_hal_rcc.o
 .debug_frame   0x00001b94       0xec Build/stm32f4xx_hal_gpio.o
 .debug_frame   0x00001c80      0x1b8 Build/stm32f4xx_hal_dma.o
 .debug_frame   0x00001e38      0x16c Build/stm32f4xx_hal_cortex.o
 .debug_frame   0x00001fa4      0x200 Build/stm32f4xx_hal.o
 .debug_frame   0x000021a4       0x30 Build/system_stm32f4xx.o
 .debug_frame   0x000021d4       0x30 Build/dma.o
 .debug_frame   0x00002204      0x128 Build/actuator.o
 .debug_frame   0x0000232c       0xd4 Build/motor.o